
Optional file libmchp_peripheral.a not found

Optional file libmchp_peripheral_32MX170F256B.a not found
Archive member included because of file (symbol)

c:/program files (x86)/microchip/xc32/v1.42/bin/bin/../../lib/gcc/pic32mx/4.8.3/../../../../pic32mx/lib\libpic32.a(default-bootstrap-exception-handler.o)
                              c:/program files (x86)/microchip/xc32/v1.42/bin/bin/../../lib/gcc/pic32mx/4.8.3/../../../../pic32mx/lib/./proc/32MX170F256B/crt0_mips32r2.o (_bootstrap_exception_handler)
c:/program files (x86)/microchip/xc32/v1.42/bin/bin/../../lib/gcc/pic32mx/4.8.3/../../../../pic32mx/lib\libpic32.a(default-on-reset.o)
                              c:/program files (x86)/microchip/xc32/v1.42/bin/bin/../../lib/gcc/pic32mx/4.8.3/../../../../pic32mx/lib/./proc/32MX170F256B/crt0_mips32r2.o (_on_reset)
c:/program files (x86)/microchip/xc32/v1.42/bin/bin/../../lib/gcc/pic32mx/4.8.3/../../../../pic32mx/lib\libpic32.a(default-on-bootstrap.o)
                              c:/program files (x86)/microchip/xc32/v1.42/bin/bin/../../lib/gcc/pic32mx/4.8.3/../../../../pic32mx/lib/./proc/32MX170F256B/crt0_mips32r2.o (_on_bootstrap)
c:/program files (x86)/microchip/xc32/v1.42/bin/bin/../../lib/gcc/pic32mx/4.8.3/../../../../pic32mx/lib\libpic32.a(default-nmi-handler.o)
                              c:/program files (x86)/microchip/xc32/v1.42/bin/bin/../../lib/gcc/pic32mx/4.8.3/../../../../pic32mx/lib/./proc/32MX170F256B/crt0_mips32r2.o (_nmi_handler)
c:/program files (x86)/microchip/xc32/v1.42/bin/bin/../../lib/gcc/pic32mx/4.8.3/../../../../pic32mx/lib\libpic32.a(general-exception.o)
                              c:/program files (x86)/microchip/xc32/v1.42/bin/bin/../../lib/gcc/pic32mx/4.8.3/../../../../pic32mx/lib/./proc/32MX170F256B/crt0_mips32r2.o (_general_exception_context)
c:/program files (x86)/microchip/xc32/v1.42/bin/bin/../../lib/gcc/pic32mx/4.8.3/../../../../pic32mx/lib\libpic32.a(vector0.o)
                              c:/program files (x86)/microchip/xc32/v1.42/bin/bin/../../lib/gcc/pic32mx/4.8.3/../../../../pic32mx/lib/./proc/32MX170F256B\default_isr_vectors.o (__vector_dispatch_0)
c:/program files (x86)/microchip/xc32/v1.42/bin/bin/../../lib/gcc/pic32mx/4.8.3/../../../../pic32mx/lib\libpic32.a(vector1.o)
                              c:/program files (x86)/microchip/xc32/v1.42/bin/bin/../../lib/gcc/pic32mx/4.8.3/../../../../pic32mx/lib/./proc/32MX170F256B\default_isr_vectors.o (__vector_dispatch_1)
c:/program files (x86)/microchip/xc32/v1.42/bin/bin/../../lib/gcc/pic32mx/4.8.3/../../../../pic32mx/lib\libpic32.a(vector3.o)
                              c:/program files (x86)/microchip/xc32/v1.42/bin/bin/../../lib/gcc/pic32mx/4.8.3/../../../../pic32mx/lib/./proc/32MX170F256B\default_isr_vectors.o (__vector_dispatch_3)
c:/program files (x86)/microchip/xc32/v1.42/bin/bin/../../lib/gcc/pic32mx/4.8.3/../../../../pic32mx/lib\libpic32.a(vector4.o)
                              c:/program files (x86)/microchip/xc32/v1.42/bin/bin/../../lib/gcc/pic32mx/4.8.3/../../../../pic32mx/lib/./proc/32MX170F256B\default_isr_vectors.o (__vector_dispatch_4)
c:/program files (x86)/microchip/xc32/v1.42/bin/bin/../../lib/gcc/pic32mx/4.8.3/../../../../pic32mx/lib\libpic32.a(vector5.o)
                              c:/program files (x86)/microchip/xc32/v1.42/bin/bin/../../lib/gcc/pic32mx/4.8.3/../../../../pic32mx/lib/./proc/32MX170F256B\default_isr_vectors.o (__vector_dispatch_5)
c:/program files (x86)/microchip/xc32/v1.42/bin/bin/../../lib/gcc/pic32mx/4.8.3/../../../../pic32mx/lib\libpic32.a(vector6.o)
                              c:/program files (x86)/microchip/xc32/v1.42/bin/bin/../../lib/gcc/pic32mx/4.8.3/../../../../pic32mx/lib/./proc/32MX170F256B\default_isr_vectors.o (__vector_dispatch_6)
c:/program files (x86)/microchip/xc32/v1.42/bin/bin/../../lib/gcc/pic32mx/4.8.3/../../../../pic32mx/lib\libpic32.a(vector8.o)
                              c:/program files (x86)/microchip/xc32/v1.42/bin/bin/../../lib/gcc/pic32mx/4.8.3/../../../../pic32mx/lib/./proc/32MX170F256B\default_isr_vectors.o (__vector_dispatch_8)
c:/program files (x86)/microchip/xc32/v1.42/bin/bin/../../lib/gcc/pic32mx/4.8.3/../../../../pic32mx/lib\libpic32.a(vector9.o)
                              c:/program files (x86)/microchip/xc32/v1.42/bin/bin/../../lib/gcc/pic32mx/4.8.3/../../../../pic32mx/lib/./proc/32MX170F256B\default_isr_vectors.o (__vector_dispatch_9)
c:/program files (x86)/microchip/xc32/v1.42/bin/bin/../../lib/gcc/pic32mx/4.8.3/../../../../pic32mx/lib\libpic32.a(vector10.o)
                              c:/program files (x86)/microchip/xc32/v1.42/bin/bin/../../lib/gcc/pic32mx/4.8.3/../../../../pic32mx/lib/./proc/32MX170F256B\default_isr_vectors.o (__vector_dispatch_10)
c:/program files (x86)/microchip/xc32/v1.42/bin/bin/../../lib/gcc/pic32mx/4.8.3/../../../../pic32mx/lib\libpic32.a(vector11.o)
[...]
Memory Configuration

Name             Origin             Length             Attributes
kseg0_boot_mem   0x9fc00490         0x00000000
kseg1_boot_mem   0xbfc00000         0x00000490
kseg0_program_mem 0x9d000000         0x0003f000         xr
exception_mem    0x9d03f000         0x00001000
debug_exec_mem   0x9fc00490         0x00000760
config3          0xbfc00bf0         0x00000004
config2          0xbfc00bf4         0x00000004
config1          0xbfc00bf8         0x00000004
config0          0xbfc00bfc         0x00000004
kseg1_data_mem   0xa0000000         0x00010000         w !x
sfrs             0xbf800000         0x00100000
configsfrs       0xbfc00bf0         0x00000010
*default*        0x00000000         0xffffffff

Linker script and memory map


reserve_boot_0x1fc00490_kseg0
                0x9fc00490      0x760
                0x9fc00490        0x2 SHORT 0x0
                0x00000760                . = 0x760
 *fill*         0x9fc00492      0x75e 
                0x9fc00bf0                . = ALIGN (0x4)

reserve_boot_0x1fc00490_kseg1
                0xbfc00490      0x760
                0xbfc00490        0x2 SHORT 0x0
                0x00000760                . = 0x760
 *fill*         0xbfc00492      0x75e 
                0xbfc00bf0                . = ALIGN (0x4)
LOAD c:/program files (x86)/microchip/xc32/v1.42/bin/bin/../../lib/gcc/pic32mx/4.8.3/../../../../pic32mx/lib/./proc/32MX170F256B/crt0_mips32r2.o
LOAD c:/program files (x86)/microchip/xc32/v1.42/bin/bin/../../lib/gcc/pic32mx/4.8.3/../../../../pic32mx/lib\software-debug-break.o
                0x00000001                _DEBUGGER = 0x1
LOAD build/default/debug/_ext/1360937237/app.o
LOAD build/default/debug/_ext/1360937237/main.o
LOAD build/default/debug/_ext/1078824437/centroid.o
LOAD build/default/debug/_ext/1255245923/drv_i2c.o
LOAD build/default/debug/_ext/116167346/drv_usart.o
LOAD build/default/debug/_ext/116167346/drv_usart_byte_model.o
LOAD build/default/debug/_ext/565619703/sys_devcon.o
LOAD build/default/debug/_ext/565619703/sys_devcon_pic32mx.o
LOAD build/default/debug/_ext/1515734680/sys_dma.o
LOAD build/default/debug/_ext/1704461839/sys_int_pic32.o
LOAD build/default/debug/_ext/664138601/drv_pmp_static.o
LOAD build/default/debug/_ext/639803181/sys_clk_static.o
LOAD build/default/debug/_ext/822048611/sys_ports_static.o
LOAD build/default/debug/_ext/1688732426/system_init.o
LOAD build/default/debug/_ext/1688732426/system_interrupt.o
LOAD build/default/debug/_ext/1688732426/system_exceptions.o
LOAD build/default/debug/_ext/1688732426/system_tasks.o
LOAD ..\..\..\..\..\..\..\microchip\harmony\v2_01b\bin\framework\peripheral\PIC32MX170F256B_peripherals.a
                0x00000001                __MPLAB_BUILD = 0x1
                0x00000001                __MPLAB_DEBUG = 0x1
                0x00000001                __DEBUG = 0x1
                0x00000001                __MPLAB_DEBUGGER_PK3 = 0x1
                0x00000000                _min_heap_size = 0x0
LOAD c:/program files (x86)/microchip/xc32/v1.42/bin/bin/../../lib/gcc/pic32mx/4.8.3/../../../../pic32mx/lib/./proc/32MX170F256B\default_isr_vectors.o
LOAD c:/program files (x86)/microchip/xc32/v1.42/bin/bin/../../lib/gcc/pic32mx/4.8.3/../../../../pic32mx/lib\pic32_software_reset.o
                0x00000400                PROVIDE (_min_stack_size, 0x400)
LOAD c:/program files (x86)/microchip/xc32/v1.42/bin/bin/../../lib/gcc/pic32mx/4.8.3/../../../../pic32mx/lib/./proc/32MX170F256B\processor.o
START GROUP
LOAD libmchp_peripheral.a
END GROUP
START GROUP
LOAD libmchp_peripheral_32MX170F256B.a
END GROUP
                0x00000001                PROVIDE (_vector_spacing, 0x1)
                0x9d03f000                PROVIDE (_ebase_address, 0x9d03f000)
                0xbfc00000                _RESET_ADDR = 0xbfc00000
                0xbfc00380                _BEV_EXCPT_ADDR = 0xbfc00380
                0xbfc00480                _DBG_EXCPT_ADDR = 0xbfc00480
                0x9fc00490                _DBG_CODE_ADDR = 0x9fc00490
                0x00000760                _DBG_CODE_SIZE = 0x760
                0x9d03f180                _GEN_EXCPT_ADDR = (_ebase_address + 0x180)

.config_BFC00BF0
                0xbfc00bf0        0x4
 *(.config_BFC00BF0)
 .config_BFC00BF0
                0xbfc00bf0        0x4 build/default/debug/_ext/1688732426/system_init.o

.config_BFC00BF4
                0xbfc00bf4        0x4
 *(.config_BFC00BF4)
 .config_BFC00BF4
                0xbfc00bf4        0x4 build/default/debug/_ext/1688732426/system_init.o

.config_BFC00BF8
                0xbfc00bf8        0x4
 *(.config_BFC00BF8)
 .config_BFC00BF8
                0xbfc00bf8        0x4 build/default/debug/_ext/1688732426/system_init.o

.config_BFC00BFC
                0xbfc00bfc        0x4
 *(.config_BFC00BFC)
 .config_BFC00BFC
                0xbfc00bfc        0x4 build/default/debug/_ext/1688732426/system_init.o
                0xbfc02000                PROVIDE (_DBG_CODE_ADDR, 0xbfc02000)
                0x00000ff0                PROVIDE (_DBG_CODE_SIZE, 0xff0)

.reset          0xbfc00000      0x1e4
 *(.reset)
 .reset         0xbfc00000        0x8 c:/program files (x86)/microchip/xc32/v1.42/bin/bin/../../lib/gcc/pic32mx/4.8.3/../../../../pic32mx/lib/./proc/32MX170F256B/crt0_mips32r2.o
                0xbfc00000                _reset
 *(.reset.startup)
 .reset.startup
                0xbfc00008      0x1dc c:/program files (x86)/microchip/xc32/v1.42/bin/bin/../../lib/gcc/pic32mx/4.8.3/../../../../pic32mx/lib/./proc/32MX170F256B/crt0_mips32r2.o

.bev_excpt      0xbfc00380       0x10
 *(.bev_handler)
 .bev_handler   0xbfc00380       0x10 c:/program files (x86)/microchip/xc32/v1.42/bin/bin/../../lib/gcc/pic32mx/4.8.3/../../../../pic32mx/lib/./proc/32MX170F256B/crt0_mips32r2.o

.dbg_excpt      0xbfc00480        0x8
                0xbfc00480                . = (. + DEFINED (_DEBUGGER)?0x8:0x0)
 *fill*         0xbfc00480        0x8 

.dbg_code       0x9fc00490      0x760
                0x9fc00490                . = (. + DEFINED (_DEBUGGER)?_DBG_CODE_SIZE:0x0)
 *fill*         0x9fc00490      0x760 

.app_excpt      0x9d03f180       0x10
 *(.gen_handler)
 .gen_handler   0x9d03f180       0x10 c:/program files (x86)/microchip/xc32/v1.42/bin/bin/../../lib/gcc/pic32mx/4.8.3/../../../../pic32mx/lib/./proc/32MX170F256B/crt0_mips32r2.o

.vector_0       0x9d03f200        0x8
 *(.vector_0)
 .vector_0      0x9d03f200        0x8 c:/program files (x86)/microchip/xc32/v1.42/bin/bin/../../lib/gcc/pic32mx/4.8.3/../../../../pic32mx/lib\libpic32.a(vector0.o)
                0x9d03f200                __vector_dispatch_0
                0x00000001                ASSERT (((_vector_spacing == 0x0) || (SIZEOF (.vector_0) <= (_vector_spacing << 0x5))), function at exception vector 0 too large)

.vector_1       0x9d03f220        0x8
 *(.vector_1)
 .vector_1      0x9d03f220        0x8 c:/program files (x86)/microchip/xc32/v1.42/bin/bin/../../lib/gcc/pic32mx/4.8.3/../../../../pic32mx/lib\libpic32.a(vector1.o)
                0x9d03f220                __vector_dispatch_1
                0x00000001                ASSERT (((_vector_spacing == 0x0) || (SIZEOF (.vector_1) <= (_vector_spacing << 0x5))), function at exception vector 1 too large)

.vector_2       0x9d03f240        0x8
 *(.vector_2)
 .vector_2      0x9d03f240        0x8 build/default/debug/_ext/1688732426/system_interrupt.o
                0x9d03f240                __vector_dispatch_2
                0x00000001                ASSERT (((_vector_spacing == 0x0) || (SIZEOF (.vector_2) <= (_vector_spacing << 0x5))), function at exception vector 2 too large)

.vector_3       0x9d03f260        0x8
 *(.vector_3)
 .vector_3      0x9d03f260        0x8 c:/program files (x86)/microchip/xc32/v1.42/bin/bin/../../lib/gcc/pic32mx/4.8.3/../../../../pic32mx/lib\libpic32.a(vector3.o)
                0x9d03f260                __vector_dispatch_3
                0x00000001                ASSERT (((_vector_spacing == 0x0) || (SIZEOF (.vector_3) <= (_vector_spacing << 0x5))), function at exception vector 3 too large)

.vector_4       0x9d03f280        0x8
 *(.vector_4)
 .vector_4      0x9d03f280        0x8 c:/program files (x86)/microchip/xc32/v1.42/bin/bin/../../lib/gcc/pic32mx/4.8.3/../../../../pic32mx/lib\libpic32.a(vector4.o)
                0x9d03f280                __vector_dispatch_4
                0x00000001                ASSERT (((_vector_spacing == 0x0) || (SIZEOF (.vector_4) <= (_vector_spacing << 0x5))), function at exception vector 4 too large)

.vector_5       0x9d03f2a0        0x8
 *(.vector_5)
 .vector_5      0x9d03f2a0        0x8 c:/program files (x86)/microchip/xc32/v1.42/bin/bin/../../lib/gcc/pic32mx/4.8.3/../../../../pic32mx/lib\libpic32.a(vector5.o)
                0x9d03f2a0                __vector_dispatch_5
                0x00000001                ASSERT (((_vector_spacing == 0x0) || (SIZEOF (.vector_5) <= (_vector_spacing << 0x5))), function at exception vector 5 too large)

.vector_6       0x9d03f2c0        0x8
 *(.vector_6)
 .vector_6      0x9d03f2c0        0x8 c:/program files (x86)/microchip/xc32/v1.42/bin/bin/../../lib/gcc/pic32mx/4.8.3/../../../../pic32mx/lib\libpic32.a(vector6.o)
                0x9d03f2c0                __vector_dispatch_6
                0x00000001                ASSERT (((_vector_spacing == 0x0) || (SIZEOF (.vector_6) <= (_vector_spacing << 0x5))), function at exception vector 6 too large)

.vector_7       0x9d03f2e0        0x8
 *(.vector_7)
 .vector_7      0x9d03f2e0        0x8 build/default/debug/_ext/1688732426/system_interrupt.o
                0x9d03f2e0                __vector_dispatch_7
                0x00000001                ASSERT (((_vector_spacing == 0x0) || (SIZEOF (.vector_7) <= (_vector_spacing << 0x5))), function at exception vector 7 too large)

.vector_8       0x9d03f300        0x8
 *(.vector_8)
 .vector_8      0x9d03f300        0x8 c:/program files (x86)/microchip/xc32/v1.42/bin/bin/../../lib/gcc/pic32mx/4.8.3/../../../../pic32mx/lib\libpic32.a(vector8.o)
                0x9d03f300                __vector_dispatch_8
                0x00000001                ASSERT (((_vector_spacing == 0x0) || (SIZEOF (.vector_8) <= (_vector_spacing << 0x5))), function at exception vector 8 too large)

.vector_9       0x9d03f320        0x8
 *(.vector_9)
 .vector_9      0x9d03f320        0x8 c:/program files (x86)/microchip/xc32/v1.42/bin/bin/../../lib/gcc/pic32mx/4.8.3/../../../../pic32mx/lib\libpic32.a(vector9.o)
                0x9d03f320                __vector_dispatch_9
                0x00000001                ASSERT (((_vector_spacing == 0x0) || (SIZEOF (.vector_9) <= (_vector_spacing << 0x5))), function at exception vector 9 too large)

.vector_10      0x9d03f340        0x8
 *(.vector_10)
 .vector_10     0x9d03f340        0x8 c:/program files (x86)/microchip/xc32/v1.42/bin/bin/../../lib/gcc/pic32mx/4.8.3/../../../../pic32mx/lib\libpic32.a(vector10.o)
                0x9d03f340                __vector_dispatch_10
                0x00000001                ASSERT (((_vector_spacing == 0x0) || (SIZEOF (.vector_10) <= (_vector_spacing << 0x5))), function at exception vector 10 too large)

.vector_11      0x9d03f360        0x8
 *(.vector_11)
 .vector_11     0x9d03f360        0x8 c:/program files (x86)/microchip/xc32/v1.42/bin/bin/../../lib/gcc/pic32mx/4.8.3/../../../../pic32mx/lib\libpic32.a(vector11.o)
                0x9d03f360                __vector_dispatch_11
                0x00000001                ASSERT (((_vector_spacing == 0x0) || (SIZEOF (.vector_11) <= (_vector_spacing << 0x5))), function at exception vector 11 too large)

.vector_12      0x9d03f380        0x8
 *(.vector_12)
 .vector_12     0x9d03f380        0x8 c:/program files (x86)/microchip/xc32/v1.42/bin/bin/../../lib/gcc/pic32mx/4.8.3/../../../../pic32mx/lib\libpic32.a(vector12.o)
                0x9d03f380                __vector_dispatch_12
                0x00000001                ASSERT (((_vector_spacing == 0x0) || (SIZEOF (.vector_12) <= (_vector_spacing << 0x5))), function at exception vector 12 too large)

.vector_13      0x9d03f3a0        0x8
 *(.vector_13)
 .vector_13     0x9d03f3a0        0x8 c:/program files (x86)/microchip/xc32/v1.42/bin/bin/../../lib/gcc/pic32mx/4.8.3/../../../../pic32mx/lib\libpic32.a(vector13.o)
                0x9d03f3a0                __vector_dispatch_13
                0x00000001                ASSERT (((_vector_spacing == 0x0) || (SIZEOF (.vector_13) <= (_vector_spacing << 0x5))), function at exception vector 13 too large)

.vector_14      0x9d03f3c0        0x8
 *(.vector_14)
 .vector_14     0x9d03f3c0        0x8 c:/program files (x86)/microchip/xc32/v1.42/bin/bin/../../lib/gcc/pic32mx/4.8.3/../../../../pic32mx/lib\libpic32.a(vector14.o)
                0x9d03f3c0                __vector_dispatch_14
                0x00000001                ASSERT (((_vector_spacing == 0x0) || (SIZEOF (.vector_14) <= (_vector_spacing << 0x5))), function at exception vector 14 too large)

.vector_15      0x9d03f3e0        0x8
 *(.vector_15)
 .vector_15     0x9d03f3e0        0x8 build/default/debug/_ext/1688732426/system_interrupt.o
                0x9d03f3e0                __vector_dispatch_15
                0x00000001                ASSERT (((_vector_spacing == 0x0) || (SIZEOF (.vector_15) <= (_vector_spacing << 0x5))), function at exception vector 15 too large)

.vector_16      0x9d03f400        0x8
 *(.vector_16)
 .vector_16     0x9d03f400        0x8 c:/program files (x86)/microchip/xc32/v1.42/bin/bin/../../lib/gcc/pic32mx/4.8.3/../../../../pic32mx/lib\libpic32.a(vector16.o)
                0x9d03f400                __vector_dispatch_16
                0x00000001                ASSERT (((_vector_spacing == 0x0) || (SIZEOF (.vector_16) <= (_vector_spacing << 0x5))), function at exception vector 16 too large)

.vector_17      0x9d03f420        0x8
 *(.vector_17)
 .vector_17     0x9d03f420        0x8 c:/program files (x86)/microchip/xc32/v1.42/bin/bin/../../lib/gcc/pic32mx/4.8.3/../../../../pic32mx/lib\libpic32.a(vector17.o)
                0x9d03f420                __vector_dispatch_17
                0x00000001                ASSERT (((_vector_spacing == 0x0) || (SIZEOF (.vector_17) <= (_vector_spacing << 0x5))), function at exception vector 17 too large)

.vector_18      0x9d03f440        0x8
 *(.vector_18)
 .vector_18     0x9d03f440        0x8 c:/program files (x86)/microchip/xc32/v1.42/bin/bin/../../lib/gcc/pic32mx/4.8.3/../../../../pic32mx/lib\libpic32.a(vector18.o)
                0x9d03f440                __vector_dispatch_18
                0x00000001                ASSERT (((_vector_spacing == 0x0) || (SIZEOF (.vector_18) <= (_vector_spacing << 0x5))), function at exception vector 18 too large)

.vector_19      0x9d03f460        0x8
 *(.vector_19)
 .vector_19     0x9d03f460        0x8 build/default/debug/_ext/1688732426/system_interrupt.o
                0x9d03f460                __vector_dispatch_19
                0x00000001                ASSERT (((_vector_spacing == 0x0) || (SIZEOF (.vector_19) <= (_vector_spacing << 0x5))), function at exception vector 19 too large)

.vector_20      0x9d03f480        0x8
 *(.vector_20)
 .vector_20     0x9d03f480        0x8 c:/program files (x86)/microchip/xc32/v1.42/bin/bin/../../lib/gcc/pic32mx/4.8.3/../../../../pic32mx/lib\libpic32.a(vector20.o)
                0x9d03f480                __vector_dispatch_20
                0x00000001                ASSERT (((_vector_spacing == 0x0) || (SIZEOF (.vector_20) <= (_vector_spacing << 0x5))), function at exception vector 20 too large)

.vector_21      0x9d03f4a0        0x8
 *(.vector_21)
 .vector_21     0x9d03f4a0        0x8 c:/program files (x86)/microchip/xc32/v1.42/bin/bin/../../lib/gcc/pic32mx/4.8.3/../../../../pic32mx/lib\libpic32.a(vector21.o)
                0x9d03f4a0                __vector_dispatch_21
                0x00000001                ASSERT (((_vector_spacing == 0x0) || (SIZEOF (.vector_21) <= (_vector_spacing << 0x5))), function at exception vector 21 too large)

.vector_22      0x9d03f4c0        0x8
 *(.vector_22)
 .vector_22     0x9d03f4c0        0x8 c:/program files (x86)/microchip/xc32/v1.42/bin/bin/../../lib/gcc/pic32mx/4.8.3/../../../../pic32mx/lib\libpic32.a(vector22.o)
                0x9d03f4c0                __vector_dispatch_22
                0x00000001                ASSERT (((_vector_spacing == 0x0) || (SIZEOF (.vector_22) <= (_vector_spacing << 0x5))), function at exception vector 22 too large)

.vector_23      0x9d03f4e0        0x8
 *(.vector_23)
 .vector_23     0x9d03f4e0        0x8 c:/program files (x86)/microchip/xc32/v1.42/bin/bin/../../lib/gcc/pic32mx/4.8.3/../../../../pic32mx/lib\libpic32.a(vector23.o)
                0x9d03f4e0                __vector_dispatch_23
                0x00000001                ASSERT (((_vector_spacing == 0x0) || (SIZEOF (.vector_23) <= (_vector_spacing << 0x5))), function at exception vector 23 too large)

.vector_24      0x9d03f500        0x8
 *(.vector_24)
 .vector_24     0x9d03f500        0x8 c:/program files (x86)/microchip/xc32/v1.42/bin/bin/../../lib/gcc/pic32mx/4.8.3/../../../../pic32mx/lib\libpic32.a(vector24.o)
                0x9d03f500                __vector_dispatch_24
                0x00000001                ASSERT (((_vector_spacing == 0x0) || (SIZEOF (.vector_24) <= (_vector_spacing << 0x5))), function at exception vector 24 too large)

.vector_25      0x9d03f520        0x8
 *(.vector_25)
 .vector_25     0x9d03f520        0x8 c:/program files (x86)/microchip/xc32/v1.42/bin/bin/../../lib/gcc/pic32mx/4.8.3/../../../../pic32mx/lib\libpic32.a(vector25.o)
                0x9d03f520                __vector_dispatch_25
                0x00000001                ASSERT (((_vector_spacing == 0x0) || (SIZEOF (.vector_25) <= (_vector_spacing << 0x5))), function at exception vector 25 too large)

.vector_26      0x9d03f540        0x8
 *(.vector_26)
 .vector_26     0x9d03f540        0x8 c:/program files (x86)/microchip/xc32/v1.42/bin/bin/../../lib/gcc/pic32mx/4.8.3/../../../../pic32mx/lib\libpic32.a(vector26.o)
                0x9d03f540                __vector_dispatch_26
                0x00000001                ASSERT (((_vector_spacing == 0x0) || (SIZEOF (.vector_26) <= (_vector_spacing << 0x5))), function at exception vector 26 too large)

.vector_27      0x9d03f560        0x8
 *(.vector_27)
 .vector_27     0x9d03f560        0x8 c:/program files (x86)/microchip/xc32/v1.42/bin/bin/../../lib/gcc/pic32mx/4.8.3/../../../../pic32mx/lib\libpic32.a(vector27.o)
                0x9d03f560                __vector_dispatch_27
                0x00000001                ASSERT (((_vector_spacing == 0x0) || (SIZEOF (.vector_27) <= (_vector_spacing << 0x5))), function at exception vector 27 too large)

.vector_28      0x9d03f580        0x8
 *(.vector_28)
 .vector_28     0x9d03f580        0x8 c:/program files (x86)/microchip/xc32/v1.42/bin/bin/../../lib/gcc/pic32mx/4.8.3/../../../../pic32mx/lib\libpic32.a(vector28.o)
                0x9d03f580                __vector_dispatch_28
                0x00000001                ASSERT (((_vector_spacing == 0x0) || (SIZEOF (.vector_28) <= (_vector_spacing << 0x5))), function at exception vector 28 too large)

.vector_29      0x9d03f5a0        0x8
 *(.vector_29)
 .vector_29     0x9d03f5a0        0x8 c:/program files (x86)/microchip/xc32/v1.42/bin/bin/../../lib/gcc/pic32mx/4.8.3/../../../../pic32mx/lib\libpic32.a(vector29.o)
                0x9d03f5a0                __vector_dispatch_29
                0x00000001                ASSERT (((_vector_spacing == 0x0) || (SIZEOF (.vector_29) <= (_vector_spacing << 0x5))), function at exception vector 29 too large)

.vector_30      0x9d03f5c0        0x8
 *(.vector_30)
 .vector_30     0x9d03f5c0        0x8 c:/program files (x86)/microchip/xc32/v1.42/bin/bin/../../lib/gcc/pic32mx/4.8.3/../../../../pic32mx/lib\libpic32.a(vector30.o)
                0x9d03f5c0                __vector_dispatch_30
                0x00000001                ASSERT (((_vector_spacing == 0x0) || (SIZEOF (.vector_30) <= (_vector_spacing << 0x5))), function at exception vector 30 too large)

.vector_31      0x9d03f5e0        0x8
 *(.vector_31)
 .vector_31     0x9d03f5e0        0x8 c:/program files (x86)/microchip/xc32/v1.42/bin/bin/../../lib/gcc/pic32mx/4.8.3/../../../../pic32mx/lib\libpic32.a(vector31.o)
                0x9d03f5e0                __vector_dispatch_31
                0x00000001                ASSERT (((_vector_spacing == 0x0) || (SIZEOF (.vector_31) <= (_vector_spacing << 0x5))), function at exception vector 31 too large)

.vector_32      0x9d03f600        0x8
 *(.vector_32)
 .vector_32     0x9d03f600        0x8 build/default/debug/_ext/1688732426/system_interrupt.o
                0x9d03f600                __vector_dispatch_32
                0x00000001                ASSERT (((_vector_spacing == 0x0) || (SIZEOF (.vector_32) <= (_vector_spacing << 0x5))), function at exception vector 32 too large)

.vector_33      0x9d03f620        0x8
 *(.vector_33)
 .vector_33     0x9d03f620        0x8 c:/program files (x86)/microchip/xc32/v1.42/bin/bin/../../lib/gcc/pic32mx/4.8.3/../../../../pic32mx/lib\libpic32.a(vector33.o)
                0x9d03f620                __vector_dispatch_33
                0x00000001                ASSERT (((_vector_spacing == 0x0) || (SIZEOF (.vector_33) <= (_vector_spacing << 0x5))), function at exception vector 33 too large)

.vector_34      0x9d03f640        0x8
 *(.vector_34)
 .vector_34     0x9d03f640        0x8 c:/program files (x86)/microchip/xc32/v1.42/bin/bin/../../lib/gcc/pic32mx/4.8.3/../../../../pic32mx/lib\libpic32.a(vector34.o)
                0x9d03f640                __vector_dispatch_34
                0x00000001                ASSERT (((_vector_spacing == 0x0) || (SIZEOF (.vector_34) <= (_vector_spacing << 0x5))), function at exception vector 34 too large)

.vector_35      0x9d03f660        0x8
 *(.vector_35)
 .vector_35     0x9d03f660        0x8 c:/program files (x86)/microchip/xc32/v1.42/bin/bin/../../lib/gcc/pic32mx/4.8.3/../../../../pic32mx/lib\libpic32.a(vector35.o)
                0x9d03f660                __vector_dispatch_35
                0x00000001                ASSERT (((_vector_spacing == 0x0) || (SIZEOF (.vector_35) <= (_vector_spacing << 0x5))), function at exception vector 35 too large)

.vector_36      0x9d03f680        0x8
 *(.vector_36)
 .vector_36     0x9d03f680        0x8 c:/program files (x86)/microchip/xc32/v1.42/bin/bin/../../lib/gcc/pic32mx/4.8.3/../../../../pic32mx/lib\libpic32.a(vector36.o)
                0x9d03f680                __vector_dispatch_36
                0x00000001                ASSERT (((_vector_spacing == 0x0) || (SIZEOF (.vector_36) <= (_vector_spacing << 0x5))), function at exception vector 36 too large)

.vector_37      0x9d03f6a0        0x8
 *(.vector_37)
 .vector_37     0x9d03f6a0        0x8 c:/program files (x86)/microchip/xc32/v1.42/bin/bin/../../lib/gcc/pic32mx/4.8.3/../../../../pic32mx/lib\libpic32.a(vector37.o)
                0x9d03f6a0                __vector_dispatch_37
                0x00000001                ASSERT (((_vector_spacing == 0x0) || (SIZEOF (.vector_37) <= (_vector_spacing << 0x5))), function at exception vector 37 too large)

.vector_38      0x9d03f6c0        0x8
 *(.vector_38)
 .vector_38     0x9d03f6c0        0x8 build/default/debug/_ext/1688732426/system_interrupt.o
                0x9d03f6c0                __vector_dispatch_38
                0x00000001                ASSERT (((_vector_spacing == 0x0) || (SIZEOF (.vector_38) <= (_vector_spacing << 0x5))), function at exception vector 38 too large)

.vector_39      0x9d03f6e0        0x8
 *(.vector_39)
 .vector_39     0x9d03f6e0        0x8 c:/program files (x86)/microchip/xc32/v1.42/bin/bin/../../lib/gcc/pic32mx/4.8.3/../../../../pic32mx/lib\libpic32.a(vector39.o)
                0x9d03f6e0                __vector_dispatch_39
                0x00000001                ASSERT (((_vector_spacing == 0x0) || (SIZEOF (.vector_39) <= (_vector_spacing << 0x5))), function at exception vector 39 too large)

.vector_40      0x9d03f700        0x8
 *(.vector_40)
 .vector_40     0x9d03f700        0x8 build/default/debug/_ext/1688732426/system_interrupt.o
                0x9d03f700                __vector_dispatch_40
                0x00000001                ASSERT (((_vector_spacing == 0x0) || (SIZEOF (.vector_40) <= (_vector_spacing << 0x5))), function at exception vector 40 too large)

.vector_41      0x9d03f720        0x8
 *(.vector_41)
 .vector_41     0x9d03f720        0x8 c:/program files (x86)/microchip/xc32/v1.42/bin/bin/../../lib/gcc/pic32mx/4.8.3/../../../../pic32mx/lib\libpic32.a(vector41.o)
                0x9d03f720                __vector_dispatch_41
                0x00000001                ASSERT (((_vector_spacing == 0x0) || (SIZEOF (.vector_41) <= (_vector_spacing << 0x5))), function at exception vector 41 too large)

.vector_42      0x9d03f740        0x8
 *(.vector_42)
 .vector_42     0x9d03f740        0x8 c:/program files (x86)/microchip/xc32/v1.42/bin/bin/../../lib/gcc/pic32mx/4.8.3/../../../../pic32mx/lib\libpic32.a(vector42.o)
                0x9d03f740                __vector_dispatch_42
                0x00000001                ASSERT (((_vector_spacing == 0x0) || (SIZEOF (.vector_42) <= (_vector_spacing << 0x5))), function at exception vector 42 too large)

.vector_43      0x9d03f760        0x8
 *(.vector_43)
 .vector_43     0x9d03f760        0x8 c:/program files (x86)/microchip/xc32/v1.42/bin/bin/../../lib/gcc/pic32mx/4.8.3/../../../../pic32mx/lib\libpic32.a(vector43.o)
                0x9d03f760                __vector_dispatch_43
                0x00000001                ASSERT (((_vector_spacing == 0x0) || (SIZEOF (.vector_43) <= (_vector_spacing << 0x5))), function at exception vector 43 too large)

.vector_44      0x9d03f780        0x0
 *(.vector_44)
                0x00000001                ASSERT (((_vector_spacing == 0x0) || (SIZEOF (.vector_44) <= (_vector_spacing << 0x5))), function at exception vector 44 too large)

.vector_45      0x9d03f7a0        0x0
 *(.vector_45)
                0x00000001                ASSERT (((_vector_spacing == 0x0) || (SIZEOF (.vector_45) <= (_vector_spacing << 0x5))), function at exception vector 45 too large)

.vector_46      0x9d03f7c0        0x0
 *(.vector_46)
                0x00000001                ASSERT (((_vector_spacing == 0x0) || (SIZEOF (.vector_46) <= (_vector_spacing << 0x5))), function at exception vector 46 too large)

.vector_47      0x9d03f7e0        0x0
 *(.vector_47)
                0x00000001                ASSERT (((_vector_spacing == 0x0) || (SIZEOF (.vector_47) <= (_vector_spacing << 0x5))), function at exception vector 47 too large)

.vector_48      0x9d03f800        0x0
 *(.vector_48)
                0x00000001                ASSERT (((_vector_spacing == 0x0) || (SIZEOF (.vector_48) <= (_vector_spacing << 0x5))), function at exception vector 48 too large)

.vector_49      0x9d03f820        0x0
 *(.vector_49)
                0x00000001                ASSERT (((_vector_spacing == 0x0) || (SIZEOF (.vector_49) <= (_vector_spacing << 0x5))), function at exception vector 49 too large)

.vector_50      0x9d03f840        0x0
 *(.vector_50)
                0x00000001                ASSERT (((_vector_spacing == 0x0) || (SIZEOF (.vector_50) <= (_vector_spacing << 0x5))), function at exception vector 50 too large)

.vector_51      0x9d03f860        0x0
 *(.vector_51)
                0x00000001                ASSERT (((_vector_spacing == 0x0) || (SIZEOF (.vector_51) <= (_vector_spacing << 0x5))), function at exception vector 51 too large)

.vector_52      0x9d03f880        0x0
 *(.vector_52)
                0x00000001                ASSERT (((_vector_spacing == 0x0) || (SIZEOF (.vector_52) <= (_vector_spacing << 0x5))), function at exception vector 52 too large)

.vector_53      0x9d03f8a0        0x0
 *(.vector_53)
                0x00000001                ASSERT (((_vector_spacing == 0x0) || (SIZEOF (.vector_53) <= (_vector_spacing << 0x5))), function at exception vector 53 too large)

.vector_54      0x9d03f8c0        0x0
 *(.vector_54)
                0x00000001                ASSERT (((_vector_spacing == 0x0) || (SIZEOF (.vector_54) <= (_vector_spacing << 0x5))), function at exception vector 54 too large)

.vector_55      0x9d03f8e0        0x0
 *(.vector_55)
                0x00000001                ASSERT (((_vector_spacing == 0x0) || (SIZEOF (.vector_55) <= (_vector_spacing << 0x5))), function at exception vector 55 too large)

.vector_56      0x9d03f900        0x0
 *(.vector_56)
                0x00000001                ASSERT (((_vector_spacing == 0x0) || (SIZEOF (.vector_56) <= (_vector_spacing << 0x5))), function at exception vector 56 too large)

.vector_57      0x9d03f920        0x0
 *(.vector_57)
                0x00000001                ASSERT (((_vector_spacing == 0x0) || (SIZEOF (.vector_57) <= (_vector_spacing << 0x5))), function at exception vector 57 too large)

.vector_58      0x9d03f940        0x0
 *(.vector_58)
                0x00000001                ASSERT (((_vector_spacing == 0x0) || (SIZEOF (.vector_58) <= (_vector_spacing << 0x5))), function at exception vector 58 too large)

.vector_59      0x9d03f960        0x0
 *(.vector_59)
                0x00000001                ASSERT (((_vector_spacing == 0x0) || (SIZEOF (.vector_59) <= (_vector_spacing << 0x5))), function at exception vector 59 too large)

.vector_60      0x9d03f980        0x0
 *(.vector_60)
                0x00000001                ASSERT (((_vector_spacing == 0x0) || (SIZEOF (.vector_60) <= (_vector_spacing << 0x5))), function at exception vector 60 too large)

.vector_61      0x9d03f9a0        0x0
 *(.vector_61)
                0x00000001                ASSERT (((_vector_spacing == 0x0) || (SIZEOF (.vector_61) <= (_vector_spacing << 0x5))), function at exception vector 61 too large)

.vector_62      0x9d03f9c0        0x0
 *(.vector_62)
                0x00000001                ASSERT (((_vector_spacing == 0x0) || (SIZEOF (.vector_62) <= (_vector_spacing << 0x5))), function at exception vector 62 too large)

.vector_63      0x9d03f9e0        0x0
 *(.vector_63)
                0x00000001                ASSERT (((_vector_spacing == 0x0) || (SIZEOF (.vector_63) <= (_vector_spacing << 0x5))), function at exception vector 63 too large)

.startup
 *(.startup)

.text           0x9d000000        0x0
 *(.stub .gnu.linkonce.t.*)
 *(.text.*personality*)
 *(.mips16.fn.*)
 *(.mips16.call.*)
 *(.gnu.warning)
                0x9d000000                . = ALIGN (0x4)

.init           0x9d000000        0x0
 *crti.o(.init)
 *crtbegin.o(.init)
 *(EXCLUDE_FILE(*crtn.o *crtend?.o *crtend.o) .init)
 *crtend.o(.init)
 *crtn.o(.init)
                0x9d000000                . = ALIGN (0x4)

.fini           0x9d000000        0x0
 *(.fini)
                0x9d000000                . = ALIGN (0x4)

.preinit_array  0x9d000000        0x0
                0x9d000000                PROVIDE (__preinit_array_start, .)
 *(.preinit_array)
                0x9d000000                PROVIDE (__preinit_array_end, .)
                0x9d000000                . = ALIGN (0x4)

.init_array     0x9d000000        0x0
                0x9d000000                PROVIDE (__init_array_start, .)
 *(SORT(.init_array.*))
 *(.init_array)
                0x9d000000                PROVIDE (__init_array_end, .)
                0x9d000000                . = ALIGN (0x4)

.fini_array     0x9d000000        0x0
                0x9d000000                PROVIDE (__fini_array_start, .)
 *(SORT(.fini_array.*))
 *(.fini_array)
                0x9d000000                PROVIDE (__fini_array_end, .)
                0x9d000000                . = ALIGN (0x4)

.ctors          0x9d000000        0x0
 *crtbegin.o(.ctors)
 *crtbegin?.o(.ctors)
 *(EXCLUDE_FILE(*crtend?.o *crtend.o) .ctors)
 *(SORT(.ctors.*))
 *(.ctors)
                0x9d000000                . = ALIGN (0x4)

.dtors          0x9d000000        0x0
 *crtbegin.o(.dtors)
 *crtbegin?.o(.dtors)
 *(EXCLUDE_FILE(*crtend?.o *crtend.o) .dtors)
 *(SORT(.dtors.*))
 *(.dtors)
                0x9d000000                . = ALIGN (0x4)

.rodata         0x9d000000        0x0
 *(.gnu.linkonce.r.*)
 *(.rodata1)
                0x9d000000                . = ALIGN (0x4)

.sdata2         0x9fc00490        0x0
 *(.sdata2 .sdata2.* .gnu.linkonce.s2.*)
                0x9fc00490                . = ALIGN (0x4)

.sbss2          0x9fc00490        0x0
 *(.sbss2 .sbss2.* .gnu.linkonce.sb2.*)
                0x9fc00490                . = ALIGN (0x4)

.eh_frame_hdr
 *(.eh_frame_hdr)
                0x9fc00490                . = ALIGN (0x4)

.eh_frame
 *(.eh_frame)
                0x9fc00490                . = ALIGN (0x4)

.gcc_except_table
 *(.gcc_except_table .gcc_except_table.*)
                0x9fc00490                . = ALIGN (0x4)

.dbg_data       0xa0000000      0x200
                0xa0000000                . = (. + DEFINED (_DEBUGGER)?0x200:0x0)
 *fill*         0xa0000000      0x200 

.jcr            0xa0000200        0x0
 *(.jcr)
                0xa0000200                . = ALIGN (0x4)

.eh_frame
 *(.eh_frame)
                0xa0000200                . = ALIGN (0x4)

.gcc_except_table
 *(.gcc_except_table .gcc_except_table.*)
                0xa0000200                . = ALIGN (0x4)

.persist        0xa0000200        0x0
                0xa0000200                _persist_begin = .
 *(.persist .persist.*)
 *(.pbss .pbss.*)
                0xa0000200                . = ALIGN (0x4)
                0xa0000200                _persist_end = .

.data           0xa0000200        0x0
 *(.gnu.linkonce.d.*)
 *(.data1)
                0xa0000200                . = ALIGN (0x4)
                0xa0000200                . = .
                0xa00081f0                _gp = (ALIGN (0x10) + 0x7ff0)

.got            0xa0000200        0x0
 *(.got.plt)
 *(.got)
                0xa0000200                . = ALIGN (0x4)

.sdata          0xa0000200        0xc
                0xa0000200                _sdata_begin = .
 *(.sdata .sdata.* .gnu.linkonce.s.*)
 .sdata         0xa0000200        0xc build/default/debug/_ext/1360937237/app.o
                0xa0000200                wait_for_vsync
                0xa0000202                frame_row_div_count
                0xa0000204                OV9712_regs
                0xa000020c                . = ALIGN (0x4)
                0xa000020c                _sdata_end = .

.lit8
 *(.lit8)

.lit4
 *(.lit4)
                0xa000020c                . = ALIGN (0x4)
                0xa000020c                _data_end = .
                0xa000020c                _bss_begin = .

.sbss           0xa000020c       0x34
                0xa000020c                _sbss_begin = .
 *(.dynsbss)
 *(.sbss .sbss.* .gnu.linkonce.sb.*)
 .sbss          0xa000020c        0x2 build/default/debug/_ext/1360937237/app.o
                0xa000020c                frame_row_count
 *fill*         0xa000020e        0x2 
 .sbss          0xa0000210        0x4 build/default/debug/_ext/1255245923/drv_i2c.o
 .sbss          0xa0000214        0xc build/default/debug/_ext/1688732426/system_exceptions.o
 *(.scommon)
 .scommon       0xa0000220       0x10 build/default/debug/_ext/1360937237/app.o
                0xa0000220                CENTROIDS_WIDTH
                0xa0000224                CENTROIDS_INTERVAL
                0xa0000228                CENTROIDS_HEIGHT
                0xa000022c                CENTROIDS_THRESH
 .scommon       0xa0000230        0x0 build/default/debug/_ext/1078824437/centroid.o
 .scommon       0xa0000230        0x3 build/default/debug/_ext/1255245923/drv_i2c.o
                0xa0000230                gDrvI2CCommonDataObj
 *fill*         0xa0000233        0x1 
 .scommon       0xa0000234        0x3 build/default/debug/_ext/116167346/drv_usart.o
                0xa0000234                gDrvUSARTCommonDataObj
 *fill*         0xa0000237        0x1 
 .scommon       0xa0000238        0x8 build/default/debug/_ext/565619703/sys_devcon.o
                0xa0000238                sysDevconObj
                0xa0000240                _sbss_end = .
                0xa0000240                . = ALIGN (0x4)

.bss            0xa0000240      0x6bc
 *(.dynbss)
 *(COMMON)
 COMMON         0xa0000240      0x5bc build/default/debug/_ext/1360937237/app.o
                0xa0000240                centroids
                0xa00002ec                appData
 COMMON         0xa00007fc       0xac build/default/debug/_ext/116167346/drv_usart.o
                0xa00007fc                gDrvUSARTClientObj
                0xa0000848                gDrvUSARTObj
 COMMON         0xa00008a8       0x40 build/default/debug/_ext/1515734680/sys_dma.o
                0xa00008a8                gSysDMAChannelObj
 COMMON         0xa00008e8       0x14 build/default/debug/_ext/1688732426/system_init.o
                0xa00008e8                sysObj
                0xa00008fc                . = ALIGN ((. != 0x0)?0x4:0x1)
                0xa00008fc                . = ALIGN (0x4)
                0xa00008fc                _end = .
                0xa00008fc                _bss_end = .
                0x00010000                _bmxdudba_address = 0x10000
                0x00010000                _bmxdupba_address = 0x10000

/DISCARD/
 *(.pdr)
 *(.rel.dyn)
 *(.note.GNU-stack)
 *(.note.GNU-stack)
 *(.gnu_debuglink)
 *(.gnu.lto_*)
 *(.discard)

.gptab.sdata
 *(.gptab.data)
 *(.gptab.sdata)

.gptab.sbss
 *(.gptab.bss)
 *(.gptab.sbss)

.mdebug.abi32   0xa00008fc        0x0
 *(.mdebug.abi32)
 .mdebug.abi32  0xa00008fc        0x0 c:/program files (x86)/microchip/xc32/v1.42/bin/bin/../../lib/gcc/pic32mx/4.8.3/../../../../pic32mx/lib\software-debug-break.o
 .mdebug.abi32  0xa00008fc        0x0 build/default/debug/_ext/1360937237/app.o
 .mdebug.abi32  0xa00008fc        0x0 build/default/debug/_ext/1360937237/main.o
 .mdebug.abi32  0xa00008fc        0x0 build/default/debug/_ext/1078824437/centroid.o
 .mdebug.abi32  0xa00008fc        0x0 build/default/debug/_ext/1255245923/drv_i2c.o
 .mdebug.abi32  0xa00008fc        0x0 build/default/debug/_ext/116167346/drv_usart.o
 .mdebug.abi32  0xa00008fc        0x0 build/default/debug/_ext/116167346/drv_usart_byte_model.o
 .mdebug.abi32  0xa00008fc        0x0 build/default/debug/_ext/565619703/sys_devcon.o
 .mdebug.abi32  0xa00008fc        0x0 build/default/debug/_ext/565619703/sys_devcon_pic32mx.o
 .mdebug.abi32  0xa00008fc        0x0 build/default/debug/_ext/1515734680/sys_dma.o
 .mdebug.abi32  0xa00008fc        0x0 build/default/debug/_ext/1704461839/sys_int_pic32.o
 .mdebug.abi32  0xa00008fc        0x0 build/default/debug/_ext/664138601/drv_pmp_static.o
 .mdebug.abi32  0xa00008fc        0x0 build/default/debug/_ext/639803181/sys_clk_static.o
 .mdebug.abi32  0xa00008fc        0x0 build/default/debug/_ext/822048611/sys_ports_static.o
 .mdebug.abi32  0xa00008fc        0x0 build/default/debug/_ext/1688732426/system_init.o
 .mdebug.abi32  0xa00008fc        0x0 build/default/debug/_ext/1688732426/system_interrupt.o
 .mdebug.abi32  0xa00008fc        0x0 build/default/debug/_ext/1688732426/system_exceptions.o
 .mdebug.abi32  0xa00008fc        0x0 build/default/debug/_ext/1688732426/system_tasks.o
 .mdebug.abi32  0xa00008fc        0x0 c:/program files (x86)/microchip/xc32/v1.42/bin/bin/../../lib/gcc/pic32mx/4.8.3/../../../../pic32mx/lib\libpic32.a(default-bootstrap-exception-handler.o)
 .mdebug.abi32  0xa00008fc        0x0 c:/program files (x86)/microchip/xc32/v1.42/bin/bin/../../lib/gcc/pic32mx/4.8.3/../../../../pic32mx/lib\libpic32.a(default-on-reset.o)
 .mdebug.abi32  0xa00008fc        0x0 c:/program files (x86)/microchip/xc32/v1.42/bin/bin/../../lib/gcc/pic32mx/4.8.3/../../../../pic32mx/lib\libpic32.a(default-on-bootstrap.o)
 .mdebug.abi32  0xa00008fc        0x0 c:/program files (x86)/microchip/xc32/v1.42/bin/bin/../../lib/gcc/pic32mx/4.8.3/../../../../pic32mx/lib\libpic32.a(defaultinterrupt.o)

.mdebug.abiN32
 *(.mdebug.abiN32)

.mdebug.abi64
 *(.mdebug.abi64)

.mdebug.abiO64
 *(.mdebug.abiO64)

.mdebug.eabi32
 *(.mdebug.eabi32)

.mdebug.eabi64
 *(.mdebug.eabi64)

.gcc_compiled_long32
 *(.gcc_compiled_long32)

.gcc_compiled_long64
 *(.gcc_compiled_long64)

.stab
 *(.stab)

.stabstr
 *(.stabstr)

.stab.excl
 *(.stab.excl)

.stab.exclstr
 *(.stab.exclstr)

.stab.index
 *(.stab.index)

.stab.indexstr
 *(.stab.indexstr)

.comment        0x00000000       0x3c
 *(.comment)
 .comment       0x00000000       0x3c c:/program files (x86)/microchip/xc32/v1.42/bin/bin/../../lib/gcc/pic32mx/4.8.3/../../../../pic32mx/lib\software-debug-break.o
                                 0x3d (size before relaxing)
 .comment       0x00000000       0x3d build/default/debug/_ext/1360937237/app.o
 .comment       0x00000000       0x3d build/default/debug/_ext/1360937237/main.o
 .comment       0x00000000       0x3d build/default/debug/_ext/1078824437/centroid.o
 .comment       0x00000000       0x3d build/default/debug/_ext/1255245923/drv_i2c.o
 .comment       0x00000000       0x3d build/default/debug/_ext/116167346/drv_usart.o
 .comment       0x00000000       0x3d build/default/debug/_ext/116167346/drv_usart_byte_model.o
 .comment       0x00000000       0x3d build/default/debug/_ext/565619703/sys_devcon.o
 .comment       0x00000000       0x3d build/default/debug/_ext/565619703/sys_devcon_pic32mx.o
 .comment       0x00000000       0x3d build/default/debug/_ext/1515734680/sys_dma.o
 .comment       0x00000000       0x3d build/default/debug/_ext/1704461839/sys_int_pic32.o
 .comment       0x00000000       0x3d build/default/debug/_ext/664138601/drv_pmp_static.o
 .comment       0x00000000       0x3d build/default/debug/_ext/639803181/sys_clk_static.o
 .comment       0x00000000       0x3d build/default/debug/_ext/822048611/sys_ports_static.o
 .comment       0x00000000       0x3d build/default/debug/_ext/1688732426/system_init.o
 .comment       0x00000000       0x3d build/default/debug/_ext/1688732426/system_interrupt.o
 .comment       0x00000000       0x3d build/default/debug/_ext/1688732426/system_exceptions.o
 .comment       0x00000000       0x3d build/default/debug/_ext/1688732426/system_tasks.o
 .comment       0x00000000       0x3d c:/program files (x86)/microchip/xc32/v1.42/bin/bin/../../lib/gcc/pic32mx/4.8.3/../../../../pic32mx/lib\libpic32.a(default-bootstrap-exception-handler.o)
 .comment       0x00000000       0x3d c:/program files (x86)/microchip/xc32/v1.42/bin/bin/../../lib/gcc/pic32mx/4.8.3/../../../../pic32mx/lib\libpic32.a(default-on-reset.o)
 .comment       0x00000000       0x3d c:/program files (x86)/microchip/xc32/v1.42/bin/bin/../../lib/gcc/pic32mx/4.8.3/../../../../pic32mx/lib\libpic32.a(default-on-bootstrap.o)
 .comment       0x00000000       0x3d c:/program files (x86)/microchip/xc32/v1.42/bin/bin/../../lib/gcc/pic32mx/4.8.3/../../../../pic32mx/lib\libpic32.a(defaultinterrupt.o)

.debug
 *(.debug)

.line
 *(.line)

.debug_srcinfo
 *(.debug_srcinfo)

.debug_sfnames
 *(.debug_sfnames)

.debug_aranges  0x00000000      0x7c0
 *(.debug_aranges)
 .debug_aranges
                0x00000000       0x20 c:/program files (x86)/microchip/xc32/v1.42/bin/bin/../../lib/gcc/pic32mx/4.8.3/../../../../pic32mx/lib\software-debug-break.o
 .debug_aranges
                0x00000020       0x88 build/default/debug/_ext/1360937237/app.o
 .debug_aranges
                0x000000a8       0x20 build/default/debug/_ext/1360937237/main.o
 .debug_aranges
                0x000000c8       0x48 build/default/debug/_ext/1078824437/centroid.o
 .debug_aranges
                0x00000110      0x100 build/default/debug/_ext/1255245923/drv_i2c.o
 .debug_aranges
                0x00000210       0xd8 build/default/debug/_ext/116167346/drv_usart.o
 .debug_aranges
                0x000002e8       0x48 build/default/debug/_ext/116167346/drv_usart_byte_model.o
 .debug_aranges
                0x00000330       0x78 build/default/debug/_ext/565619703/sys_devcon.o
 .debug_aranges
                0x000003a8       0x20 build/default/debug/_ext/565619703/sys_devcon_pic32mx.o
 .debug_aranges
                0x000003c8       0xe8 build/default/debug/_ext/1515734680/sys_dma.o
 .debug_aranges
                0x000004b0       0x48 build/default/debug/_ext/1704461839/sys_int_pic32.o
 .debug_aranges
                0x000004f8       0x40 build/default/debug/_ext/664138601/drv_pmp_static.o
 .debug_aranges
                0x00000538       0x50 build/default/debug/_ext/639803181/sys_clk_static.o
 .debug_aranges
                0x00000588      0x108 build/default/debug/_ext/822048611/sys_ports_static.o
 .debug_aranges
                0x00000690       0x20 build/default/debug/_ext/1688732426/system_init.o
 .debug_aranges
                0x000006b0       0x50 build/default/debug/_ext/1688732426/system_interrupt.o
 .debug_aranges
                0x00000700       0x20 build/default/debug/_ext/1688732426/system_exceptions.o
 .debug_aranges
                0x00000720       0x20 build/default/debug/_ext/1688732426/system_tasks.o
 .debug_aranges
                0x00000740       0x20 c:/program files (x86)/microchip/xc32/v1.42/bin/bin/../../lib/gcc/pic32mx/4.8.3/../../../../pic32mx/lib\libpic32.a(default-bootstrap-exception-handler.o)
 .debug_aranges
                0x00000760       0x20 c:/program files (x86)/microchip/xc32/v1.42/bin/bin/../../lib/gcc/pic32mx/4.8.3/../../../../pic32mx/lib\libpic32.a(default-on-reset.o)
 .debug_aranges
                0x00000780       0x20 c:/program files (x86)/microchip/xc32/v1.42/bin/bin/../../lib/gcc/pic32mx/4.8.3/../../../../pic32mx/lib\libpic32.a(default-on-bootstrap.o)
 .debug_aranges
                0x000007a0       0x20 c:/program files (x86)/microchip/xc32/v1.42/bin/bin/../../lib/gcc/pic32mx/4.8.3/../../../../pic32mx/lib\libpic32.a(defaultinterrupt.o)

.debug_pubnames
 *(.debug_pubnames)

.debug_info     0x00000000    0x2ed0f
 *(.debug_info .gnu.linkonce.wi.*)
 .debug_info    0x00000000       0xe5 c:/program files (x86)/microchip/xc32/v1.42/bin/bin/../../lib/gcc/pic32mx/4.8.3/../../../../pic32mx/lib\software-debug-break.o
 .debug_info    0x000000e5     0x3c42 build/default/debug/_ext/1360937237/app.o
 .debug_info    0x00003d27      0x1ae build/default/debug/_ext/1360937237/main.o
 .debug_info    0x00003ed5      0x641 build/default/debug/_ext/1078824437/centroid.o
 .debug_info    0x00004516     0x8950 build/default/debug/_ext/1255245923/drv_i2c.o
 .debug_info    0x0000ce66     0x5e29 build/default/debug/_ext/116167346/drv_usart.o
 .debug_info    0x00012c8f     0x2a6b build/default/debug/_ext/116167346/drv_usart_byte_model.o
 .debug_info    0x000156fa     0x1676 build/default/debug/_ext/565619703/sys_devcon.o
 .debug_info    0x00016d70     0x1086 build/default/debug/_ext/565619703/sys_devcon_pic32mx.o
 .debug_info    0x00017df6     0x6a06 build/default/debug/_ext/1515734680/sys_dma.o
 .debug_info    0x0001e7fc     0x131c build/default/debug/_ext/1704461839/sys_int_pic32.o
 .debug_info    0x0001fb18     0x128e build/default/debug/_ext/664138601/drv_pmp_static.o
 .debug_info    0x00020da6     0x2138 build/default/debug/_ext/639803181/sys_clk_static.o
 .debug_info    0x00022ede     0x3e8c build/default/debug/_ext/822048611/sys_ports_static.o
 .debug_info    0x00026d6a     0x3b64 build/default/debug/_ext/1688732426/system_init.o
 .debug_info    0x0002a8ce     0x1d09 build/default/debug/_ext/1688732426/system_interrupt.o
 .debug_info    0x0002c5d7     0x128f build/default/debug/_ext/1688732426/system_exceptions.o
 .debug_info    0x0002d866     0x1125 build/default/debug/_ext/1688732426/system_tasks.o
 .debug_info    0x0002e98b       0xf5 c:/program files (x86)/microchip/xc32/v1.42/bin/bin/../../lib/gcc/pic32mx/4.8.3/../../../../pic32mx/lib\libpic32.a(default-bootstrap-exception-handler.o)
 .debug_info    0x0002ea80       0xcf c:/program files (x86)/microchip/xc32/v1.42/bin/bin/../../lib/gcc/pic32mx/4.8.3/../../../../pic32mx/lib\libpic32.a(default-on-reset.o)
 .debug_info    0x0002eb4f       0xd7 c:/program files (x86)/microchip/xc32/v1.42/bin/bin/../../lib/gcc/pic32mx/4.8.3/../../../../pic32mx/lib\libpic32.a(default-on-bootstrap.o)
 .debug_info    0x0002ec26       0xe9 c:/program files (x86)/microchip/xc32/v1.42/bin/bin/../../lib/gcc/pic32mx/4.8.3/../../../../pic32mx/lib\libpic32.a(defaultinterrupt.o)

.debug_abbrev   0x00000000     0x2c5f
 *(.debug_abbrev)
 .debug_abbrev  0x00000000       0x28 c:/program files (x86)/microchip/xc32/v1.42/bin/bin/../../lib/gcc/pic32mx/4.8.3/../../../../pic32mx/lib\software-debug-break.o
 .debug_abbrev  0x00000028      0x429 build/default/debug/_ext/1360937237/app.o
 .debug_abbrev  0x00000451       0x93 build/default/debug/_ext/1360937237/main.o
 .debug_abbrev  0x000004e4      0x164 build/default/debug/_ext/1078824437/centroid.o
 .debug_abbrev  0x00000648      0x489 build/default/debug/_ext/1255245923/drv_i2c.o
 .debug_abbrev  0x00000ad1      0x4be build/default/debug/_ext/116167346/drv_usart.o
 .debug_abbrev  0x00000f8f      0x331 build/default/debug/_ext/116167346/drv_usart_byte_model.o
 .debug_abbrev  0x000012c0      0x2d4 build/default/debug/_ext/565619703/sys_devcon.o
 .debug_abbrev  0x00001594      0x204 build/default/debug/_ext/565619703/sys_devcon_pic32mx.o
 .debug_abbrev  0x00001798      0x428 build/default/debug/_ext/1515734680/sys_dma.o
 .debug_abbrev  0x00001bc0      0x240 build/default/debug/_ext/1704461839/sys_int_pic32.o
 .debug_abbrev  0x00001e00      0x1cc build/default/debug/_ext/664138601/drv_pmp_static.o
 .debug_abbrev  0x00001fcc      0x26b build/default/debug/_ext/639803181/sys_clk_static.o
 .debug_abbrev  0x00002237      0x298 build/default/debug/_ext/822048611/sys_ports_static.o
 .debug_abbrev  0x000024cf      0x2f1 build/default/debug/_ext/1688732426/system_init.o
 .debug_abbrev  0x000027c0      0x1f6 build/default/debug/_ext/1688732426/system_interrupt.o
 .debug_abbrev  0x000029b6       0xef build/default/debug/_ext/1688732426/system_exceptions.o
 .debug_abbrev  0x00002aa5      0x11a build/default/debug/_ext/1688732426/system_tasks.o
 .debug_abbrev  0x00002bbf       0x28 c:/program files (x86)/microchip/xc32/v1.42/bin/bin/../../lib/gcc/pic32mx/4.8.3/../../../../pic32mx/lib\libpic32.a(default-bootstrap-exception-handler.o)
 .debug_abbrev  0x00002be7       0x28 c:/program files (x86)/microchip/xc32/v1.42/bin/bin/../../lib/gcc/pic32mx/4.8.3/../../../../pic32mx/lib\libpic32.a(default-on-reset.o)
 .debug_abbrev  0x00002c0f       0x28 c:/program files (x86)/microchip/xc32/v1.42/bin/bin/../../lib/gcc/pic32mx/4.8.3/../../../../pic32mx/lib\libpic32.a(default-on-bootstrap.o)
 .debug_abbrev  0x00002c37       0x28 c:/program files (x86)/microchip/xc32/v1.42/bin/bin/../../lib/gcc/pic32mx/4.8.3/../../../../pic32mx/lib\libpic32.a(defaultinterrupt.o)

.debug_line     0x00000000     0x6ce1
 *(.debug_line)
 .debug_line    0x00000000       0x9c c:/program files (x86)/microchip/xc32/v1.42/bin/bin/../../lib/gcc/pic32mx/4.8.3/../../../../pic32mx/lib\software-debug-break.o
 .debug_line    0x0000009c      0x618 build/default/debug/_ext/1360937237/app.o
 .debug_line    0x000006b4       0xbf build/default/debug/_ext/1360937237/main.o
 .debug_line    0x00000773      0x1b3 build/default/debug/_ext/1078824437/centroid.o
 .debug_line    0x00000926     0x14c0 build/default/debug/_ext/1255245923/drv_i2c.o
 .debug_line    0x00001de6      0xcfb build/default/debug/_ext/116167346/drv_usart.o
 .debug_line    0x00002ae1      0x5d4 build/default/debug/_ext/116167346/drv_usart_byte_model.o
 .debug_line    0x000030b5      0x5a4 build/default/debug/_ext/565619703/sys_devcon.o
 .debug_line    0x00003659      0x347 build/default/debug/_ext/565619703/sys_devcon_pic32mx.o
 .debug_line    0x000039a0      0xce1 build/default/debug/_ext/1515734680/sys_dma.o
 .debug_line    0x00004681      0x349 build/default/debug/_ext/1704461839/sys_int_pic32.o
 .debug_line    0x000049ca      0x37b build/default/debug/_ext/664138601/drv_pmp_static.o
 .debug_line    0x00004d45      0x4e7 build/default/debug/_ext/639803181/sys_clk_static.o
 .debug_line    0x0000522c      0x87f build/default/debug/_ext/822048611/sys_ports_static.o
 .debug_line    0x00005aab      0x793 build/default/debug/_ext/1688732426/system_init.o
 .debug_line    0x0000623e      0x467 build/default/debug/_ext/1688732426/system_interrupt.o
 .debug_line    0x000066a5      0x18f build/default/debug/_ext/1688732426/system_exceptions.o
 .debug_line    0x00006834      0x22c build/default/debug/_ext/1688732426/system_tasks.o
 .debug_line    0x00006a60       0xa9 c:/program files (x86)/microchip/xc32/v1.42/bin/bin/../../lib/gcc/pic32mx/4.8.3/../../../../pic32mx/lib\libpic32.a(default-bootstrap-exception-handler.o)
 .debug_line    0x00006b09       0x96 c:/program files (x86)/microchip/xc32/v1.42/bin/bin/../../lib/gcc/pic32mx/4.8.3/../../../../pic32mx/lib\libpic32.a(default-on-reset.o)
 .debug_line    0x00006b9f       0x9a c:/program files (x86)/microchip/xc32/v1.42/bin/bin/../../lib/gcc/pic32mx/4.8.3/../../../../pic32mx/lib\libpic32.a(default-on-bootstrap.o)
 .debug_line    0x00006c39       0xa8 c:/program files (x86)/microchip/xc32/v1.42/bin/bin/../../lib/gcc/pic32mx/4.8.3/../../../../pic32mx/lib\libpic32.a(defaultinterrupt.o)

.debug_frame    0x00000000     0x1184
 *(.debug_frame)
 .debug_frame   0x00000000       0x20 c:/program files (x86)/microchip/xc32/v1.42/bin/bin/../../lib/gcc/pic32mx/4.8.3/../../../../pic32mx/lib\software-debug-break.o
 .debug_frame   0x00000020      0x148 build/default/debug/_ext/1360937237/app.o
 .debug_frame   0x00000168       0x28 build/default/debug/_ext/1360937237/main.o
 .debug_frame   0x00000190       0xc0 build/default/debug/_ext/1078824437/centroid.o
 .debug_frame   0x00000250      0x298 build/default/debug/_ext/1255245923/drv_i2c.o
 .debug_frame   0x000004e8      0x254 build/default/debug/_ext/116167346/drv_usart.o
 .debug_frame   0x0000073c       0xa0 build/default/debug/_ext/116167346/drv_usart_byte_model.o
 .debug_frame   0x000007dc       0xe8 build/default/debug/_ext/565619703/sys_devcon.o
 .debug_frame   0x000008c4       0x28 build/default/debug/_ext/565619703/sys_devcon_pic32mx.o
 .debug_frame   0x000008ec      0x1e4 build/default/debug/_ext/1515734680/sys_dma.o
 .debug_frame   0x00000ad0       0x90 build/default/debug/_ext/1704461839/sys_int_pic32.o
 .debug_frame   0x00000b60       0x60 build/default/debug/_ext/664138601/drv_pmp_static.o
 .debug_frame   0x00000bc0       0xa0 build/default/debug/_ext/639803181/sys_clk_static.o
 .debug_frame   0x00000c60      0x1f0 build/default/debug/_ext/822048611/sys_ports_static.o
 .debug_frame   0x00000e50       0x30 build/default/debug/_ext/1688732426/system_init.o
 .debug_frame   0x00000e80      0x228 build/default/debug/_ext/1688732426/system_interrupt.o
 .debug_frame   0x000010a8       0x28 build/default/debug/_ext/1688732426/system_exceptions.o
 .debug_frame   0x000010d0       0x28 build/default/debug/_ext/1688732426/system_tasks.o
 .debug_frame   0x000010f8       0x2c c:/program files (x86)/microchip/xc32/v1.42/bin/bin/../../lib/gcc/pic32mx/4.8.3/../../../../pic32mx/lib\libpic32.a(default-bootstrap-exception-handler.o)
 .debug_frame   0x00001124       0x20 c:/program files (x86)/microchip/xc32/v1.42/bin/bin/../../lib/gcc/pic32mx/4.8.3/../../../../pic32mx/lib\libpic32.a(default-on-reset.o)
 .debug_frame   0x00001144       0x20 c:/program files (x86)/microchip/xc32/v1.42/bin/bin/../../lib/gcc/pic32mx/4.8.3/../../../../pic32mx/lib\libpic32.a(default-on-bootstrap.o)
 .debug_frame   0x00001164       0x20 c:/program files (x86)/microchip/xc32/v1.42/bin/bin/../../lib/gcc/pic32mx/4.8.3/../../../../pic32mx/lib\libpic32.a(defaultinterrupt.o)

.debug_str      0x00000000      0x676
 *(.debug_str)
 .debug_str     0x00000000        0x0 c:/program files (x86)/microchip/xc32/v1.42/bin/bin/../../lib/gcc/pic32mx/4.8.3/../../../../pic32mx/lib\software-debug-break.o
 .debug_str     0x00000000       0x34 build/default/debug/_ext/1360937237/app.o
 .debug_str     0x00000034        0x0 build/default/debug/_ext/1360937237/main.o
 .debug_str     0x00000034        0x0 build/default/debug/_ext/1078824437/centroid.o
 .debug_str     0x00000034      0x145 build/default/debug/_ext/1255245923/drv_i2c.o
 .debug_str     0x00000179      0x1bb build/default/debug/_ext/116167346/drv_usart.o
 .debug_str     0x00000334       0x2e build/default/debug/_ext/116167346/drv_usart_byte_model.o
 .debug_str     0x00000362       0x16 build/default/debug/_ext/565619703/sys_devcon.o
 .debug_str     0x00000378        0x6 build/default/debug/_ext/565619703/sys_devcon_pic32mx.o
 .debug_str     0x0000037e      0x145 build/default/debug/_ext/1515734680/sys_dma.o
 .debug_str     0x000004c3       0x2d build/default/debug/_ext/1704461839/sys_int_pic32.o
 .debug_str     0x000004f0       0x40 build/default/debug/_ext/664138601/drv_pmp_static.o
 .debug_str     0x00000530       0x6f build/default/debug/_ext/639803181/sys_clk_static.o
 .debug_str     0x0000059f       0xa1 build/default/debug/_ext/822048611/sys_ports_static.o
 .debug_str     0x00000640       0x36 build/default/debug/_ext/1688732426/system_init.o
 .debug_str     0x00000676        0x0 build/default/debug/_ext/1688732426/system_interrupt.o
 .debug_str     0x00000676        0x0 build/default/debug/_ext/1688732426/system_exceptions.o
 .debug_str     0x00000676        0x0 build/default/debug/_ext/1688732426/system_tasks.o
 .debug_str     0x00000676        0x0 c:/program files (x86)/microchip/xc32/v1.42/bin/bin/../../lib/gcc/pic32mx/4.8.3/../../../../pic32mx/lib\libpic32.a(default-bootstrap-exception-handler.o)
 .debug_str     0x00000676        0x0 c:/program files (x86)/microchip/xc32/v1.42/bin/bin/../../lib/gcc/pic32mx/4.8.3/../../../../pic32mx/lib\libpic32.a(default-on-reset.o)
 .debug_str     0x00000676        0x0 c:/program files (x86)/microchip/xc32/v1.42/bin/bin/../../lib/gcc/pic32mx/4.8.3/../../../../pic32mx/lib\libpic32.a(default-on-bootstrap.o)
 .debug_str     0x00000676        0x0 c:/program files (x86)/microchip/xc32/v1.42/bin/bin/../../lib/gcc/pic32mx/4.8.3/../../../../pic32mx/lib\libpic32.a(defaultinterrupt.o)

.debug_loc      0x00000000     0x8813
 *(.debug_loc)
 .debug_loc     0x00000000      0x4be build/default/debug/_ext/1360937237/app.o
 .debug_loc     0x000004be       0x20 build/default/debug/_ext/1360937237/main.o
 .debug_loc     0x000004de      0x617 build/default/debug/_ext/1078824437/centroid.o
 .debug_loc     0x00000af5     0x3417 build/default/debug/_ext/1255245923/drv_i2c.o
 .debug_loc     0x00003f0c     0x1bcb build/default/debug/_ext/116167346/drv_usart.o
 .debug_loc     0x00005ad7      0x484 build/default/debug/_ext/116167346/drv_usart_byte_model.o
 .debug_loc     0x00005f5b      0x150 build/default/debug/_ext/565619703/sys_devcon.o
 .debug_loc     0x000060ab       0xc3 build/default/debug/_ext/565619703/sys_devcon_pic32mx.o
 .debug_loc     0x0000616e     0x19ee build/default/debug/_ext/1515734680/sys_dma.o
 .debug_loc     0x00007b5c       0xe9 build/default/debug/_ext/1704461839/sys_int_pic32.o
 .debug_loc     0x00007c45       0xc1 build/default/debug/_ext/639803181/sys_clk_static.o
 .debug_loc     0x00007d06      0x9a6 build/default/debug/_ext/822048611/sys_ports_static.o
 .debug_loc     0x000086ac       0x41 build/default/debug/_ext/1688732426/system_init.o
 .debug_loc     0x000086ed       0xe6 build/default/debug/_ext/1688732426/system_interrupt.o
 .debug_loc     0x000087d3       0x20 build/default/debug/_ext/1688732426/system_exceptions.o
 .debug_loc     0x000087f3       0x20 build/default/debug/_ext/1688732426/system_tasks.o

.debug_macinfo
 *(.debug_macinfo)

.debug_weaknames
 *(.debug_weaknames)

.debug_funcnames
 *(.debug_funcnames)

.debug_typenames
 *(.debug_typenames)

.debug_varnames
 *(.debug_varnames)

.debug_pubtypes
 *(.debug_pubtypes)

.debug_ranges   0x00000000      0x868
 *(.debug_ranges)
 .debug_ranges  0x00000000       0x10 c:/program files (x86)/microchip/xc32/v1.42/bin/bin/../../lib/gcc/pic32mx/4.8.3/../../../../pic32mx/lib\software-debug-break.o
 .debug_ranges  0x00000010       0x78 build/default/debug/_ext/1360937237/app.o
 .debug_ranges  0x00000088       0x10 build/default/debug/_ext/1360937237/main.o
 .debug_ranges  0x00000098       0x70 build/default/debug/_ext/1078824437/centroid.o
 .debug_ranges  0x00000108      0x120 build/default/debug/_ext/1255245923/drv_i2c.o
 .debug_ranges  0x00000228      0x160 build/default/debug/_ext/116167346/drv_usart.o
 .debug_ranges  0x00000388       0x38 build/default/debug/_ext/116167346/drv_usart_byte_model.o
 .debug_ranges  0x000003c0       0x68 build/default/debug/_ext/565619703/sys_devcon.o
 .debug_ranges  0x00000428       0x10 build/default/debug/_ext/565619703/sys_devcon_pic32mx.o
 .debug_ranges  0x00000438      0x1c8 build/default/debug/_ext/1515734680/sys_dma.o
 .debug_ranges  0x00000600       0x50 build/default/debug/_ext/1704461839/sys_int_pic32.o
 .debug_ranges  0x00000650       0x30 build/default/debug/_ext/664138601/drv_pmp_static.o
 .debug_ranges  0x00000680       0x40 build/default/debug/_ext/639803181/sys_clk_static.o
 .debug_ranges  0x000006c0       0xf8 build/default/debug/_ext/822048611/sys_ports_static.o
 .debug_ranges  0x000007b8       0x10 build/default/debug/_ext/1688732426/system_init.o
 .debug_ranges  0x000007c8       0x40 build/default/debug/_ext/1688732426/system_interrupt.o
 .debug_ranges  0x00000808       0x10 build/default/debug/_ext/1688732426/system_exceptions.o
 .debug_ranges  0x00000818       0x10 build/default/debug/_ext/1688732426/system_tasks.o
 .debug_ranges  0x00000828       0x10 c:/program files (x86)/microchip/xc32/v1.42/bin/bin/../../lib/gcc/pic32mx/4.8.3/../../../../pic32mx/lib\libpic32.a(default-bootstrap-exception-handler.o)
 .debug_ranges  0x00000838       0x10 c:/program files (x86)/microchip/xc32/v1.42/bin/bin/../../lib/gcc/pic32mx/4.8.3/../../../../pic32mx/lib\libpic32.a(default-on-reset.o)
 .debug_ranges  0x00000848       0x10 c:/program files (x86)/microchip/xc32/v1.42/bin/bin/../../lib/gcc/pic32mx/4.8.3/../../../../pic32mx/lib\libpic32.a(default-on-bootstrap.o)
 .debug_ranges  0x00000858       0x10 c:/program files (x86)/microchip/xc32/v1.42/bin/bin/../../lib/gcc/pic32mx/4.8.3/../../../../pic32mx/lib\libpic32.a(defaultinterrupt.o)

.gnu.attributes
                0x00000000       0x10
 *(.gnu.attributes)
 .gnu.attributes
                0x00000000       0x10 c:/program files (x86)/microchip/xc32/v1.42/bin/bin/../../lib/gcc/pic32mx/4.8.3/../../../../pic32mx/lib\software-debug-break.o
 .gnu.attributes
                0x00000010       0x10 build/default/debug/_ext/1360937237/app.o
 .gnu.attributes
                0x00000020       0x10 build/default/debug/_ext/1360937237/main.o
 .gnu.attributes
                0x00000030       0x10 build/default/debug/_ext/1078824437/centroid.o
 .gnu.attributes
                0x00000040       0x10 build/default/debug/_ext/1255245923/drv_i2c.o
 .gnu.attributes
                0x00000050       0x10 build/default/debug/_ext/116167346/drv_usart.o
 .gnu.attributes
                0x00000060       0x10 build/default/debug/_ext/116167346/drv_usart_byte_model.o
 .gnu.attributes
                0x00000070       0x10 build/default/debug/_ext/565619703/sys_devcon.o
 .gnu.attributes
                0x00000080       0x10 build/default/debug/_ext/565619703/sys_devcon_pic32mx.o
 .gnu.attributes
                0x00000090       0x10 build/default/debug/_ext/1515734680/sys_dma.o
 .gnu.attributes
                0x000000a0       0x10 build/default/debug/_ext/1704461839/sys_int_pic32.o
 .gnu.attributes
                0x000000b0       0x10 build/default/debug/_ext/664138601/drv_pmp_static.o
 .gnu.attributes
                0x000000c0       0x10 build/default/debug/_ext/639803181/sys_clk_static.o
 .gnu.attributes
                0x000000d0       0x10 build/default/debug/_ext/822048611/sys_ports_static.o
 .gnu.attributes
                0x000000e0       0x10 build/default/debug/_ext/1688732426/system_init.o
 .gnu.attributes
                0x000000f0       0x10 build/default/debug/_ext/1688732426/system_interrupt.o
 .gnu.attributes
                0x00000100       0x10 build/default/debug/_ext/1688732426/system_exceptions.o
 .gnu.attributes
                0x00000110       0x10 build/default/debug/_ext/1688732426/system_tasks.o
 .gnu.attributes
                0x00000120       0x10 c:/program files (x86)/microchip/xc32/v1.42/bin/bin/../../lib/gcc/pic32mx/4.8.3/../../../../pic32mx/lib\libpic32.a(default-bootstrap-exception-handler.o)
 .gnu.attributes
                0x00000130       0x10 c:/program files (x86)/microchip/xc32/v1.42/bin/bin/../../lib/gcc/pic32mx/4.8.3/../../../../pic32mx/lib\libpic32.a(default-on-reset.o)
 .gnu.attributes
                0x00000140       0x10 c:/program files (x86)/microchip/xc32/v1.42/bin/bin/../../lib/gcc/pic32mx/4.8.3/../../../../pic32mx/lib\libpic32.a(default-on-bootstrap.o)
 .gnu.attributes
                0x00000150       0x10 c:/program files (x86)/microchip/xc32/v1.42/bin/bin/../../lib/gcc/pic32mx/4.8.3/../../../../pic32mx/lib\libpic32.a(defaultinterrupt.o)
LOAD c:/program files (x86)/microchip/xc32/v1.42/bin/bin/../../lib/gcc/pic32mx/4.8.3\libgcc.a
START GROUP
LOAD c:/program files (x86)/microchip/xc32/v1.42/bin/bin/../../lib/gcc/pic32mx/4.8.3/../../../../pic32mx/lib\libpic32.a
LOAD c:/program files (x86)/microchip/xc32/v1.42/bin/bin/../../lib/gcc/pic32mx/4.8.3/../../../../pic32mx/lib\libdebug.a
LOAD c:/program files (x86)/microchip/xc32/v1.42/bin/bin/../../lib/gcc/pic32mx/4.8.3/../../../../pic32mx/lib\libpic32.a
LOAD c:/program files (x86)/microchip/xc32/v1.42/bin/bin/../../lib/gcc/pic32mx/4.8.3/../../../../pic32mx/lib\libm.a
LOAD c:/program files (x86)/microchip/xc32/v1.42/bin/bin/../../lib/gcc/pic32mx/4.8.3/../../../../pic32mx/lib\libe.a
LOAD c:/program files (x86)/microchip/xc32/v1.42/bin/bin/../../lib/gcc/pic32mx/4.8.3/../../../../pic32mx/lib\libdsp.a
LOAD c:/program files (x86)/microchip/xc32/v1.42/bin/bin/../../lib/gcc/pic32mx/4.8.3\libgcc.a
LOAD c:/program files (x86)/microchip/xc32/v1.42/bin/bin/../../lib/gcc/pic32mx/4.8.3/../../../../pic32mx/lib\libc.a
LOAD c:/program files (x86)/microchip/xc32/v1.42/bin/bin/../../lib/gcc/pic32mx/4.8.3/../../../../pic32mx/lib\libc.a
LOAD c:/program files (x86)/microchip/xc32/v1.42/bin/bin/../../lib/gcc/pic32mx/4.8.3/../../../../pic32mx/lib\libpic32.a
END GROUP
LOAD c:/program files (x86)/microchip/xc32/v1.42/bin/bin/../../lib/gcc/pic32mx/4.8.3\libgcc.a
OUTPUT(dist/default/debug/CamMod.X.debug.elf elf32-tradlittlemips)
LOAD stack
LOAD data_init

.reginfo        0x00000000       0x18
 .reginfo       0x00000000       0x18 c:/program files (x86)/microchip/xc32/v1.42/bin/bin/../../lib/gcc/pic32mx/4.8.3/../../../../pic32mx/lib/./proc/32MX170F256B/crt0_mips32r2.o

.stack          0xa0000b30      0x400
 .stack         0xa0000b30      0x400 stack

.bss            0xa00008fc      0x218
 .bss           0xa00008fc      0x218 build/default/debug/_ext/1255245923/drv_i2c.o

.text.DRV_I2C_Tasks
                0x9d000000      0x9c8
 .text.DRV_I2C_Tasks
                0x9d000000      0x9c8 build/default/debug/_ext/1255245923/drv_i2c.o
                0x9d000000                DRV_I2C_Tasks

.text.DRV_I2C_Initialize
                0x9d0009c8      0x34c
 .text.DRV_I2C_Initialize
                0x9d0009c8      0x34c build/default/debug/_ext/1255245923/drv_i2c.o
                0x9d0009c8                DRV_I2C_Initialize

.text.getBlobId
                0x9d000d14      0x27c
 .text.getBlobId
                0x9d000d14      0x27c build/default/debug/_ext/1078824437/centroid.o
                0x9d000d14                getBlobId

.text.fpsubadd  0x9d000f90      0x278
 .text.fpsubadd
                0x9d000f90      0x278 c:/program files (x86)/microchip/xc32/v1.42/bin/bin/../../lib/gcc/pic32mx/4.8.3/../../../../pic32mx/lib\libm.a(fp32subadd.o)
                0x9d000f90                fpsub
                0x9d000f90                __subsf3
                0x9d000f98                __addsf3
                0x9d000f98                fpadd

.text.SYS_Initialize
                0x9d001208      0x264
 .text.SYS_Initialize
                0x9d001208      0x264 build/default/debug/_ext/1688732426/system_init.o
                0x9d001208                SYS_Initialize

.text.fp32div   0x9d00146c      0x230
 .text.fp32div  0x9d00146c      0x230 c:/program files (x86)/microchip/xc32/v1.42/bin/bin/../../lib/gcc/pic32mx/4.8.3/../../../../pic32mx/lib\libm.a(fp32div.o)
                0x9d00146c                fpdiv
                0x9d00146c                __divsf3

.text.getCentroids
                0x9d00169c      0x21c
 .text.getCentroids
                0x9d00169c      0x21c build/default/debug/_ext/1078824437/centroid.o
                0x9d00169c                getCentroids

.text.APP_Tasks
                0x9d0018b8      0x1ec
 .text.APP_Tasks
                0x9d0018b8      0x1ec build/default/debug/_ext/1360937237/app.o
                0x9d0018b8                APP_Tasks

.text.DRV_I2C_Transmit
                0x9d001aa4      0x1e4
 .text.DRV_I2C_Transmit
                0x9d001aa4      0x1e4 build/default/debug/_ext/1255245923/drv_i2c.o
                0x9d001aa4                DRV_I2C_Transmit

.text._DRV_I2C_QueueSlotGet
                0x9d001c88      0x1d8
 .text._DRV_I2C_QueueSlotGet
                0x9d001c88      0x1d8 build/default/debug/_ext/1255245923/drv_i2c.o
                0x9d001c88                _DRV_I2C_QueueSlotGet

.text._DRV_USART_HardwareSetup
                0x9d001e60      0x1cc
 .text._DRV_USART_HardwareSetup
                0x9d001e60      0x1cc build/default/debug/_ext/116167346/drv_usart.o
                0x9d001e60                _DRV_USART_HardwareSetup

.text.fp32mul   0x9d00202c      0x1bc
 .text.fp32mul  0x9d00202c      0x1bc c:/program files (x86)/microchip/xc32/v1.42/bin/bin/../../lib/gcc/pic32mx/4.8.3/../../../../pic32mx/lib\libm.a(fp32mul.o)
                0x9d00202c                fpmul
                0x9d00202c                __mulsf3

.text.DRV_USART_Initialize
                0x9d0021e8      0x1a0
 .text.DRV_USART_Initialize
                0x9d0021e8      0x1a0 build/default/debug/_ext/116167346/drv_usart.o
                0x9d0021e8                DRV_USART_Initialize

.text.SYS_DMA_ChannelSetup
                0x9d002388      0x16c
 .text.SYS_DMA_ChannelSetup
                0x9d002388      0x16c build/default/debug/_ext/1515734680/sys_dma.o
                0x9d002388                SYS_DMA_ChannelSetup

.text.SYS_DMA_ChannelTransferAdd
                0x9d0024f4      0x15c
 .text.SYS_DMA_ChannelTransferAdd
                0x9d0024f4      0x15c build/default/debug/_ext/1515734680/sys_dma.o
                0x9d0024f4                SYS_DMA_ChannelTransferAdd

.text._IntHandlerDrvUsartInstance0
                0x9d002650      0x150
 .text._IntHandlerDrvUsartInstance0
                0x9d002650      0x150 build/default/debug/_ext/1688732426/system_interrupt.o
                0x9d002650                _IntHandlerDrvUsartInstance0

.text._IntHandlerExternalInterruptInstance0
                0x9d0027a0      0x140
 .text._IntHandlerExternalInterruptInstance0
                0x9d0027a0      0x140 build/default/debug/_ext/1688732426/system_interrupt.o
                0x9d0027a0                _IntHandlerExternalInterruptInstance0

.text._IntHandlerExternalInterruptInstance1
                0x9d0028e0      0x140
 .text._IntHandlerExternalInterruptInstance1
                0x9d0028e0      0x140 build/default/debug/_ext/1688732426/system_interrupt.o
                0x9d0028e0                _IntHandlerExternalInterruptInstance1

.text._IntHandlerSysDmaCh0
                0x9d002a20      0x138
 .text._IntHandlerSysDmaCh0
                0x9d002a20      0x138 build/default/debug/_ext/1688732426/system_interrupt.o
                0x9d002a20                _IntHandlerSysDmaCh0

.text._IntHandlerDrvI2CInstance0
                0x9d002b58      0x134
 .text._IntHandlerDrvI2CInstance0
                0x9d002b58      0x134 build/default/debug/_ext/1688732426/system_interrupt.o
                0x9d002b58                _IntHandlerDrvI2CInstance0

.text.DRV_USART_Open
                0x9d002c8c      0x12c
 .text.DRV_USART_Open
                0x9d002c8c      0x12c build/default/debug/_ext/116167346/drv_usart.o
                0x9d002c8c                DRV_USART_Open

.text._IntHandlerCoreSoftwareInterruptInstance0
                0x9d002db8      0x12c
 .text._IntHandlerCoreSoftwareInterruptInstance0
                0x9d002db8      0x12c build/default/debug/_ext/1688732426/system_interrupt.o
                0x9d002db8                _IntHandlerCoreSoftwareInterruptInstance0

.rodata         0x9d002ee4      0x128
 .rodata        0x9d002ee4      0x128 build/default/debug/_ext/1688732426/system_exceptions.o

.text.SYS_PORTS_Initialize
                0x9d00300c      0x10c
 .text.SYS_PORTS_Initialize
                0x9d00300c      0x10c build/default/debug/_ext/822048611/sys_ports_static.o
                0x9d00300c                SYS_PORTS_Initialize

.text.SYS_DMA_TasksISR
                0x9d003118       0xf8
 .text.SYS_DMA_TasksISR
                0x9d003118       0xf8 build/default/debug/_ext/1515734680/sys_dma.o
                0x9d003118                SYS_DMA_TasksISR

.text.general_exception
                0x9d003210       0xdc
 .text.general_exception
                0x9d003210       0xdc c:/program files (x86)/microchip/xc32/v1.42/bin/bin/../../lib/gcc/pic32mx/4.8.3/../../../../pic32mx/lib\libpic32.a(general-exception.o)
                0x9d003210                _general_exception_context

.text.DRV_I2C_Open
                0x9d0032ec       0xcc
 .text.DRV_I2C_Open
                0x9d0032ec       0xcc build/default/debug/_ext/1255245923/drv_i2c.o
                0x9d0032ec                DRV_I2C_Open

.text.sendCentroidData
                0x9d0033b8       0xc4
 .text.sendCentroidData
                0x9d0033b8       0xc4 build/default/debug/_ext/1360937237/app.o
                0x9d0033b8                sendCentroidData

.text._DRV_I2C_QueuePush
                0x9d00347c       0xbc
 .text._DRV_I2C_QueuePush
                0x9d00347c       0xbc build/default/debug/_ext/1255245923/drv_i2c.o
                0x9d00347c                _DRV_I2C_QueuePush

.text.DRV_USART_TasksError
                0x9d003538       0xbc
 .text.DRV_USART_TasksError
                0x9d003538       0xbc build/default/debug/_ext/116167346/drv_usart.o
                0x9d003538                DRV_USART_TasksError

.text.Camera_Initialize
                0x9d0035f4       0xb0
 .text.Camera_Initialize
                0x9d0035f4       0xb0 build/default/debug/_ext/1360937237/app.o
                0x9d0035f4                Camera_Initialize

.text.DRV_USART_TasksTransmit
                0x9d0036a4       0xa4
 .text.DRV_USART_TasksTransmit
                0x9d0036a4       0xa4 build/default/debug/_ext/116167346/drv_usart.o
                0x9d0036a4                DRV_USART_TasksTransmit

.text.DRV_USART_TasksReceive
                0x9d003748       0xa4
 .text.DRV_USART_TasksReceive
                0x9d003748       0xa4 build/default/debug/_ext/116167346/drv_usart.o
                0x9d003748                DRV_USART_TasksReceive

.text._DRV_I2C_QueuePop
                0x9d0037ec       0x9c
 .text._DRV_I2C_QueuePop
                0x9d0037ec       0x9c build/default/debug/_ext/1255245923/drv_i2c.o
                0x9d0037ec                _DRV_I2C_QueuePop

.rodata         0x9d003888       0x9c
 .rodata        0x9d003888       0x9c build/default/debug/_ext/1688732426/system_init.o
                0x9d003888                sysDmaInit
                0x9d00388c                sysDevconInit
                0x9d003890                drvUsart0InitData
                0x9d0038d8                drvI2C0InitData

.text.fpcmp     0x9d003924       0x9c
 .text.fpcmp    0x9d003924       0x9c c:/program files (x86)/microchip/xc32/v1.42/bin/bin/../../lib/gcc/pic32mx/4.8.3/../../../../pic32mx/lib\libm.a(fpcmp.o)
                0x9d003924                __nesf2
                0x9d003924                __gtsf2
                0x9d003924                __eqsf2
                0x9d003924                __ltsf2
                0x9d003924                fpcmp
                0x9d003924                __gesf2
                0x9d003924                __lesf2

.text.SYS_CLK_Initialize
                0x9d0039c0       0x90
 .text.SYS_CLK_Initialize
                0x9d0039c0       0x90 build/default/debug/_ext/639803181/sys_clk_static.o
                0x9d0039c0                SYS_CLK_Initialize

.text._DRV_USART_ByteTransmitTasks
                0x9d003a50       0x88
 .text._DRV_USART_ByteTransmitTasks
                0x9d003a50       0x88 build/default/debug/_ext/116167346/drv_usart.o
                0x9d003a50                _DRV_USART_ByteTransmitTasks

.text._IntHandlerExternalInterruptInstance2
                0x9d003ad8       0x88
 .text._IntHandlerExternalInterruptInstance2
                0x9d003ad8       0x88 build/default/debug/_ext/1688732426/system_interrupt.o
                0x9d003ad8                _IntHandlerExternalInterruptInstance2

.text.fptoli    0x9d003b60       0x80
 .text.fptoli   0x9d003b60       0x80 c:/program files (x86)/microchip/xc32/v1.42/bin/bin/../../lib/gcc/pic32mx/4.8.3/../../../../pic32mx/lib\libm.a(fptoli.o)
                0x9d003b60                fptoli
                0x9d003b60                fptosi
                0x9d003b60                __fixsfsi

.dinit          0x9d003be0       0x80
 .dinit         0x9d003be0       0x80 data_init

.text.APP_HSYNC_Interrupt_Handler
                0x9d003c60       0x7c
 .text.APP_HSYNC_Interrupt_Handler
                0x9d003c60       0x7c build/default/debug/_ext/1360937237/app.o
                0x9d003c60                APP_HSYNC_Interrupt_Handler

.text.fptoul    0x9d003cdc       0x7c
 .text.fptoul   0x9d003cdc       0x7c c:/program files (x86)/microchip/xc32/v1.42/bin/bin/../../lib/gcc/pic32mx/4.8.3/../../../../pic32mx/lib\libm.a(fptoul.o)
                0x9d003cdc                __fixunssfsi
                0x9d003cdc                fptoul
                0x9d003cdc                fptoui

.text._DRV_USART_ByteReceiveTasks
                0x9d003d58       0x70
 .text._DRV_USART_ByteReceiveTasks
                0x9d003d58       0x70 build/default/debug/_ext/116167346/drv_usart.o
                0x9d003d58                _DRV_USART_ByteReceiveTasks

.text._DRV_USART_ByteErrorTasks
                0x9d003dc8       0x70
 .text._DRV_USART_ByteErrorTasks
                0x9d003dc8       0x70 build/default/debug/_ext/116167346/drv_usart.o
                0x9d003dc8                _DRV_USART_ByteErrorTasks

.text.DRV_USART_WriteByte
                0x9d003e38       0x70
 .text.DRV_USART_WriteByte
                0x9d003e38       0x70 build/default/debug/_ext/116167346/drv_usart_byte_model.o
                0x9d003e38                DRV_USART_WriteByte

.text.SYS_DMA_Initialize
                0x9d003ea8       0x6c
 .text.SYS_DMA_Initialize
                0x9d003ea8       0x6c build/default/debug/_ext/1515734680/sys_dma.o
                0x9d003ea8                SYS_DMA_Initialize

.text.sitofp    0x9d003f14       0x60
 .text.sitofp   0x9d003f14       0x60 c:/program files (x86)/microchip/xc32/v1.42/bin/bin/../../lib/gcc/pic32mx/4.8.3/../../../../pic32mx/lib\libm.a(sitofp.o)
                0x9d003f14                __floatsisf
                0x9d003f14                litofp
                0x9d003f14                sitofp

.text.SYS_DEVCON_PerformanceConfig
                0x9d003f74       0x5c
 .text.SYS_DEVCON_PerformanceConfig
                0x9d003f74       0x5c build/default/debug/_ext/565619703/sys_devcon_pic32mx.o
                0x9d003f74                SYS_DEVCON_PerformanceConfig

.text.SYS_DMA_ChannelAllocate
                0x9d003fd0       0x5c
 .text.SYS_DMA_ChannelAllocate
                0x9d003fd0       0x5c build/default/debug/_ext/1515734680/sys_dma.o
                0x9d003fd0                SYS_DMA_ChannelAllocate

.text.APP_VSYNC_Interrupt_Handler
                0x9d00402c       0x58
 .text.APP_VSYNC_Interrupt_Handler
                0x9d00402c       0x58 build/default/debug/_ext/1360937237/app.o
                0x9d00402c                APP_VSYNC_Interrupt_Handler

.text.SYS_DEVCON_SystemUnlock
                0x9d004084       0x58
 .text.SYS_DEVCON_SystemUnlock
                0x9d004084       0x58 build/default/debug/_ext/565619703/sys_devcon.o
                0x9d004084                SYS_DEVCON_SystemUnlock

.text.main_entry
                0x9d0040dc       0x54
 .text.main_entry
                0x9d0040dc       0x54 c:/program files (x86)/microchip/xc32/v1.42/bin/bin/../../lib/gcc/pic32mx/4.8.3/../../../../pic32mx/lib/./proc/32MX170F256B/crt0_mips32r2.o
                0x9d004110                __crt0_exit

.text.resetBlobs
                0x9d004130       0x54
 .text.resetBlobs
                0x9d004130       0x54 build/default/debug/_ext/1078824437/centroid.o
                0x9d004130                resetBlobs

.text.SYS_INT_SourceDisable
                0x9d004184       0x54
 .text.SYS_INT_SourceDisable
                0x9d004184       0x54 build/default/debug/_ext/1704461839/sys_int_pic32.o
                0x9d004184                SYS_INT_SourceDisable

.text.DRV_USART_ReadByte
                0x9d0041d8       0x50
 .text.DRV_USART_ReadByte
                0x9d0041d8       0x50 build/default/debug/_ext/116167346/drv_usart_byte_model.o
                0x9d0041d8                DRV_USART_ReadByte

.text.printChar
                0x9d004228       0x4c
 .text.printChar
                0x9d004228       0x4c build/default/debug/_ext/1360937237/app.o
                0x9d004228                printChar

.text.SYS_DEVCON_SystemLock
                0x9d004274       0x48
 .text.SYS_DEVCON_SystemLock
                0x9d004274       0x48 build/default/debug/_ext/565619703/sys_devcon.o
                0x9d004274                SYS_DEVCON_SystemLock

.text._bootstrap_exception_handler
                0x9d0042bc       0x48
 .text._bootstrap_exception_handler
                0x9d0042bc       0x48 c:/program files (x86)/microchip/xc32/v1.42/bin/bin/../../lib/gcc/pic32mx/4.8.3/../../../../pic32mx/lib\libpic32.a(default-bootstrap-exception-handler.o)
                0x9d0042bc                _bootstrap_exception_handler

.vector_default
                0x9d004304       0x48
 .vector_default
                0x9d004304       0x48 c:/program files (x86)/microchip/xc32/v1.42/bin/bin/../../lib/gcc/pic32mx/4.8.3/../../../../pic32mx/lib\libpic32.a(defaultinterrupt.o)
                0x9d004304                _DefaultInterrupt

.text.DRV_PMP0_ModeConfig
                0x9d00434c       0x44
 .text.DRV_PMP0_ModeConfig
                0x9d00434c       0x44 build/default/debug/_ext/664138601/drv_pmp_static.o
                0x9d00434c                DRV_PMP0_ModeConfig

.text._general_exception_handler
                0x9d004390       0x44
 .text._general_exception_handler
                0x9d004390       0x44 build/default/debug/_ext/1688732426/system_exceptions.o
                0x9d004390                _general_exception_handler

.text           0x9d0043d4       0x44
 .text          0x9d0043d4       0x44 c:/program files (x86)/microchip/xc32/v1.42/bin/bin/../../lib/gcc/pic32mx/4.8.3/../../../../pic32mx/lib\pic32_software_reset.o
                0x9d0043d4                __pic32_software_reset

.text._DRV_I2C_IsQueueEmpty
                0x9d004418       0x3c
 .text._DRV_I2C_IsQueueEmpty
                0x9d004418       0x3c build/default/debug/_ext/1255245923/drv_i2c.o
                0x9d004418                _DRV_I2C_IsQueueEmpty

.text.DRV_USART_ReceiverBufferIsEmpty
                0x9d004454       0x38
 .text.DRV_USART_ReceiverBufferIsEmpty
                0x9d004454       0x38 build/default/debug/_ext/116167346/drv_usart_byte_model.o
                0x9d004454                DRV_USART_ReceiverBufferIsEmpty

.text.printTwoBytes
                0x9d00448c       0x34
 .text.printTwoBytes
                0x9d00448c       0x34 build/default/debug/_ext/1360937237/app.o
                0x9d00448c                printTwoBytes

.text.DRV_USART_TransmitBufferIsFull
                0x9d0044c0       0x34
 .text.DRV_USART_TransmitBufferIsFull
                0x9d0044c0       0x34 build/default/debug/_ext/116167346/drv_usart_byte_model.o
                0x9d0044c0                DRV_USART_TransmitBufferIsFull

.text._DRV_I2C_Advance_Queue
                0x9d0044f4       0x30
 .text._DRV_I2C_Advance_Queue
                0x9d0044f4       0x30 build/default/debug/_ext/1255245923/drv_i2c.o
                0x9d0044f4                _DRV_I2C_Advance_Queue

.text._DRV_USART_DriverHandleValidate
                0x9d004524       0x28
 .text._DRV_USART_DriverHandleValidate
                0x9d004524       0x28 build/default/debug/_ext/116167346/drv_usart.o
                0x9d004524                _DRV_USART_DriverHandleValidate

.text.SYS_INT_ExternalInterruptTriggerSet
                0x9d00454c       0x28
 .text.SYS_INT_ExternalInterruptTriggerSet
                0x9d00454c       0x28 build/default/debug/_ext/1704461839/sys_int_pic32.o
                0x9d00454c                SYS_INT_ExternalInterruptTriggerSet

.text.SYS_Tasks
                0x9d004574       0x28
 .text.SYS_Tasks
                0x9d004574       0x28 build/default/debug/_ext/1688732426/system_tasks.o
                0x9d004574                SYS_Tasks

.text.delay     0x9d00459c       0x24
 .text.delay    0x9d00459c       0x24 build/default/debug/_ext/1360937237/app.o
                0x9d00459c                delay

.text.main      0x9d0045c0       0x20
 .text.main     0x9d0045c0       0x20 build/default/debug/_ext/1360937237/main.o
                0x9d0045c0                main

.text.SYS_DMA_ChannelTransferEventHandlerSet
                0x9d0045e0       0x20
 .text.SYS_DMA_ChannelTransferEventHandlerSet
                0x9d0045e0       0x20 build/default/debug/_ext/1515734680/sys_dma.o
                0x9d0045e0                SYS_DMA_ChannelTransferEventHandlerSet

.text.initCentroids
                0x9d004600       0x1c
 .text.initCentroids
                0x9d004600       0x1c build/default/debug/_ext/1078824437/centroid.o
                0x9d004600                initCentroids

.text.DRV_PMP0_Initialize
                0x9d00461c       0x1c
 .text.DRV_PMP0_Initialize
                0x9d00461c       0x1c build/default/debug/_ext/664138601/drv_pmp_static.o
                0x9d00461c                DRV_PMP0_Initialize

.text           0x9d004638       0x18
 .text          0x9d004638       0x18 c:/program files (x86)/microchip/xc32/v1.42/bin/bin/../../lib/gcc/pic32mx/4.8.3/../../../../pic32mx/lib\libpic32.a(default-nmi-handler.o)
                0x9d004638                _nmi_handler

.text.SYS_DEVCON_Initialize
                0x9d004650       0x14
 .text.SYS_DEVCON_Initialize
                0x9d004650       0x14 build/default/debug/_ext/565619703/sys_devcon.o
                0x9d004650                SYS_DEVCON_Initialize

.text.SYS_INT_Initialize
                0x9d004664       0x14
 .text.SYS_INT_Initialize
                0x9d004664       0x14 build/default/debug/_ext/1704461839/sys_int_pic32.o
                0x9d004664                SYS_INT_Initialize

.text.APP_Line_Done_Interrupt_Handler
                0x9d004678       0x10
 .text.APP_Line_Done_Interrupt_Handler
                0x9d004678       0x10 build/default/debug/_ext/1360937237/app.o
                0x9d004678                APP_Line_Done_Interrupt_Handler

.text.__exception_handler_break
                0x9d004688        0xc
 .text.__exception_handler_break
                0x9d004688        0xc c:/program files (x86)/microchip/xc32/v1.42/bin/bin/../../lib/gcc/pic32mx/4.8.3/../../../../pic32mx/lib\software-debug-break.o
                0x9d004688                __exception_handler_break

.text.APP_Initialize
                0x9d004694        0xc
 .text.APP_Initialize
                0x9d004694        0xc build/default/debug/_ext/1360937237/app.o
                0x9d004694                APP_Initialize

.text.SYS_CLK_SystemFrequencyGet
                0x9d0046a0        0xc
 .text.SYS_CLK_SystemFrequencyGet
                0x9d0046a0        0xc build/default/debug/_ext/639803181/sys_clk_static.o
                0x9d0046a0                SYS_CLK_SystemFrequencyGet

.text.SYS_CLK_PeripheralFrequencyGet
                0x9d0046ac        0xc
 .text.SYS_CLK_PeripheralFrequencyGet
                0x9d0046ac        0xc build/default/debug/_ext/639803181/sys_clk_static.o
                0x9d0046ac                SYS_CLK_PeripheralFrequencyGet

.text.App_Frame_Event_Handler
                0x9d0046b8        0x8
 .text.App_Frame_Event_Handler
                0x9d0046b8        0x8 build/default/debug/_ext/1360937237/app.o

.rodata         0x9d0046c0        0x8
 .rodata        0x9d0046c0        0x8 build/default/debug/_ext/1078824437/centroid.o

.text.DRV_I2C_TransferStatusGet
                0x9d0046c8        0x8
 .text.DRV_I2C_TransferStatusGet
                0x9d0046c8        0x8 build/default/debug/_ext/1255245923/drv_i2c.o
                0x9d0046c8                DRV_I2C_TransferStatusGet

.text.SYS_DEVCON_Tasks
                0x9d0046d0        0x8
 .text.SYS_DEVCON_Tasks
                0x9d0046d0        0x8 build/default/debug/_ext/565619703/sys_devcon.o
                0x9d0046d0                SYS_DEVCON_Tasks

.text._on_reset
                0x9d0046d8        0x8
 .text._on_reset
                0x9d0046d8        0x8 c:/program files (x86)/microchip/xc32/v1.42/bin/bin/../../lib/gcc/pic32mx/4.8.3/../../../../pic32mx/lib\libpic32.a(default-on-reset.o)
                0x9d0046d8                _on_reset

.text._on_bootstrap
                0x9d0046e0        0x8
 .text._on_bootstrap
                0x9d0046e0        0x8 c:/program files (x86)/microchip/xc32/v1.42/bin/bin/../../lib/gcc/pic32mx/4.8.3/../../../../pic32mx/lib\libpic32.a(default-on-bootstrap.o)
                0x9d0046e0                _on_bootstrap
