
Optional file libmchp_peripheral.a not found

Optional file libmchp_peripheral_32MX170F256B.a not found
Archive member included because of file (symbol)

c:/program files (x86)/microchip/xc32/v1.42/bin/bin/../../lib/gcc/pic32mx/4.8.3\libgcc.a(floatunsisf.o)
                              build/default/production/_ext/1078824437/centroid.o (__floatunsisf)
c:/program files (x86)/microchip/xc32/v1.42/bin/bin/../../lib/gcc/pic32mx/4.8.3/../../../../pic32mx/lib\libpic32.a(default-bootstrap-exception-handler.o)
                              c:/program files (x86)/microchip/xc32/v1.42/bin/bin/../../lib/gcc/pic32mx/4.8.3/../../../../pic32mx/lib/./proc/32MX170F256B/crt0_mips32r2.o (_bootstrap_exception_handler)
c:/program files (x86)/microchip/xc32/v1.42/bin/bin/../../lib/gcc/pic32mx/4.8.3/../../../../pic32mx/lib\libpic32.a(default-on-reset.o)
                              c:/program files (x86)/microchip/xc32/v1.42/bin/bin/../../lib/gcc/pic32mx/4.8.3/../../../../pic32mx/lib/./proc/32MX170F256B/crt0_mips32r2.o (_on_reset)
c:/program files (x86)/microchip/xc32/v1.42/bin/bin/../../lib/gcc/pic32mx/4.8.3/../../../../pic32mx/lib\libpic32.a(default-on-bootstrap.o)
                              c:/program files (x86)/microchip/xc32/v1.42/bin/bin/../../lib/gcc/pic32mx/4.8.3/../../../../pic32mx/lib/./proc/32MX170F256B/crt0_mips32r2.o (_on_bootstrap)
c:/program files (x86)/microchip/xc32/v1.42/bin/bin/../../lib/gcc/pic32mx/4.8.3/../../../../pic32mx/lib\libpic32.a(default-nmi-handler.o)
                              c:/program files (x86)/microchip/xc32/v1.42/bin/bin/../../lib/gcc/pic32mx/4.8.3/../../../../pic32mx/lib/./proc/32MX170F256B/crt0_mips32r2.o (_nmi_handler)
c:/program files (x86)/microchip/xc32/v1.42/bin/bin/../../lib/gcc/pic32mx/4.8.3/../../../../pic32mx/lib\libpic32.a(general-exception.o)
                              c:/program files (x86)/microchip/xc32/v1.42/bin/bin/../../lib/gcc/pic32mx/4.8.3/../../../../pic32mx/lib/./proc/32MX170F256B/crt0_mips32r2.o (_general_exception_context)
c:/program files (x86)/microchip/xc32/v1.42/bin/bin/../../lib/gcc/pic32mx/4.8.3/../../../../pic32mx/lib\libpic32.a(vector0.o)
                              c:/program files (x86)/microchip/xc32/v1.42/bin/bin/../../lib/gcc/pic32mx/4.8.3/../../../../pic32mx/lib/./proc/32MX170F256B\default_isr_vectors.o (__vector_dispatch_0)
c:/program files (x86)/microchip/xc32/v1.42/bin/bin/../../lib/gcc/pic32mx/4.8.3/../../../../pic32mx/lib\libpic32.a(vector1.o)
                              c:/program files (x86)/microchip/xc32/v1.42/bin/bin/../../lib/gcc/pic32mx/4.8.3/../../../../pic32mx/lib/./proc/32MX170F256B\default_isr_vectors.o (__vector_dispatch_1)
c:/program files (x86)/microchip/xc32/v1.42/bin/bin/../../lib/gcc/pic32mx/4.8.3/../../../../pic32mx/lib\libpic32.a(vector3.o)
                              c:/program files (x86)/microchip/xc32/v1.42/bin/bin/../../lib/gcc/pic32mx/4.8.3/../../../../pic32mx/lib/./proc/32MX170F256B\default_isr_vectors.o (__vector_dispatch_3)
c:/program files (x86)/microchip/xc32/v1.42/bin/bin/../../lib/gcc/pic32mx/4.8.3/../../../../pic32mx/lib\libpic32.a(vector4.o)
                              c:/program files (x86)/microchip/xc32/v1.42/bin/bin/../../lib/gcc/pic32mx/4.8.3/../../../../pic32mx/lib/./proc/32MX170F256B\default_isr_vectors.o (__vector_dispatch_4)
c:/program files (x86)/microchip/xc32/v1.42/bin/bin/../../lib/gcc/pic32mx/4.8.3/../../../../pic32mx/lib\libpic32.a(vector5.o)
                              c:/program files (x86)/microchip/xc32/v1.42/bin/bin/../../lib/gcc/pic32mx/4.8.3/../../../../pic32mx/lib/./proc/32MX170F256B\default_isr_vectors.o (__vector_dispatch_5)
c:/program files (x86)/microchip/xc32/v1.42/bin/bin/../../lib/gcc/pic32mx/4.8.3/../../../../pic32mx/lib\libpic32.a(vector6.o)
                              c:/program files (x86)/microchip/xc32/v1.42/bin/bin/../../lib/gcc/pic32mx/4.8.3/../../../../pic32mx/lib/./proc/32MX170F256B\default_isr_vectors.o (__vector_dispatch_6)
c:/program files (x86)/microchip/xc32/v1.42/bin/bin/../../lib/gcc/pic32mx/4.8.3/../../../../pic32mx/lib\libpic32.a(vector8.o)
                              c:/program files (x86)/microchip/xc32/v1.42/bin/bin/../../lib/gcc/pic32mx/4.8.3/../../../../pic32mx/lib/./proc/32MX170F256B\default_isr_vectors.o (__vector_dispatch_8)
c:/program files (x86)/microchip/xc32/v1.42/bin/bin/../../lib/gcc/pic32mx/4.8.3/../../../../pic32mx/lib\libpic32.a(vector9.o)
                              c:/program files (x86)/microchip/xc32/v1.42/bin/bin/../../lib/gcc/pic32mx/4.8.3/../../../../pic32mx/lib/./proc/32MX170F256B\default_isr_vectors.o (__vector_dispatch_9)
c:/program files (x86)/microchip/xc32/v1.42/bin/bin/../../lib/gcc/pic32mx/4.8.3/../../../../pic32mx/lib\libpic32.a(vector10.o)
                              c:/program files (x86)/microchip/xc32/v1.42/bin/bin/../../lib/gcc/pic32mx/4.8.3/../../../../pic32mx/lib/./proc/32MX170F256B\default_isr_vectors.o (__vector_dispatch_10)
[...]
Memory Configuration

Name             Origin             Length             Attributes
kseg0_program_mem 0x9d000000         0x0003f000         xr
exception_mem    0x9d03f000         0x00001000
debug_exec_mem   0x9fc00490         0x00000760
kseg0_boot_mem   0x9fc00490         0x00000000
kseg1_boot_mem   0xbfc00000         0x00000490
config3          0xbfc00bf0         0x00000004
config2          0xbfc00bf4         0x00000004
config1          0xbfc00bf8         0x00000004
config0          0xbfc00bfc         0x00000004
kseg1_data_mem   0xa0000000         0x00010000         w !x
sfrs             0xbf800000         0x00100000
configsfrs       0xbfc00bf0         0x00000010
*default*        0x00000000         0xffffffff

Linker script and memory map

LOAD c:/program files (x86)/microchip/xc32/v1.42/bin/bin/../../lib/gcc/pic32mx/4.8.3/../../../../pic32mx/lib/./proc/32MX170F256B/crt0_mips32r2.o
LOAD c:/program files (x86)/microchip/xc32/v1.42/bin/bin/../../lib/gcc/pic32mx/4.8.3/../../../../pic32mx/lib\debug-exception-return.o
LOAD build/default/production/_ext/1360937237/app.o
LOAD build/default/production/_ext/1360937237/main.o
LOAD build/default/production/_ext/1078824437/centroid.o
LOAD build/default/production/_ext/1255245923/drv_i2c.o
LOAD build/default/production/_ext/116167346/drv_usart.o
LOAD build/default/production/_ext/116167346/drv_usart_byte_model.o
LOAD build/default/production/_ext/565619703/sys_devcon.o
LOAD build/default/production/_ext/565619703/sys_devcon_pic32mx.o
LOAD build/default/production/_ext/1515734680/sys_dma.o
LOAD build/default/production/_ext/1704461839/sys_int_pic32.o
LOAD build/default/production/_ext/664138601/drv_pmp_static.o
LOAD build/default/production/_ext/639803181/sys_clk_static.o
LOAD build/default/production/_ext/822048611/sys_ports_static.o
LOAD build/default/production/_ext/1688732426/system_init.o
LOAD build/default/production/_ext/1688732426/system_interrupt.o
LOAD build/default/production/_ext/1688732426/system_exceptions.o
LOAD build/default/production/_ext/1688732426/system_tasks.o
LOAD build/default/production/_ext/1078824437/density_map.o
LOAD ..\..\..\..\..\..\..\microchip\harmony\v2_01b\bin\framework\peripheral\PIC32MX170F256B_peripherals.a
                0x00000001                __MPLAB_BUILD = 0x1
                0x00000000                _min_heap_size = 0x0
LOAD c:/program files (x86)/microchip/xc32/v1.42/bin/bin/../../lib/gcc/pic32mx/4.8.3/../../../../pic32mx/lib/./proc/32MX170F256B\default_isr_vectors.o
LOAD c:/program files (x86)/microchip/xc32/v1.42/bin/bin/../../lib/gcc/pic32mx/4.8.3/../../../../pic32mx/lib\pic32_software_reset.o
                0x00000400                PROVIDE (_min_stack_size, 0x400)
LOAD c:/program files (x86)/microchip/xc32/v1.42/bin/bin/../../lib/gcc/pic32mx/4.8.3/../../../../pic32mx/lib/./proc/32MX170F256B\processor.o
START GROUP
LOAD libmchp_peripheral.a
END GROUP
START GROUP
LOAD libmchp_peripheral_32MX170F256B.a
END GROUP
                0x00000001                PROVIDE (_vector_spacing, 0x1)
                0x9d03f000                PROVIDE (_ebase_address, 0x9d03f000)
                0xbfc00000                _RESET_ADDR = 0xbfc00000
                0xbfc00380                _BEV_EXCPT_ADDR = 0xbfc00380
                0xbfc00480                _DBG_EXCPT_ADDR = 0xbfc00480
                0x9fc00490                _DBG_CODE_ADDR = 0x9fc00490
                0x00000760                _DBG_CODE_SIZE = 0x760
                0x9d03f180                _GEN_EXCPT_ADDR = (_ebase_address + 0x180)

.config_BFC00BF0
                0xbfc00bf0        0x4
 *(.config_BFC00BF0)
 .config_BFC00BF0
                0xbfc00bf0        0x4 build/default/production/_ext/1688732426/system_init.o

.config_BFC00BF4
                0xbfc00bf4        0x4
 *(.config_BFC00BF4)
 .config_BFC00BF4
                0xbfc00bf4        0x4 build/default/production/_ext/1688732426/system_init.o

.config_BFC00BF8
                0xbfc00bf8        0x4
 *(.config_BFC00BF8)
 .config_BFC00BF8
                0xbfc00bf8        0x4 build/default/production/_ext/1688732426/system_init.o

.config_BFC00BFC
                0xbfc00bfc        0x4
 *(.config_BFC00BFC)
 .config_BFC00BFC
                0xbfc00bfc        0x4 build/default/production/_ext/1688732426/system_init.o
                0xbfc02000                PROVIDE (_DBG_CODE_ADDR, 0xbfc02000)
                0x00000ff0                PROVIDE (_DBG_CODE_SIZE, 0xff0)

.reset          0xbfc00000      0x1e4
 *(.reset)
 .reset         0xbfc00000        0x8 c:/program files (x86)/microchip/xc32/v1.42/bin/bin/../../lib/gcc/pic32mx/4.8.3/../../../../pic32mx/lib/./proc/32MX170F256B/crt0_mips32r2.o
                0xbfc00000                _reset
 *(.reset.startup)
 .reset.startup
                0xbfc00008      0x1dc c:/program files (x86)/microchip/xc32/v1.42/bin/bin/../../lib/gcc/pic32mx/4.8.3/../../../../pic32mx/lib/./proc/32MX170F256B/crt0_mips32r2.o

.bev_excpt      0xbfc00380       0x10
 *(.bev_handler)
 .bev_handler   0xbfc00380       0x10 c:/program files (x86)/microchip/xc32/v1.42/bin/bin/../../lib/gcc/pic32mx/4.8.3/../../../../pic32mx/lib/./proc/32MX170F256B/crt0_mips32r2.o

.dbg_excpt      0xbfc00480        0x0
                0xbfc00480                . = (. + DEFINED (_DEBUGGER)?0x8:0x0)

.dbg_code       0x9fc00490        0x0
                0x9fc00490                . = (. + DEFINED (_DEBUGGER)?_DBG_CODE_SIZE:0x0)

.app_excpt      0x9d03f180       0x10
 *(.gen_handler)
 .gen_handler   0x9d03f180       0x10 c:/program files (x86)/microchip/xc32/v1.42/bin/bin/../../lib/gcc/pic32mx/4.8.3/../../../../pic32mx/lib/./proc/32MX170F256B/crt0_mips32r2.o

.vector_0       0x9d03f200        0x8
 *(.vector_0)
 .vector_0      0x9d03f200        0x8 c:/program files (x86)/microchip/xc32/v1.42/bin/bin/../../lib/gcc/pic32mx/4.8.3/../../../../pic32mx/lib\libpic32.a(vector0.o)
                0x9d03f200                __vector_dispatch_0
                0x00000001                ASSERT (((_vector_spacing == 0x0) || (SIZEOF (.vector_0) <= (_vector_spacing << 0x5))), function at exception vector 0 too large)

.vector_1       0x9d03f220        0x8
 *(.vector_1)
 .vector_1      0x9d03f220        0x8 c:/program files (x86)/microchip/xc32/v1.42/bin/bin/../../lib/gcc/pic32mx/4.8.3/../../../../pic32mx/lib\libpic32.a(vector1.o)
                0x9d03f220                __vector_dispatch_1
                0x00000001                ASSERT (((_vector_spacing == 0x0) || (SIZEOF (.vector_1) <= (_vector_spacing << 0x5))), function at exception vector 1 too large)

.vector_2       0x9d03f240        0x8
 *(.vector_2)
 .vector_2      0x9d03f240        0x8 build/default/production/_ext/1688732426/system_interrupt.o
                0x9d03f240                __vector_dispatch_2
                0x00000001                ASSERT (((_vector_spacing == 0x0) || (SIZEOF (.vector_2) <= (_vector_spacing << 0x5))), function at exception vector 2 too large)

.vector_3       0x9d03f260        0x8
 *(.vector_3)
 .vector_3      0x9d03f260        0x8 c:/program files (x86)/microchip/xc32/v1.42/bin/bin/../../lib/gcc/pic32mx/4.8.3/../../../../pic32mx/lib\libpic32.a(vector3.o)
                0x9d03f260                __vector_dispatch_3
                0x00000001                ASSERT (((_vector_spacing == 0x0) || (SIZEOF (.vector_3) <= (_vector_spacing << 0x5))), function at exception vector 3 too large)

.vector_4       0x9d03f280        0x8
 *(.vector_4)
 .vector_4      0x9d03f280        0x8 c:/program files (x86)/microchip/xc32/v1.42/bin/bin/../../lib/gcc/pic32mx/4.8.3/../../../../pic32mx/lib\libpic32.a(vector4.o)
                0x9d03f280                __vector_dispatch_4
                0x00000001                ASSERT (((_vector_spacing == 0x0) || (SIZEOF (.vector_4) <= (_vector_spacing << 0x5))), function at exception vector 4 too large)

.vector_5       0x9d03f2a0        0x8
 *(.vector_5)
 .vector_5      0x9d03f2a0        0x8 c:/program files (x86)/microchip/xc32/v1.42/bin/bin/../../lib/gcc/pic32mx/4.8.3/../../../../pic32mx/lib\libpic32.a(vector5.o)
                0x9d03f2a0                __vector_dispatch_5
                0x00000001                ASSERT (((_vector_spacing == 0x0) || (SIZEOF (.vector_5) <= (_vector_spacing << 0x5))), function at exception vector 5 too large)

.vector_6       0x9d03f2c0        0x8
 *(.vector_6)
 .vector_6      0x9d03f2c0        0x8 c:/program files (x86)/microchip/xc32/v1.42/bin/bin/../../lib/gcc/pic32mx/4.8.3/../../../../pic32mx/lib\libpic32.a(vector6.o)
                0x9d03f2c0                __vector_dispatch_6
                0x00000001                ASSERT (((_vector_spacing == 0x0) || (SIZEOF (.vector_6) <= (_vector_spacing << 0x5))), function at exception vector 6 too large)

.vector_7       0x9d03f2e0        0x8
 *(.vector_7)
 .vector_7      0x9d03f2e0        0x8 build/default/production/_ext/1688732426/system_interrupt.o
                0x9d03f2e0                __vector_dispatch_7
                0x00000001                ASSERT (((_vector_spacing == 0x0) || (SIZEOF (.vector_7) <= (_vector_spacing << 0x5))), function at exception vector 7 too large)

.vector_8       0x9d03f300        0x8
 *(.vector_8)
 .vector_8      0x9d03f300        0x8 c:/program files (x86)/microchip/xc32/v1.42/bin/bin/../../lib/gcc/pic32mx/4.8.3/../../../../pic32mx/lib\libpic32.a(vector8.o)
                0x9d03f300                __vector_dispatch_8
                0x00000001                ASSERT (((_vector_spacing == 0x0) || (SIZEOF (.vector_8) <= (_vector_spacing << 0x5))), function at exception vector 8 too large)

.vector_9       0x9d03f320        0x8
 *(.vector_9)
 .vector_9      0x9d03f320        0x8 c:/program files (x86)/microchip/xc32/v1.42/bin/bin/../../lib/gcc/pic32mx/4.8.3/../../../../pic32mx/lib\libpic32.a(vector9.o)
                0x9d03f320                __vector_dispatch_9
                0x00000001                ASSERT (((_vector_spacing == 0x0) || (SIZEOF (.vector_9) <= (_vector_spacing << 0x5))), function at exception vector 9 too large)

.vector_10      0x9d03f340        0x8
 *(.vector_10)
 .vector_10     0x9d03f340        0x8 c:/program files (x86)/microchip/xc32/v1.42/bin/bin/../../lib/gcc/pic32mx/4.8.3/../../../../pic32mx/lib\libpic32.a(vector10.o)
                0x9d03f340                __vector_dispatch_10
                0x00000001                ASSERT (((_vector_spacing == 0x0) || (SIZEOF (.vector_10) <= (_vector_spacing << 0x5))), function at exception vector 10 too large)

.vector_11      0x9d03f360        0x8
 *(.vector_11)
 .vector_11     0x9d03f360        0x8 c:/program files (x86)/microchip/xc32/v1.42/bin/bin/../../lib/gcc/pic32mx/4.8.3/../../../../pic32mx/lib\libpic32.a(vector11.o)
                0x9d03f360                __vector_dispatch_11
                0x00000001                ASSERT (((_vector_spacing == 0x0) || (SIZEOF (.vector_11) <= (_vector_spacing << 0x5))), function at exception vector 11 too large)

.vector_12      0x9d03f380        0x8
 *(.vector_12)
 .vector_12     0x9d03f380        0x8 c:/program files (x86)/microchip/xc32/v1.42/bin/bin/../../lib/gcc/pic32mx/4.8.3/../../../../pic32mx/lib\libpic32.a(vector12.o)
                0x9d03f380                __vector_dispatch_12
                0x00000001                ASSERT (((_vector_spacing == 0x0) || (SIZEOF (.vector_12) <= (_vector_spacing << 0x5))), function at exception vector 12 too large)

.vector_13      0x9d03f3a0        0x8
 *(.vector_13)
 .vector_13     0x9d03f3a0        0x8 c:/program files (x86)/microchip/xc32/v1.42/bin/bin/../../lib/gcc/pic32mx/4.8.3/../../../../pic32mx/lib\libpic32.a(vector13.o)
                0x9d03f3a0                __vector_dispatch_13
                0x00000001                ASSERT (((_vector_spacing == 0x0) || (SIZEOF (.vector_13) <= (_vector_spacing << 0x5))), function at exception vector 13 too large)

.vector_14      0x9d03f3c0        0x8
 *(.vector_14)
 .vector_14     0x9d03f3c0        0x8 c:/program files (x86)/microchip/xc32/v1.42/bin/bin/../../lib/gcc/pic32mx/4.8.3/../../../../pic32mx/lib\libpic32.a(vector14.o)
                0x9d03f3c0                __vector_dispatch_14
                0x00000001                ASSERT (((_vector_spacing == 0x0) || (SIZEOF (.vector_14) <= (_vector_spacing << 0x5))), function at exception vector 14 too large)

.vector_15      0x9d03f3e0        0x8
 *(.vector_15)
 .vector_15     0x9d03f3e0        0x8 build/default/production/_ext/1688732426/system_interrupt.o
                0x9d03f3e0                __vector_dispatch_15
                0x00000001                ASSERT (((_vector_spacing == 0x0) || (SIZEOF (.vector_15) <= (_vector_spacing << 0x5))), function at exception vector 15 too large)

.vector_16      0x9d03f400        0x8
 *(.vector_16)
 .vector_16     0x9d03f400        0x8 c:/program files (x86)/microchip/xc32/v1.42/bin/bin/../../lib/gcc/pic32mx/4.8.3/../../../../pic32mx/lib\libpic32.a(vector16.o)
                0x9d03f400                __vector_dispatch_16
                0x00000001                ASSERT (((_vector_spacing == 0x0) || (SIZEOF (.vector_16) <= (_vector_spacing << 0x5))), function at exception vector 16 too large)

.vector_17      0x9d03f420        0x8
 *(.vector_17)
 .vector_17     0x9d03f420        0x8 c:/program files (x86)/microchip/xc32/v1.42/bin/bin/../../lib/gcc/pic32mx/4.8.3/../../../../pic32mx/lib\libpic32.a(vector17.o)
                0x9d03f420                __vector_dispatch_17
                0x00000001                ASSERT (((_vector_spacing == 0x0) || (SIZEOF (.vector_17) <= (_vector_spacing << 0x5))), function at exception vector 17 too large)

.vector_18      0x9d03f440        0x8
 *(.vector_18)
 .vector_18     0x9d03f440        0x8 c:/program files (x86)/microchip/xc32/v1.42/bin/bin/../../lib/gcc/pic32mx/4.8.3/../../../../pic32mx/lib\libpic32.a(vector18.o)
                0x9d03f440                __vector_dispatch_18
                0x00000001                ASSERT (((_vector_spacing == 0x0) || (SIZEOF (.vector_18) <= (_vector_spacing << 0x5))), function at exception vector 18 too large)

.vector_19      0x9d03f460        0x8
 *(.vector_19)
 .vector_19     0x9d03f460        0x8 build/default/production/_ext/1688732426/system_interrupt.o
                0x9d03f460                __vector_dispatch_19
                0x00000001                ASSERT (((_vector_spacing == 0x0) || (SIZEOF (.vector_19) <= (_vector_spacing << 0x5))), function at exception vector 19 too large)

.vector_20      0x9d03f480        0x8
 *(.vector_20)
 .vector_20     0x9d03f480        0x8 c:/program files (x86)/microchip/xc32/v1.42/bin/bin/../../lib/gcc/pic32mx/4.8.3/../../../../pic32mx/lib\libpic32.a(vector20.o)
                0x9d03f480                __vector_dispatch_20
                0x00000001                ASSERT (((_vector_spacing == 0x0) || (SIZEOF (.vector_20) <= (_vector_spacing << 0x5))), function at exception vector 20 too large)

.vector_21      0x9d03f4a0        0x8
 *(.vector_21)
 .vector_21     0x9d03f4a0        0x8 c:/program files (x86)/microchip/xc32/v1.42/bin/bin/../../lib/gcc/pic32mx/4.8.3/../../../../pic32mx/lib\libpic32.a(vector21.o)
                0x9d03f4a0                __vector_dispatch_21
                0x00000001                ASSERT (((_vector_spacing == 0x0) || (SIZEOF (.vector_21) <= (_vector_spacing << 0x5))), function at exception vector 21 too large)

.vector_22      0x9d03f4c0        0x8
 *(.vector_22)
 .vector_22     0x9d03f4c0        0x8 c:/program files (x86)/microchip/xc32/v1.42/bin/bin/../../lib/gcc/pic32mx/4.8.3/../../../../pic32mx/lib\libpic32.a(vector22.o)
                0x9d03f4c0                __vector_dispatch_22
                0x00000001                ASSERT (((_vector_spacing == 0x0) || (SIZEOF (.vector_22) <= (_vector_spacing << 0x5))), function at exception vector 22 too large)

.vector_23      0x9d03f4e0        0x8
 *(.vector_23)
 .vector_23     0x9d03f4e0        0x8 c:/program files (x86)/microchip/xc32/v1.42/bin/bin/../../lib/gcc/pic32mx/4.8.3/../../../../pic32mx/lib\libpic32.a(vector23.o)
                0x9d03f4e0                __vector_dispatch_23
                0x00000001                ASSERT (((_vector_spacing == 0x0) || (SIZEOF (.vector_23) <= (_vector_spacing << 0x5))), function at exception vector 23 too large)

.vector_24      0x9d03f500        0x8
 *(.vector_24)
 .vector_24     0x9d03f500        0x8 c:/program files (x86)/microchip/xc32/v1.42/bin/bin/../../lib/gcc/pic32mx/4.8.3/../../../../pic32mx/lib\libpic32.a(vector24.o)
                0x9d03f500                __vector_dispatch_24
                0x00000001                ASSERT (((_vector_spacing == 0x0) || (SIZEOF (.vector_24) <= (_vector_spacing << 0x5))), function at exception vector 24 too large)

.vector_25      0x9d03f520        0x8
 *(.vector_25)
 .vector_25     0x9d03f520        0x8 c:/program files (x86)/microchip/xc32/v1.42/bin/bin/../../lib/gcc/pic32mx/4.8.3/../../../../pic32mx/lib\libpic32.a(vector25.o)
                0x9d03f520                __vector_dispatch_25
                0x00000001                ASSERT (((_vector_spacing == 0x0) || (SIZEOF (.vector_25) <= (_vector_spacing << 0x5))), function at exception vector 25 too large)

.vector_26      0x9d03f540        0x8
 *(.vector_26)
 .vector_26     0x9d03f540        0x8 c:/program files (x86)/microchip/xc32/v1.42/bin/bin/../../lib/gcc/pic32mx/4.8.3/../../../../pic32mx/lib\libpic32.a(vector26.o)
                0x9d03f540                __vector_dispatch_26
                0x00000001                ASSERT (((_vector_spacing == 0x0) || (SIZEOF (.vector_26) <= (_vector_spacing << 0x5))), function at exception vector 26 too large)

.vector_27      0x9d03f560        0x8
 *(.vector_27)
 .vector_27     0x9d03f560        0x8 c:/program files (x86)/microchip/xc32/v1.42/bin/bin/../../lib/gcc/pic32mx/4.8.3/../../../../pic32mx/lib\libpic32.a(vector27.o)
                0x9d03f560                __vector_dispatch_27
                0x00000001                ASSERT (((_vector_spacing == 0x0) || (SIZEOF (.vector_27) <= (_vector_spacing << 0x5))), function at exception vector 27 too large)

.vector_28      0x9d03f580        0x8
 *(.vector_28)
 .vector_28     0x9d03f580        0x8 c:/program files (x86)/microchip/xc32/v1.42/bin/bin/../../lib/gcc/pic32mx/4.8.3/../../../../pic32mx/lib\libpic32.a(vector28.o)
                0x9d03f580                __vector_dispatch_28
                0x00000001                ASSERT (((_vector_spacing == 0x0) || (SIZEOF (.vector_28) <= (_vector_spacing << 0x5))), function at exception vector 28 too large)

.vector_29      0x9d03f5a0        0x8
 *(.vector_29)
 .vector_29     0x9d03f5a0        0x8 c:/program files (x86)/microchip/xc32/v1.42/bin/bin/../../lib/gcc/pic32mx/4.8.3/../../../../pic32mx/lib\libpic32.a(vector29.o)
                0x9d03f5a0                __vector_dispatch_29
                0x00000001                ASSERT (((_vector_spacing == 0x0) || (SIZEOF (.vector_29) <= (_vector_spacing << 0x5))), function at exception vector 29 too large)

.vector_30      0x9d03f5c0        0x8
 *(.vector_30)
 .vector_30     0x9d03f5c0        0x8 c:/program files (x86)/microchip/xc32/v1.42/bin/bin/../../lib/gcc/pic32mx/4.8.3/../../../../pic32mx/lib\libpic32.a(vector30.o)
                0x9d03f5c0                __vector_dispatch_30
                0x00000001                ASSERT (((_vector_spacing == 0x0) || (SIZEOF (.vector_30) <= (_vector_spacing << 0x5))), function at exception vector 30 too large)

.vector_31      0x9d03f5e0        0x8
 *(.vector_31)
 .vector_31     0x9d03f5e0        0x8 c:/program files (x86)/microchip/xc32/v1.42/bin/bin/../../lib/gcc/pic32mx/4.8.3/../../../../pic32mx/lib\libpic32.a(vector31.o)
                0x9d03f5e0                __vector_dispatch_31
                0x00000001                ASSERT (((_vector_spacing == 0x0) || (SIZEOF (.vector_31) <= (_vector_spacing << 0x5))), function at exception vector 31 too large)

.vector_32      0x9d03f600        0x8
 *(.vector_32)
 .vector_32     0x9d03f600        0x8 build/default/production/_ext/1688732426/system_interrupt.o
                0x9d03f600                __vector_dispatch_32
                0x00000001                ASSERT (((_vector_spacing == 0x0) || (SIZEOF (.vector_32) <= (_vector_spacing << 0x5))), function at exception vector 32 too large)

.vector_33      0x9d03f620        0x8
 *(.vector_33)
 .vector_33     0x9d03f620        0x8 c:/program files (x86)/microchip/xc32/v1.42/bin/bin/../../lib/gcc/pic32mx/4.8.3/../../../../pic32mx/lib\libpic32.a(vector33.o)
                0x9d03f620                __vector_dispatch_33
                0x00000001                ASSERT (((_vector_spacing == 0x0) || (SIZEOF (.vector_33) <= (_vector_spacing << 0x5))), function at exception vector 33 too large)

.vector_34      0x9d03f640        0x8
 *(.vector_34)
 .vector_34     0x9d03f640        0x8 c:/program files (x86)/microchip/xc32/v1.42/bin/bin/../../lib/gcc/pic32mx/4.8.3/../../../../pic32mx/lib\libpic32.a(vector34.o)
                0x9d03f640                __vector_dispatch_34
                0x00000001                ASSERT (((_vector_spacing == 0x0) || (SIZEOF (.vector_34) <= (_vector_spacing << 0x5))), function at exception vector 34 too large)

.vector_35      0x9d03f660        0x8
 *(.vector_35)
 .vector_35     0x9d03f660        0x8 c:/program files (x86)/microchip/xc32/v1.42/bin/bin/../../lib/gcc/pic32mx/4.8.3/../../../../pic32mx/lib\libpic32.a(vector35.o)
                0x9d03f660                __vector_dispatch_35
                0x00000001                ASSERT (((_vector_spacing == 0x0) || (SIZEOF (.vector_35) <= (_vector_spacing << 0x5))), function at exception vector 35 too large)

.vector_36      0x9d03f680        0x8
 *(.vector_36)
 .vector_36     0x9d03f680        0x8 c:/program files (x86)/microchip/xc32/v1.42/bin/bin/../../lib/gcc/pic32mx/4.8.3/../../../../pic32mx/lib\libpic32.a(vector36.o)
                0x9d03f680                __vector_dispatch_36
                0x00000001                ASSERT (((_vector_spacing == 0x0) || (SIZEOF (.vector_36) <= (_vector_spacing << 0x5))), function at exception vector 36 too large)

.vector_37      0x9d03f6a0        0x8
 *(.vector_37)
 .vector_37     0x9d03f6a0        0x8 c:/program files (x86)/microchip/xc32/v1.42/bin/bin/../../lib/gcc/pic32mx/4.8.3/../../../../pic32mx/lib\libpic32.a(vector37.o)
                0x9d03f6a0                __vector_dispatch_37
                0x00000001                ASSERT (((_vector_spacing == 0x0) || (SIZEOF (.vector_37) <= (_vector_spacing << 0x5))), function at exception vector 37 too large)

.vector_38      0x9d03f6c0        0x8
 *(.vector_38)
 .vector_38     0x9d03f6c0        0x8 build/default/production/_ext/1688732426/system_interrupt.o
                0x9d03f6c0                __vector_dispatch_38
                0x00000001                ASSERT (((_vector_spacing == 0x0) || (SIZEOF (.vector_38) <= (_vector_spacing << 0x5))), function at exception vector 38 too large)

.vector_39      0x9d03f6e0        0x8
 *(.vector_39)
 .vector_39     0x9d03f6e0        0x8 c:/program files (x86)/microchip/xc32/v1.42/bin/bin/../../lib/gcc/pic32mx/4.8.3/../../../../pic32mx/lib\libpic32.a(vector39.o)
                0x9d03f6e0                __vector_dispatch_39
                0x00000001                ASSERT (((_vector_spacing == 0x0) || (SIZEOF (.vector_39) <= (_vector_spacing << 0x5))), function at exception vector 39 too large)

.vector_40      0x9d03f700        0x8
 *(.vector_40)
 .vector_40     0x9d03f700        0x8 build/default/production/_ext/1688732426/system_interrupt.o
                0x9d03f700                __vector_dispatch_40
                0x00000001                ASSERT (((_vector_spacing == 0x0) || (SIZEOF (.vector_40) <= (_vector_spacing << 0x5))), function at exception vector 40 too large)

.vector_41      0x9d03f720        0x8
 *(.vector_41)
 .vector_41     0x9d03f720        0x8 c:/program files (x86)/microchip/xc32/v1.42/bin/bin/../../lib/gcc/pic32mx/4.8.3/../../../../pic32mx/lib\libpic32.a(vector41.o)
                0x9d03f720                __vector_dispatch_41
                0x00000001                ASSERT (((_vector_spacing == 0x0) || (SIZEOF (.vector_41) <= (_vector_spacing << 0x5))), function at exception vector 41 too large)

.vector_42      0x9d03f740        0x8
 *(.vector_42)
 .vector_42     0x9d03f740        0x8 c:/program files (x86)/microchip/xc32/v1.42/bin/bin/../../lib/gcc/pic32mx/4.8.3/../../../../pic32mx/lib\libpic32.a(vector42.o)
                0x9d03f740                __vector_dispatch_42
                0x00000001                ASSERT (((_vector_spacing == 0x0) || (SIZEOF (.vector_42) <= (_vector_spacing << 0x5))), function at exception vector 42 too large)

.vector_43      0x9d03f760        0x8
 *(.vector_43)
 .vector_43     0x9d03f760        0x8 c:/program files (x86)/microchip/xc32/v1.42/bin/bin/../../lib/gcc/pic32mx/4.8.3/../../../../pic32mx/lib\libpic32.a(vector43.o)
                0x9d03f760                __vector_dispatch_43
                0x00000001                ASSERT (((_vector_spacing == 0x0) || (SIZEOF (.vector_43) <= (_vector_spacing << 0x5))), function at exception vector 43 too large)

.vector_44      0x9d03f780        0x0
 *(.vector_44)
                0x00000001                ASSERT (((_vector_spacing == 0x0) || (SIZEOF (.vector_44) <= (_vector_spacing << 0x5))), function at exception vector 44 too large)

.vector_45      0x9d03f7a0        0x0
 *(.vector_45)
                0x00000001                ASSERT (((_vector_spacing == 0x0) || (SIZEOF (.vector_45) <= (_vector_spacing << 0x5))), function at exception vector 45 too large)

.vector_46      0x9d03f7c0        0x0
 *(.vector_46)
                0x00000001                ASSERT (((_vector_spacing == 0x0) || (SIZEOF (.vector_46) <= (_vector_spacing << 0x5))), function at exception vector 46 too large)

.vector_47      0x9d03f7e0        0x0
 *(.vector_47)
                0x00000001                ASSERT (((_vector_spacing == 0x0) || (SIZEOF (.vector_47) <= (_vector_spacing << 0x5))), function at exception vector 47 too large)

.vector_48      0x9d03f800        0x0
 *(.vector_48)
                0x00000001                ASSERT (((_vector_spacing == 0x0) || (SIZEOF (.vector_48) <= (_vector_spacing << 0x5))), function at exception vector 48 too large)

.vector_49      0x9d03f820        0x0
 *(.vector_49)
                0x00000001                ASSERT (((_vector_spacing == 0x0) || (SIZEOF (.vector_49) <= (_vector_spacing << 0x5))), function at exception vector 49 too large)

.vector_50      0x9d03f840        0x0
 *(.vector_50)
                0x00000001                ASSERT (((_vector_spacing == 0x0) || (SIZEOF (.vector_50) <= (_vector_spacing << 0x5))), function at exception vector 50 too large)

.vector_51      0x9d03f860        0x0
 *(.vector_51)
                0x00000001                ASSERT (((_vector_spacing == 0x0) || (SIZEOF (.vector_51) <= (_vector_spacing << 0x5))), function at exception vector 51 too large)

.vector_52      0x9d03f880        0x0
 *(.vector_52)
                0x00000001                ASSERT (((_vector_spacing == 0x0) || (SIZEOF (.vector_52) <= (_vector_spacing << 0x5))), function at exception vector 52 too large)

.vector_53      0x9d03f8a0        0x0
 *(.vector_53)
                0x00000001                ASSERT (((_vector_spacing == 0x0) || (SIZEOF (.vector_53) <= (_vector_spacing << 0x5))), function at exception vector 53 too large)

.vector_54      0x9d03f8c0        0x0
 *(.vector_54)
                0x00000001                ASSERT (((_vector_spacing == 0x0) || (SIZEOF (.vector_54) <= (_vector_spacing << 0x5))), function at exception vector 54 too large)

.vector_55      0x9d03f8e0        0x0
 *(.vector_55)
                0x00000001                ASSERT (((_vector_spacing == 0x0) || (SIZEOF (.vector_55) <= (_vector_spacing << 0x5))), function at exception vector 55 too large)

.vector_56      0x9d03f900        0x0
 *(.vector_56)
                0x00000001                ASSERT (((_vector_spacing == 0x0) || (SIZEOF (.vector_56) <= (_vector_spacing << 0x5))), function at exception vector 56 too large)

.vector_57      0x9d03f920        0x0
 *(.vector_57)
                0x00000001                ASSERT (((_vector_spacing == 0x0) || (SIZEOF (.vector_57) <= (_vector_spacing << 0x5))), function at exception vector 57 too large)

.vector_58      0x9d03f940        0x0
 *(.vector_58)
                0x00000001                ASSERT (((_vector_spacing == 0x0) || (SIZEOF (.vector_58) <= (_vector_spacing << 0x5))), function at exception vector 58 too large)

.vector_59      0x9d03f960        0x0
 *(.vector_59)
                0x00000001                ASSERT (((_vector_spacing == 0x0) || (SIZEOF (.vector_59) <= (_vector_spacing << 0x5))), function at exception vector 59 too large)

.vector_60      0x9d03f980        0x0
 *(.vector_60)
                0x00000001                ASSERT (((_vector_spacing == 0x0) || (SIZEOF (.vector_60) <= (_vector_spacing << 0x5))), function at exception vector 60 too large)

.vector_61      0x9d03f9a0        0x0
 *(.vector_61)
                0x00000001                ASSERT (((_vector_spacing == 0x0) || (SIZEOF (.vector_61) <= (_vector_spacing << 0x5))), function at exception vector 61 too large)

.vector_62      0x9d03f9c0        0x0
 *(.vector_62)
                0x00000001                ASSERT (((_vector_spacing == 0x0) || (SIZEOF (.vector_62) <= (_vector_spacing << 0x5))), function at exception vector 62 too large)

.vector_63      0x9d03f9e0        0x0
 *(.vector_63)
                0x00000001                ASSERT (((_vector_spacing == 0x0) || (SIZEOF (.vector_63) <= (_vector_spacing << 0x5))), function at exception vector 63 too large)

.startup
 *(.startup)

.text           0x9d000000        0x0
 *(.stub .gnu.linkonce.t.*)
 *(.text.*personality*)
 *(.mips16.fn.*)
 *(.mips16.call.*)
 *(.gnu.warning)
                0x9d000000                . = ALIGN (0x4)

.init           0x9d000000        0x0
 *crti.o(.init)
 *crtbegin.o(.init)
 *(EXCLUDE_FILE(*crtn.o *crtend?.o *crtend.o) .init)
 *crtend.o(.init)
 *crtn.o(.init)
                0x9d000000                . = ALIGN (0x4)

.fini           0x9d000000        0x0
 *(.fini)
                0x9d000000                . = ALIGN (0x4)

.preinit_array  0x9d000000        0x0
                0x9d000000                PROVIDE (__preinit_array_start, .)
 *(.preinit_array)
                0x9d000000                PROVIDE (__preinit_array_end, .)
                0x9d000000                . = ALIGN (0x4)

.init_array     0x9d000000        0x0
                0x9d000000                PROVIDE (__init_array_start, .)
 *(SORT(.init_array.*))
 *(.init_array)
                0x9d000000                PROVIDE (__init_array_end, .)
                0x9d000000                . = ALIGN (0x4)

.fini_array     0x9d000000        0x0
                0x9d000000                PROVIDE (__fini_array_start, .)
 *(SORT(.fini_array.*))
 *(.fini_array)
                0x9d000000                PROVIDE (__fini_array_end, .)
                0x9d000000                . = ALIGN (0x4)

.ctors          0x9d000000        0x0
 *crtbegin.o(.ctors)
 *crtbegin?.o(.ctors)
 *(EXCLUDE_FILE(*crtend?.o *crtend.o) .ctors)
 *(SORT(.ctors.*))
 *(.ctors)
                0x9d000000                . = ALIGN (0x4)

.dtors          0x9d000000        0x0
 *crtbegin.o(.dtors)
 *crtbegin?.o(.dtors)
 *(EXCLUDE_FILE(*crtend?.o *crtend.o) .dtors)
 *(SORT(.dtors.*))
 *(.dtors)
                0x9d000000                . = ALIGN (0x4)

.rodata         0x9d000000        0x0
 *(.gnu.linkonce.r.*)
 *(.rodata1)
                0x9d000000                . = ALIGN (0x4)

.sdata2         0x9fc00490        0x0
 *(.sdata2 .sdata2.* .gnu.linkonce.s2.*)
                0x9fc00490                . = ALIGN (0x4)

.sbss2          0x9fc00490        0x0
 *(.sbss2 .sbss2.* .gnu.linkonce.sb2.*)
                0x9fc00490                . = ALIGN (0x4)

.eh_frame_hdr
 *(.eh_frame_hdr)
                0x9fc00490                . = ALIGN (0x4)

.eh_frame
 *(.eh_frame)
                0x9fc00490                . = ALIGN (0x4)

.gcc_except_table
 *(.gcc_except_table .gcc_except_table.*)
                0x9fc00490                . = ALIGN (0x4)

.dbg_data       0xa0000000        0x0
                0xa0000000                . = (. + DEFINED (_DEBUGGER)?0x200:0x0)

.jcr            0xa0000000        0x0
 *(.jcr)
                0xa0000000                . = ALIGN (0x4)

.eh_frame
 *(.eh_frame)
                0xa0000000                . = ALIGN (0x4)

.gcc_except_table
 *(.gcc_except_table .gcc_except_table.*)
                0xa0000000                . = ALIGN (0x4)

.persist        0xa0000000        0x0
                0xa0000000                _persist_begin = .
 *(.persist .persist.*)
 *(.pbss .pbss.*)
                0xa0000000                . = ALIGN (0x4)
                0xa0000000                _persist_end = .

.data           0xa0000000        0x0
 *(.gnu.linkonce.d.*)
 *(.data1)
                0xa0000000                . = ALIGN (0x4)
                0xa0000000                . = .
                0xa0007ff0                _gp = (ALIGN (0x10) + 0x7ff0)

.got            0xa0000000        0x0
 *(.got.plt)
 *(.got)
                0xa0000000                . = ALIGN (0x4)

.sdata          0xa0000000        0xc
                0xa0000000                _sdata_begin = .
 *(.sdata .sdata.* .gnu.linkonce.s.*)
 .sdata         0xa0000000        0xc build/default/production/_ext/1360937237/app.o
                0xa0000000                wait_for_vsync
                0xa0000002                frame_row_div_count
                0xa0000004                OV9712_regs
                0xa000000c                . = ALIGN (0x4)
                0xa000000c                _sdata_end = .

.lit8
 *(.lit8)

.lit4
 *(.lit4)
                0xa000000c                . = ALIGN (0x4)
                0xa000000c                _data_end = .
                0xa000000c                _bss_begin = .

.sbss           0xa000000c       0x44
                0xa000000c                _sbss_begin = .
 *(.dynsbss)
 *(.sbss .sbss.* .gnu.linkonce.sb.*)
 .sbss          0xa000000c        0x8 build/default/production/_ext/1360937237/app.o
                0xa0000010                frame_row_count
 .sbss          0xa0000014        0x6 build/default/production/_ext/1078824437/centroid.o
                0xa0000014                num_centroids
                0xa0000016                segment_index
                0xa0000018                map_index
 *fill*         0xa000001a        0x2 
 .sbss          0xa000001c        0x4 build/default/production/_ext/1255245923/drv_i2c.o
 .sbss          0xa0000020        0xc build/default/production/_ext/1688732426/system_exceptions.o
 .sbss          0xa000002c        0x8 build/default/production/_ext/1078824437/density_map.o
                0xa000002c                ypn
                0xa0000030                xpn
 *(.scommon)
 .scommon       0xa0000034        0x8 build/default/production/_ext/1360937237/app.o
                0xa0000034                CENTROIDS_WIDTH
                0xa0000036                CENTROIDS_INTERVAL
                0xa0000038                CENTROIDS_HEIGHT
                0xa000003a                CENTROIDS_THRESH
 .scommon       0xa000003c        0x0 build/default/production/_ext/1078824437/centroid.o
 .scommon       0xa000003c        0x3 build/default/production/_ext/1255245923/drv_i2c.o
                0xa000003c                gDrvI2CCommonDataObj
 *fill*         0xa000003f        0x1 
 .scommon       0xa0000040        0x3 build/default/production/_ext/116167346/drv_usart.o
                0xa0000040                gDrvUSARTCommonDataObj
 *fill*         0xa0000043        0x1 
 .scommon       0xa0000044        0x8 build/default/production/_ext/565619703/sys_devcon.o
                0xa0000044                sysDevconObj
 .scommon       0xa000004c        0x4 build/default/production/_ext/1078824437/density_map.o
                0xa000004c                DENSITY_MAP_THRESH
                0xa000004e                DENSITY_MAP_INTERVAL
                0xa0000050                _sbss_end = .
                0xa0000050                . = ALIGN (0x4)

.bss            0xa0000050      0x610
 *(.dynbss)
 *(COMMON)
 COMMON         0xa0000050      0x510 build/default/production/_ext/1360937237/app.o
                0xa0000050                appData
 COMMON         0xa0000560       0xac build/default/production/_ext/116167346/drv_usart.o
                0xa0000560                gDrvUSARTClientObj
                0xa00005ac                gDrvUSARTObj
 COMMON         0xa000060c       0x40 build/default/production/_ext/1515734680/sys_dma.o
                0xa000060c                gSysDMAChannelObj
 COMMON         0xa000064c       0x14 build/default/production/_ext/1688732426/system_init.o
                0xa000064c                sysObj
                0xa0000660                . = ALIGN ((. != 0x0)?0x4:0x1)
                0xa0000660                . = ALIGN (0x4)
                0xa0000660                _end = .
                0xa0000660                _bss_end = .
                0x00010000                _bmxdudba_address = 0x10000
                0x00010000                _bmxdupba_address = 0x10000

/DISCARD/
 *(.pdr)
 *(.rel.dyn)
 *(.note.GNU-stack)
 *(.note.GNU-stack)
 *(.gnu_debuglink)
 *(.gnu.lto_*)
 *(.discard)

.gptab.sdata
 *(.gptab.data)
 *(.gptab.sdata)

.gptab.sbss
 *(.gptab.bss)
 *(.gptab.sbss)

.mdebug.abi32   0xa0000660        0x0
 *(.mdebug.abi32)
 .mdebug.abi32  0xa0000660        0x0 build/default/production/_ext/1360937237/app.o
 .mdebug.abi32  0xa0000660        0x0 build/default/production/_ext/1360937237/main.o
 .mdebug.abi32  0xa0000660        0x0 build/default/production/_ext/1078824437/centroid.o
 .mdebug.abi32  0xa0000660        0x0 build/default/production/_ext/1255245923/drv_i2c.o
 .mdebug.abi32  0xa0000660        0x0 build/default/production/_ext/116167346/drv_usart.o
 .mdebug.abi32  0xa0000660        0x0 build/default/production/_ext/116167346/drv_usart_byte_model.o
 .mdebug.abi32  0xa0000660        0x0 build/default/production/_ext/565619703/sys_devcon.o
 .mdebug.abi32  0xa0000660        0x0 build/default/production/_ext/565619703/sys_devcon_pic32mx.o
 .mdebug.abi32  0xa0000660        0x0 build/default/production/_ext/1515734680/sys_dma.o
 .mdebug.abi32  0xa0000660        0x0 build/default/production/_ext/1704461839/sys_int_pic32.o
 .mdebug.abi32  0xa0000660        0x0 build/default/production/_ext/664138601/drv_pmp_static.o
 .mdebug.abi32  0xa0000660        0x0 build/default/production/_ext/639803181/sys_clk_static.o
 .mdebug.abi32  0xa0000660        0x0 build/default/production/_ext/822048611/sys_ports_static.o
 .mdebug.abi32  0xa0000660        0x0 build/default/production/_ext/1688732426/system_init.o
 .mdebug.abi32  0xa0000660        0x0 build/default/production/_ext/1688732426/system_interrupt.o
 .mdebug.abi32  0xa0000660        0x0 build/default/production/_ext/1688732426/system_exceptions.o
 .mdebug.abi32  0xa0000660        0x0 build/default/production/_ext/1688732426/system_tasks.o
 .mdebug.abi32  0xa0000660        0x0 build/default/production/_ext/1078824437/density_map.o
 .mdebug.abi32  0xa0000660        0x0 c:/program files (x86)/microchip/xc32/v1.42/bin/bin/../../lib/gcc/pic32mx/4.8.3\libgcc.a(floatunsisf.o)
 .mdebug.abi32  0xa0000660        0x0 c:/program files (x86)/microchip/xc32/v1.42/bin/bin/../../lib/gcc/pic32mx/4.8.3/../../../../pic32mx/lib\libpic32.a(default-bootstrap-exception-handler.o)
 .mdebug.abi32  0xa0000660        0x0 c:/program files (x86)/microchip/xc32/v1.42/bin/bin/../../lib/gcc/pic32mx/4.8.3/../../../../pic32mx/lib\libpic32.a(default-on-reset.o)
 .mdebug.abi32  0xa0000660        0x0 c:/program files (x86)/microchip/xc32/v1.42/bin/bin/../../lib/gcc/pic32mx/4.8.3/../../../../pic32mx/lib\libpic32.a(default-on-bootstrap.o)
 .mdebug.abi32  0xa0000660        0x0 c:/program files (x86)/microchip/xc32/v1.42/bin/bin/../../lib/gcc/pic32mx/4.8.3/../../../../pic32mx/lib\libpic32.a(defaultinterrupt.o)

.mdebug.abiN32
 *(.mdebug.abiN32)

.mdebug.abi64
 *(.mdebug.abi64)

.mdebug.abiO64
 *(.mdebug.abiO64)

.mdebug.eabi32
 *(.mdebug.eabi32)

.mdebug.eabi64
 *(.mdebug.eabi64)

.gcc_compiled_long32
 *(.gcc_compiled_long32)

.gcc_compiled_long64
 *(.gcc_compiled_long64)

.stab
 *(.stab)

.stabstr
 *(.stabstr)

.stab.excl
 *(.stab.excl)

.stab.exclstr
 *(.stab.exclstr)

.stab.index
 *(.stab.index)

.stab.indexstr
 *(.stab.indexstr)

.comment        0x00000000       0x3c
 *(.comment)
 .comment       0x00000000       0x3c build/default/production/_ext/1360937237/app.o
                                 0x3d (size before relaxing)
 .comment       0x00000000       0x3d build/default/production/_ext/1360937237/main.o
 .comment       0x00000000       0x3d build/default/production/_ext/1078824437/centroid.o
 .comment       0x00000000       0x3d build/default/production/_ext/1255245923/drv_i2c.o
 .comment       0x00000000       0x3d build/default/production/_ext/116167346/drv_usart.o
 .comment       0x00000000       0x3d build/default/production/_ext/116167346/drv_usart_byte_model.o
 .comment       0x00000000       0x3d build/default/production/_ext/565619703/sys_devcon.o
 .comment       0x00000000       0x3d build/default/production/_ext/565619703/sys_devcon_pic32mx.o
 .comment       0x00000000       0x3d build/default/production/_ext/1515734680/sys_dma.o
 .comment       0x00000000       0x3d build/default/production/_ext/1704461839/sys_int_pic32.o
 .comment       0x00000000       0x3d build/default/production/_ext/664138601/drv_pmp_static.o
 .comment       0x00000000       0x3d build/default/production/_ext/639803181/sys_clk_static.o
 .comment       0x00000000       0x3d build/default/production/_ext/822048611/sys_ports_static.o
 .comment       0x00000000       0x3d build/default/production/_ext/1688732426/system_init.o
 .comment       0x00000000       0x3d build/default/production/_ext/1688732426/system_interrupt.o
 .comment       0x00000000       0x3d build/default/production/_ext/1688732426/system_exceptions.o
 .comment       0x00000000       0x3d build/default/production/_ext/1688732426/system_tasks.o
 .comment       0x00000000       0x3d build/default/production/_ext/1078824437/density_map.o
 .comment       0x00000000       0x3d c:/program files (x86)/microchip/xc32/v1.42/bin/bin/../../lib/gcc/pic32mx/4.8.3\libgcc.a(floatunsisf.o)
 .comment       0x00000000       0x3d c:/program files (x86)/microchip/xc32/v1.42/bin/bin/../../lib/gcc/pic32mx/4.8.3/../../../../pic32mx/lib\libpic32.a(default-bootstrap-exception-handler.o)
 .comment       0x00000000       0x3d c:/program files (x86)/microchip/xc32/v1.42/bin/bin/../../lib/gcc/pic32mx/4.8.3/../../../../pic32mx/lib\libpic32.a(default-on-reset.o)
 .comment       0x00000000       0x3d c:/program files (x86)/microchip/xc32/v1.42/bin/bin/../../lib/gcc/pic32mx/4.8.3/../../../../pic32mx/lib\libpic32.a(default-on-bootstrap.o)
 .comment       0x00000000       0x3d c:/program files (x86)/microchip/xc32/v1.42/bin/bin/../../lib/gcc/pic32mx/4.8.3/../../../../pic32mx/lib\libpic32.a(defaultinterrupt.o)

.debug
 *(.debug)

.line
 *(.line)

.debug_srcinfo
 *(.debug_srcinfo)

.debug_sfnames
 *(.debug_sfnames)

.debug_aranges  0x00000000      0x820
 *(.debug_aranges)
 .debug_aranges
                0x00000000       0xa8 build/default/production/_ext/1360937237/app.o
 .debug_aranges
                0x000000a8       0x20 build/default/production/_ext/1360937237/main.o
 .debug_aranges
                0x000000c8       0x48 build/default/production/_ext/1078824437/centroid.o
 .debug_aranges
                0x00000110      0x100 build/default/production/_ext/1255245923/drv_i2c.o
 .debug_aranges
                0x00000210       0xd8 build/default/production/_ext/116167346/drv_usart.o
 .debug_aranges
                0x000002e8       0x48 build/default/production/_ext/116167346/drv_usart_byte_model.o
 .debug_aranges
                0x00000330       0x78 build/default/production/_ext/565619703/sys_devcon.o
 .debug_aranges
                0x000003a8       0x20 build/default/production/_ext/565619703/sys_devcon_pic32mx.o
 .debug_aranges
                0x000003c8       0xe8 build/default/production/_ext/1515734680/sys_dma.o
 .debug_aranges
                0x000004b0       0x48 build/default/production/_ext/1704461839/sys_int_pic32.o
 .debug_aranges
                0x000004f8       0x40 build/default/production/_ext/664138601/drv_pmp_static.o
 .debug_aranges
                0x00000538       0x50 build/default/production/_ext/639803181/sys_clk_static.o
 .debug_aranges
                0x00000588      0x108 build/default/production/_ext/822048611/sys_ports_static.o
 .debug_aranges
                0x00000690       0x20 build/default/production/_ext/1688732426/system_init.o
 .debug_aranges
                0x000006b0       0x50 build/default/production/_ext/1688732426/system_interrupt.o
 .debug_aranges
                0x00000700       0x20 build/default/production/_ext/1688732426/system_exceptions.o
 .debug_aranges
                0x00000720       0x20 build/default/production/_ext/1688732426/system_tasks.o
 .debug_aranges
                0x00000740       0x40 build/default/production/_ext/1078824437/density_map.o
 .debug_aranges
                0x00000780       0x20 c:/program files (x86)/microchip/xc32/v1.42/bin/bin/../../lib/gcc/pic32mx/4.8.3\libgcc.a(floatunsisf.o)
 .debug_aranges
                0x000007a0       0x20 c:/program files (x86)/microchip/xc32/v1.42/bin/bin/../../lib/gcc/pic32mx/4.8.3/../../../../pic32mx/lib\libpic32.a(default-bootstrap-exception-handler.o)
 .debug_aranges
                0x000007c0       0x20 c:/program files (x86)/microchip/xc32/v1.42/bin/bin/../../lib/gcc/pic32mx/4.8.3/../../../../pic32mx/lib\libpic32.a(default-on-reset.o)
 .debug_aranges
                0x000007e0       0x20 c:/program files (x86)/microchip/xc32/v1.42/bin/bin/../../lib/gcc/pic32mx/4.8.3/../../../../pic32mx/lib\libpic32.a(default-on-bootstrap.o)
 .debug_aranges
                0x00000800       0x20 c:/program files (x86)/microchip/xc32/v1.42/bin/bin/../../lib/gcc/pic32mx/4.8.3/../../../../pic32mx/lib\libpic32.a(defaultinterrupt.o)

.debug_pubnames
 *(.debug_pubnames)

.debug_info     0x00000000    0x319d4
 *(.debug_info .gnu.linkonce.wi.*)
 .debug_info    0x00000000     0x40ff build/default/production/_ext/1360937237/app.o
 .debug_info    0x000040ff      0x1ac build/default/production/_ext/1360937237/main.o
 .debug_info    0x000042ab     0x17c8 build/default/production/_ext/1078824437/centroid.o
 .debug_info    0x00005a73     0x8928 build/default/production/_ext/1255245923/drv_i2c.o
 .debug_info    0x0000e39b     0x5dff build/default/production/_ext/116167346/drv_usart.o
 .debug_info    0x0001419a     0x2a5f build/default/production/_ext/116167346/drv_usart_byte_model.o
 .debug_info    0x00016bf9     0x1667 build/default/production/_ext/565619703/sys_devcon.o
 .debug_info    0x00018260     0x1084 build/default/production/_ext/565619703/sys_devcon_pic32mx.o
 .debug_info    0x000192e4     0x69e8 build/default/production/_ext/1515734680/sys_dma.o
 .debug_info    0x0001fccc     0x1312 build/default/production/_ext/1704461839/sys_int_pic32.o
 .debug_info    0x00020fde     0x1289 build/default/production/_ext/664138601/drv_pmp_static.o
 .debug_info    0x00022267     0x212e build/default/production/_ext/639803181/sys_clk_static.o
 .debug_info    0x00024395     0x3e6e build/default/production/_ext/822048611/sys_ports_static.o
 .debug_info    0x00028203     0x3b62 build/default/production/_ext/1688732426/system_init.o
 .debug_info    0x0002bd65     0x1cfb build/default/production/_ext/1688732426/system_interrupt.o
 .debug_info    0x0002da60     0x128d build/default/production/_ext/1688732426/system_exceptions.o
 .debug_info    0x0002eced     0x1123 build/default/production/_ext/1688732426/system_tasks.o
 .debug_info    0x0002fe10     0x170f build/default/production/_ext/1078824437/density_map.o
 .debug_info    0x0003151f      0x131 c:/program files (x86)/microchip/xc32/v1.42/bin/bin/../../lib/gcc/pic32mx/4.8.3\libgcc.a(floatunsisf.o)
 .debug_info    0x00031650       0xf5 c:/program files (x86)/microchip/xc32/v1.42/bin/bin/../../lib/gcc/pic32mx/4.8.3/../../../../pic32mx/lib\libpic32.a(default-bootstrap-exception-handler.o)
 .debug_info    0x00031745       0xcf c:/program files (x86)/microchip/xc32/v1.42/bin/bin/../../lib/gcc/pic32mx/4.8.3/../../../../pic32mx/lib\libpic32.a(default-on-reset.o)
 .debug_info    0x00031814       0xd7 c:/program files (x86)/microchip/xc32/v1.42/bin/bin/../../lib/gcc/pic32mx/4.8.3/../../../../pic32mx/lib\libpic32.a(default-on-bootstrap.o)
 .debug_info    0x000318eb       0xe9 c:/program files (x86)/microchip/xc32/v1.42/bin/bin/../../lib/gcc/pic32mx/4.8.3/../../../../pic32mx/lib\libpic32.a(defaultinterrupt.o)

.debug_abbrev   0x00000000     0x2e12
 *(.debug_abbrev)
 .debug_abbrev  0x00000000      0x414 build/default/production/_ext/1360937237/app.o
 .debug_abbrev  0x00000414       0x93 build/default/production/_ext/1360937237/main.o
 .debug_abbrev  0x000004a7      0x219 build/default/production/_ext/1078824437/centroid.o
 .debug_abbrev  0x000006c0      0x453 build/default/production/_ext/1255245923/drv_i2c.o
 .debug_abbrev  0x00000b13      0x488 build/default/production/_ext/116167346/drv_usart.o
 .debug_abbrev  0x00000f9b      0x331 build/default/production/_ext/116167346/drv_usart_byte_model.o
 .debug_abbrev  0x000012cc      0x2a0 build/default/production/_ext/565619703/sys_devcon.o
 .debug_abbrev  0x0000156c      0x204 build/default/production/_ext/565619703/sys_devcon_pic32mx.o
 .debug_abbrev  0x00001770      0x40e build/default/production/_ext/1515734680/sys_dma.o
 .debug_abbrev  0x00001b7e      0x226 build/default/production/_ext/1704461839/sys_int_pic32.o
 .debug_abbrev  0x00001da4      0x1cc build/default/production/_ext/664138601/drv_pmp_static.o
 .debug_abbrev  0x00001f70      0x26b build/default/production/_ext/639803181/sys_clk_static.o
 .debug_abbrev  0x000021db      0x298 build/default/production/_ext/822048611/sys_ports_static.o
 .debug_abbrev  0x00002473      0x2f1 build/default/production/_ext/1688732426/system_init.o
 .debug_abbrev  0x00002764      0x1f6 build/default/production/_ext/1688732426/system_interrupt.o
 .debug_abbrev  0x0000295a       0xef build/default/production/_ext/1688732426/system_exceptions.o
 .debug_abbrev  0x00002a49      0x11a build/default/production/_ext/1688732426/system_tasks.o
 .debug_abbrev  0x00002b63      0x1ad build/default/production/_ext/1078824437/density_map.o
 .debug_abbrev  0x00002d10       0x62 c:/program files (x86)/microchip/xc32/v1.42/bin/bin/../../lib/gcc/pic32mx/4.8.3\libgcc.a(floatunsisf.o)
 .debug_abbrev  0x00002d72       0x28 c:/program files (x86)/microchip/xc32/v1.42/bin/bin/../../lib/gcc/pic32mx/4.8.3/../../../../pic32mx/lib\libpic32.a(default-bootstrap-exception-handler.o)
 .debug_abbrev  0x00002d9a       0x28 c:/program files (x86)/microchip/xc32/v1.42/bin/bin/../../lib/gcc/pic32mx/4.8.3/../../../../pic32mx/lib\libpic32.a(default-on-reset.o)
 .debug_abbrev  0x00002dc2       0x28 c:/program files (x86)/microchip/xc32/v1.42/bin/bin/../../lib/gcc/pic32mx/4.8.3/../../../../pic32mx/lib\libpic32.a(default-on-bootstrap.o)
 .debug_abbrev  0x00002dea       0x28 c:/program files (x86)/microchip/xc32/v1.42/bin/bin/../../lib/gcc/pic32mx/4.8.3/../../../../pic32mx/lib\libpic32.a(defaultinterrupt.o)

.debug_line     0x00000000     0x718d
 *(.debug_line)
 .debug_line    0x00000000      0x6a9 build/default/production/_ext/1360937237/app.o
 .debug_line    0x000006a9       0xbf build/default/production/_ext/1360937237/main.o
 .debug_line    0x00000768      0x2d6 build/default/production/_ext/1078824437/centroid.o
 .debug_line    0x00000a3e     0x14c0 build/default/production/_ext/1255245923/drv_i2c.o
 .debug_line    0x00001efe      0xcfb build/default/production/_ext/116167346/drv_usart.o
 .debug_line    0x00002bf9      0x5d4 build/default/production/_ext/116167346/drv_usart_byte_model.o
 .debug_line    0x000031cd      0x5a4 build/default/production/_ext/565619703/sys_devcon.o
 .debug_line    0x00003771      0x347 build/default/production/_ext/565619703/sys_devcon_pic32mx.o
 .debug_line    0x00003ab8      0xce1 build/default/production/_ext/1515734680/sys_dma.o
 .debug_line    0x00004799      0x349 build/default/production/_ext/1704461839/sys_int_pic32.o
 .debug_line    0x00004ae2      0x37b build/default/production/_ext/664138601/drv_pmp_static.o
 .debug_line    0x00004e5d      0x4e7 build/default/production/_ext/639803181/sys_clk_static.o
 .debug_line    0x00005344      0x87f build/default/production/_ext/822048611/sys_ports_static.o
 .debug_line    0x00005bc3      0x793 build/default/production/_ext/1688732426/system_init.o
 .debug_line    0x00006356      0x467 build/default/production/_ext/1688732426/system_interrupt.o
 .debug_line    0x000067bd      0x18d build/default/production/_ext/1688732426/system_exceptions.o
 .debug_line    0x0000694a      0x22c build/default/production/_ext/1688732426/system_tasks.o
 .debug_line    0x00006b76      0x2fa build/default/production/_ext/1078824437/density_map.o
 .debug_line    0x00006e70       0x9c c:/program files (x86)/microchip/xc32/v1.42/bin/bin/../../lib/gcc/pic32mx/4.8.3\libgcc.a(floatunsisf.o)
 .debug_line    0x00006f0c       0xa9 c:/program files (x86)/microchip/xc32/v1.42/bin/bin/../../lib/gcc/pic32mx/4.8.3/../../../../pic32mx/lib\libpic32.a(default-bootstrap-exception-handler.o)
 .debug_line    0x00006fb5       0x96 c:/program files (x86)/microchip/xc32/v1.42/bin/bin/../../lib/gcc/pic32mx/4.8.3/../../../../pic32mx/lib\libpic32.a(default-on-reset.o)
 .debug_line    0x0000704b       0x9a c:/program files (x86)/microchip/xc32/v1.42/bin/bin/../../lib/gcc/pic32mx/4.8.3/../../../../pic32mx/lib\libpic32.a(default-on-bootstrap.o)
 .debug_line    0x000070e5       0xa8 c:/program files (x86)/microchip/xc32/v1.42/bin/bin/../../lib/gcc/pic32mx/4.8.3/../../../../pic32mx/lib\libpic32.a(defaultinterrupt.o)

.debug_frame    0x00000000     0x12a8
 *(.debug_frame)
 .debug_frame   0x00000000      0x1a0 build/default/production/_ext/1360937237/app.o
 .debug_frame   0x000001a0       0x28 build/default/production/_ext/1360937237/main.o
 .debug_frame   0x000001c8       0xc4 build/default/production/_ext/1078824437/centroid.o
 .debug_frame   0x0000028c      0x298 build/default/production/_ext/1255245923/drv_i2c.o
 .debug_frame   0x00000524      0x254 build/default/production/_ext/116167346/drv_usart.o
 .debug_frame   0x00000778       0xa0 build/default/production/_ext/116167346/drv_usart_byte_model.o
 .debug_frame   0x00000818       0xe8 build/default/production/_ext/565619703/sys_devcon.o
 .debug_frame   0x00000900       0x28 build/default/production/_ext/565619703/sys_devcon_pic32mx.o
 .debug_frame   0x00000928      0x1e4 build/default/production/_ext/1515734680/sys_dma.o
 .debug_frame   0x00000b0c       0x90 build/default/production/_ext/1704461839/sys_int_pic32.o
 .debug_frame   0x00000b9c       0x60 build/default/production/_ext/664138601/drv_pmp_static.o
 .debug_frame   0x00000bfc       0xa0 build/default/production/_ext/639803181/sys_clk_static.o
 .debug_frame   0x00000c9c      0x1f0 build/default/production/_ext/822048611/sys_ports_static.o
 .debug_frame   0x00000e8c       0x30 build/default/production/_ext/1688732426/system_init.o
 .debug_frame   0x00000ebc      0x228 build/default/production/_ext/1688732426/system_interrupt.o
 .debug_frame   0x000010e4       0x28 build/default/production/_ext/1688732426/system_exceptions.o
 .debug_frame   0x0000110c       0x28 build/default/production/_ext/1688732426/system_tasks.o
 .debug_frame   0x00001134       0xc0 build/default/production/_ext/1078824437/density_map.o
 .debug_frame   0x000011f4       0x28 c:/program files (x86)/microchip/xc32/v1.42/bin/bin/../../lib/gcc/pic32mx/4.8.3\libgcc.a(floatunsisf.o)
 .debug_frame   0x0000121c       0x2c c:/program files (x86)/microchip/xc32/v1.42/bin/bin/../../lib/gcc/pic32mx/4.8.3/../../../../pic32mx/lib\libpic32.a(default-bootstrap-exception-handler.o)
 .debug_frame   0x00001248       0x20 c:/program files (x86)/microchip/xc32/v1.42/bin/bin/../../lib/gcc/pic32mx/4.8.3/../../../../pic32mx/lib\libpic32.a(default-on-reset.o)
 .debug_frame   0x00001268       0x20 c:/program files (x86)/microchip/xc32/v1.42/bin/bin/../../lib/gcc/pic32mx/4.8.3/../../../../pic32mx/lib\libpic32.a(default-on-bootstrap.o)
 .debug_frame   0x00001288       0x20 c:/program files (x86)/microchip/xc32/v1.42/bin/bin/../../lib/gcc/pic32mx/4.8.3/../../../../pic32mx/lib\libpic32.a(defaultinterrupt.o)

.debug_str      0x00000000      0x66d
 *(.debug_str)
 .debug_str     0x00000000       0x2b build/default/production/_ext/1360937237/app.o
 .debug_str     0x0000002b        0x0 build/default/production/_ext/1360937237/main.o
 .debug_str     0x0000002b        0x0 build/default/production/_ext/1078824437/centroid.o
 .debug_str     0x0000002b      0x145 build/default/production/_ext/1255245923/drv_i2c.o
 .debug_str     0x00000170      0x1bb build/default/production/_ext/116167346/drv_usart.o
 .debug_str     0x0000032b       0x2e build/default/production/_ext/116167346/drv_usart_byte_model.o
 .debug_str     0x00000359       0x16 build/default/production/_ext/565619703/sys_devcon.o
 .debug_str     0x0000036f        0x6 build/default/production/_ext/565619703/sys_devcon_pic32mx.o
 .debug_str     0x00000375      0x145 build/default/production/_ext/1515734680/sys_dma.o
 .debug_str     0x000004ba       0x2d build/default/production/_ext/1704461839/sys_int_pic32.o
 .debug_str     0x000004e7       0x40 build/default/production/_ext/664138601/drv_pmp_static.o
 .debug_str     0x00000527       0x6f build/default/production/_ext/639803181/sys_clk_static.o
 .debug_str     0x00000596       0xa1 build/default/production/_ext/822048611/sys_ports_static.o
 .debug_str     0x00000637       0x36 build/default/production/_ext/1688732426/system_init.o
 .debug_str     0x0000066d        0x0 build/default/production/_ext/1688732426/system_interrupt.o
 .debug_str     0x0000066d        0x0 build/default/production/_ext/1688732426/system_exceptions.o
 .debug_str     0x0000066d        0x0 build/default/production/_ext/1688732426/system_tasks.o
 .debug_str     0x0000066d        0x0 build/default/production/_ext/1078824437/density_map.o
 .debug_str     0x0000066d        0x0 c:/program files (x86)/microchip/xc32/v1.42/bin/bin/../../lib/gcc/pic32mx/4.8.3\libgcc.a(floatunsisf.o)
 .debug_str     0x0000066d        0x0 c:/program files (x86)/microchip/xc32/v1.42/bin/bin/../../lib/gcc/pic32mx/4.8.3/../../../../pic32mx/lib\libpic32.a(default-bootstrap-exception-handler.o)
 .debug_str     0x0000066d        0x0 c:/program files (x86)/microchip/xc32/v1.42/bin/bin/../../lib/gcc/pic32mx/4.8.3/../../../../pic32mx/lib\libpic32.a(default-on-reset.o)
 .debug_str     0x0000066d        0x0 c:/program files (x86)/microchip/xc32/v1.42/bin/bin/../../lib/gcc/pic32mx/4.8.3/../../../../pic32mx/lib\libpic32.a(default-on-bootstrap.o)
 .debug_str     0x0000066d        0x0 c:/program files (x86)/microchip/xc32/v1.42/bin/bin/../../lib/gcc/pic32mx/4.8.3/../../../../pic32mx/lib\libpic32.a(defaultinterrupt.o)

.debug_loc      0x00000000     0x84ff
 *(.debug_loc)
 .debug_loc     0x00000000      0x5a9 build/default/production/_ext/1360937237/app.o
 .debug_loc     0x000005a9      0x5b7 build/default/production/_ext/1078824437/centroid.o
 .debug_loc     0x00000b60     0x32b5 build/default/production/_ext/1255245923/drv_i2c.o
 .debug_loc     0x00003e15     0x195b build/default/production/_ext/116167346/drv_usart.o
 .debug_loc     0x00005770      0x3c4 build/default/production/_ext/116167346/drv_usart_byte_model.o
 .debug_loc     0x00005b34       0xf0 build/default/production/_ext/565619703/sys_devcon.o
 .debug_loc     0x00005c24       0xa3 build/default/production/_ext/565619703/sys_devcon_pic32mx.o
 .debug_loc     0x00005cc7     0x1962 build/default/production/_ext/1515734680/sys_dma.o
 .debug_loc     0x00007629       0x69 build/default/production/_ext/1704461839/sys_int_pic32.o
 .debug_loc     0x00007692       0x49 build/default/production/_ext/639803181/sys_clk_static.o
 .debug_loc     0x000076db      0x9a6 build/default/production/_ext/822048611/sys_ports_static.o
 .debug_loc     0x00008081       0x21 build/default/production/_ext/1688732426/system_init.o
 .debug_loc     0x000080a2      0x3e9 build/default/production/_ext/1078824437/density_map.o
 .debug_loc     0x0000848b       0x74 c:/program files (x86)/microchip/xc32/v1.42/bin/bin/../../lib/gcc/pic32mx/4.8.3\libgcc.a(floatunsisf.o)

.debug_macinfo
 *(.debug_macinfo)

.debug_weaknames
 *(.debug_weaknames)

.debug_funcnames
 *(.debug_funcnames)

.debug_typenames
 *(.debug_typenames)

.debug_varnames
 *(.debug_varnames)

.debug_pubtypes
 *(.debug_pubtypes)

.debug_ranges   0x00000000      0x940
 *(.debug_ranges)
 .debug_ranges  0x00000000       0xb0 build/default/production/_ext/1360937237/app.o
 .debug_ranges  0x000000b0       0x10 build/default/production/_ext/1360937237/main.o
 .debug_ranges  0x000000c0       0x80 build/default/production/_ext/1078824437/centroid.o
 .debug_ranges  0x00000140      0x120 build/default/production/_ext/1255245923/drv_i2c.o
 .debug_ranges  0x00000260      0x160 build/default/production/_ext/116167346/drv_usart.o
 .debug_ranges  0x000003c0       0x38 build/default/production/_ext/116167346/drv_usart_byte_model.o
 .debug_ranges  0x000003f8       0x68 build/default/production/_ext/565619703/sys_devcon.o
 .debug_ranges  0x00000460       0x10 build/default/production/_ext/565619703/sys_devcon_pic32mx.o
 .debug_ranges  0x00000470      0x1c8 build/default/production/_ext/1515734680/sys_dma.o
 .debug_ranges  0x00000638       0x50 build/default/production/_ext/1704461839/sys_int_pic32.o
 .debug_ranges  0x00000688       0x30 build/default/production/_ext/664138601/drv_pmp_static.o
 .debug_ranges  0x000006b8       0x40 build/default/production/_ext/639803181/sys_clk_static.o
 .debug_ranges  0x000006f8       0xf8 build/default/production/_ext/822048611/sys_ports_static.o
 .debug_ranges  0x000007f0       0x10 build/default/production/_ext/1688732426/system_init.o
 .debug_ranges  0x00000800       0x40 build/default/production/_ext/1688732426/system_interrupt.o
 .debug_ranges  0x00000840       0x10 build/default/production/_ext/1688732426/system_exceptions.o
 .debug_ranges  0x00000850       0x10 build/default/production/_ext/1688732426/system_tasks.o
 .debug_ranges  0x00000860       0xa0 build/default/production/_ext/1078824437/density_map.o
 .debug_ranges  0x00000900       0x10 c:/program files (x86)/microchip/xc32/v1.42/bin/bin/../../lib/gcc/pic32mx/4.8.3/../../../../pic32mx/lib\libpic32.a(default-bootstrap-exception-handler.o)
 .debug_ranges  0x00000910       0x10 c:/program files (x86)/microchip/xc32/v1.42/bin/bin/../../lib/gcc/pic32mx/4.8.3/../../../../pic32mx/lib\libpic32.a(default-on-reset.o)
 .debug_ranges  0x00000920       0x10 c:/program files (x86)/microchip/xc32/v1.42/bin/bin/../../lib/gcc/pic32mx/4.8.3/../../../../pic32mx/lib\libpic32.a(default-on-bootstrap.o)
 .debug_ranges  0x00000930       0x10 c:/program files (x86)/microchip/xc32/v1.42/bin/bin/../../lib/gcc/pic32mx/4.8.3/../../../../pic32mx/lib\libpic32.a(defaultinterrupt.o)

.gnu.attributes
                0x00000000       0x10
 *(.gnu.attributes)
 .gnu.attributes
                0x00000000       0x10 build/default/production/_ext/1360937237/app.o
 .gnu.attributes
                0x00000010       0x10 build/default/production/_ext/1360937237/main.o
 .gnu.attributes
                0x00000020       0x10 build/default/production/_ext/1078824437/centroid.o
 .gnu.attributes
                0x00000030       0x10 build/default/production/_ext/1255245923/drv_i2c.o
 .gnu.attributes
                0x00000040       0x10 build/default/production/_ext/116167346/drv_usart.o
 .gnu.attributes
                0x00000050       0x10 build/default/production/_ext/116167346/drv_usart_byte_model.o
 .gnu.attributes
                0x00000060       0x10 build/default/production/_ext/565619703/sys_devcon.o
 .gnu.attributes
                0x00000070       0x10 build/default/production/_ext/565619703/sys_devcon_pic32mx.o
 .gnu.attributes
                0x00000080       0x10 build/default/production/_ext/1515734680/sys_dma.o
 .gnu.attributes
                0x00000090       0x10 build/default/production/_ext/1704461839/sys_int_pic32.o
 .gnu.attributes
                0x000000a0       0x10 build/default/production/_ext/664138601/drv_pmp_static.o
 .gnu.attributes
                0x000000b0       0x10 build/default/production/_ext/639803181/sys_clk_static.o
 .gnu.attributes
                0x000000c0       0x10 build/default/production/_ext/822048611/sys_ports_static.o
 .gnu.attributes
                0x000000d0       0x10 build/default/production/_ext/1688732426/system_init.o
 .gnu.attributes
                0x000000e0       0x10 build/default/production/_ext/1688732426/system_interrupt.o
 .gnu.attributes
                0x000000f0       0x10 build/default/production/_ext/1688732426/system_exceptions.o
 .gnu.attributes
                0x00000100       0x10 build/default/production/_ext/1688732426/system_tasks.o
 .gnu.attributes
                0x00000110       0x10 build/default/production/_ext/1078824437/density_map.o
 .gnu.attributes
                0x00000120       0x10 c:/program files (x86)/microchip/xc32/v1.42/bin/bin/../../lib/gcc/pic32mx/4.8.3\libgcc.a(floatunsisf.o)
 .gnu.attributes
                0x00000130       0x10 c:/program files (x86)/microchip/xc32/v1.42/bin/bin/../../lib/gcc/pic32mx/4.8.3/../../../../pic32mx/lib\libpic32.a(default-bootstrap-exception-handler.o)
 .gnu.attributes
                0x00000140       0x10 c:/program files (x86)/microchip/xc32/v1.42/bin/bin/../../lib/gcc/pic32mx/4.8.3/../../../../pic32mx/lib\libpic32.a(default-on-reset.o)
 .gnu.attributes
                0x00000150       0x10 c:/program files (x86)/microchip/xc32/v1.42/bin/bin/../../lib/gcc/pic32mx/4.8.3/../../../../pic32mx/lib\libpic32.a(default-on-bootstrap.o)
 .gnu.attributes
                0x00000160       0x10 c:/program files (x86)/microchip/xc32/v1.42/bin/bin/../../lib/gcc/pic32mx/4.8.3/../../../../pic32mx/lib\libpic32.a(defaultinterrupt.o)
LOAD c:/program files (x86)/microchip/xc32/v1.42/bin/bin/../../lib/gcc/pic32mx/4.8.3\libgcc.a
START GROUP
LOAD c:/program files (x86)/microchip/xc32/v1.42/bin/bin/../../lib/gcc/pic32mx/4.8.3/../../../../pic32mx/lib\libpic32.a
LOAD c:/program files (x86)/microchip/xc32/v1.42/bin/bin/../../lib/gcc/pic32mx/4.8.3/../../../../pic32mx/lib\libdebug.a
LOAD c:/program files (x86)/microchip/xc32/v1.42/bin/bin/../../lib/gcc/pic32mx/4.8.3/../../../../pic32mx/lib\libpic32.a
LOAD c:/program files (x86)/microchip/xc32/v1.42/bin/bin/../../lib/gcc/pic32mx/4.8.3/../../../../pic32mx/lib\libm.a
LOAD c:/program files (x86)/microchip/xc32/v1.42/bin/bin/../../lib/gcc/pic32mx/4.8.3/../../../../pic32mx/lib\libe.a
LOAD c:/program files (x86)/microchip/xc32/v1.42/bin/bin/../../lib/gcc/pic32mx/4.8.3/../../../../pic32mx/lib\libdsp.a
LOAD c:/program files (x86)/microchip/xc32/v1.42/bin/bin/../../lib/gcc/pic32mx/4.8.3\libgcc.a
LOAD c:/program files (x86)/microchip/xc32/v1.42/bin/bin/../../lib/gcc/pic32mx/4.8.3/../../../../pic32mx/lib\libc.a
LOAD c:/program files (x86)/microchip/xc32/v1.42/bin/bin/../../lib/gcc/pic32mx/4.8.3/../../../../pic32mx/lib\libc.a
LOAD c:/program files (x86)/microchip/xc32/v1.42/bin/bin/../../lib/gcc/pic32mx/4.8.3/../../../../pic32mx/lib\libpic32.a
END GROUP
LOAD c:/program files (x86)/microchip/xc32/v1.42/bin/bin/../../lib/gcc/pic32mx/4.8.3\libgcc.a
OUTPUT(dist/default/production/CamMod.X.production.elf elf32-tradlittlemips)
LOAD stack
LOAD data_init

.reginfo        0x00000000       0x18
 .reginfo       0x00000000       0x18 c:/program files (x86)/microchip/xc32/v1.42/bin/bin/../../lib/gcc/pic32mx/4.8.3/../../../../pic32mx/lib/./proc/32MX170F256B/crt0_mips32r2.o

.stack          0xa0008598      0x400
 .stack         0xa0008598      0x400 stack

.bss            0xa0000660     0x7f18
 .bss           0xa0000660     0x7d00 build/default/production/_ext/1360937237/app.o
 .bss           0xa0008360      0x218 build/default/production/_ext/1255245923/drv_i2c.o

._debug_exception
                0xbfc00480       0x2c
 ._debug_exception
                0xbfc00480       0x2c c:/program files (x86)/microchip/xc32/v1.42/bin/bin/../../lib/gcc/pic32mx/4.8.3/../../../../pic32mx/lib\debug-exception-return.o
                0xbfc00480                __DbgExecReturn

.text.DRV_I2C_Tasks
                0x9d000000      0x9c8
 .text.DRV_I2C_Tasks
                0x9d000000      0x9c8 build/default/production/_ext/1255245923/drv_i2c.o
                0x9d000000                DRV_I2C_Tasks

.text.DRV_I2C_Initialize
                0x9d0009c8      0x34c
 .text.DRV_I2C_Initialize
                0x9d0009c8      0x34c build/default/production/_ext/1255245923/drv_i2c.o
                0x9d0009c8                DRV_I2C_Initialize

.text.SYS_Initialize
                0x9d000d14      0x264
 .text.SYS_Initialize
                0x9d000d14      0x264 build/default/production/_ext/1688732426/system_init.o
                0x9d000d14                SYS_Initialize

.text.APP_Tasks
                0x9d000f78      0x1ec
 .text.APP_Tasks
                0x9d000f78      0x1ec build/default/production/_ext/1360937237/app.o
                0x9d000f78                APP_Tasks

.text.DRV_I2C_Transmit
                0x9d001164      0x1e4
 .text.DRV_I2C_Transmit
                0x9d001164      0x1e4 build/default/production/_ext/1255245923/drv_i2c.o
                0x9d001164                DRV_I2C_Transmit

.text._DRV_I2C_QueueSlotGet
                0x9d001348      0x1d8
 .text._DRV_I2C_QueueSlotGet
                0x9d001348      0x1d8 build/default/production/_ext/1255245923/drv_i2c.o
                0x9d001348                _DRV_I2C_QueueSlotGet

.text._DRV_USART_HardwareSetup
                0x9d001520      0x1cc
 .text._DRV_USART_HardwareSetup
                0x9d001520      0x1cc build/default/production/_ext/116167346/drv_usart.o
                0x9d001520                _DRV_USART_HardwareSetup

.text.DRV_USART_Initialize
                0x9d0016ec      0x1a0
 .text.DRV_USART_Initialize
                0x9d0016ec      0x1a0 build/default/production/_ext/116167346/drv_usart.o
                0x9d0016ec                DRV_USART_Initialize

.text.SYS_DMA_ChannelSetup
                0x9d00188c      0x16c
 .text.SYS_DMA_ChannelSetup
                0x9d00188c      0x16c build/default/production/_ext/1515734680/sys_dma.o
                0x9d00188c                SYS_DMA_ChannelSetup

.text.SYS_DMA_ChannelTransferAdd
                0x9d0019f8      0x15c
 .text.SYS_DMA_ChannelTransferAdd
                0x9d0019f8      0x15c build/default/production/_ext/1515734680/sys_dma.o
                0x9d0019f8                SYS_DMA_ChannelTransferAdd

.text._IntHandlerDrvUsartInstance0
                0x9d001b54      0x150
 .text._IntHandlerDrvUsartInstance0
                0x9d001b54      0x150 build/default/production/_ext/1688732426/system_interrupt.o
                0x9d001b54                _IntHandlerDrvUsartInstance0

.text._IntHandlerExternalInterruptInstance0
                0x9d001ca4      0x140
 .text._IntHandlerExternalInterruptInstance0
                0x9d001ca4      0x140 build/default/production/_ext/1688732426/system_interrupt.o
                0x9d001ca4                _IntHandlerExternalInterruptInstance0

.text._IntHandlerExternalInterruptInstance1
                0x9d001de4      0x140
 .text._IntHandlerExternalInterruptInstance1
                0x9d001de4      0x140 build/default/production/_ext/1688732426/system_interrupt.o
                0x9d001de4                _IntHandlerExternalInterruptInstance1

.text._IntHandlerSysDmaCh0
                0x9d001f24      0x138
 .text._IntHandlerSysDmaCh0
                0x9d001f24      0x138 build/default/production/_ext/1688732426/system_interrupt.o
                0x9d001f24                _IntHandlerSysDmaCh0

.text._IntHandlerDrvI2CInstance0
                0x9d00205c      0x134
 .text._IntHandlerDrvI2CInstance0
                0x9d00205c      0x134 build/default/production/_ext/1688732426/system_interrupt.o
                0x9d00205c                _IntHandlerDrvI2CInstance0

.text.DRV_USART_Open
                0x9d002190      0x12c
 .text.DRV_USART_Open
                0x9d002190      0x12c build/default/production/_ext/116167346/drv_usart.o
                0x9d002190                DRV_USART_Open

.text._IntHandlerCoreSoftwareInterruptInstance0
                0x9d0022bc      0x12c
 .text._IntHandlerCoreSoftwareInterruptInstance0
                0x9d0022bc      0x12c build/default/production/_ext/1688732426/system_interrupt.o
                0x9d0022bc                _IntHandlerCoreSoftwareInterruptInstance0

.rodata         0x9d0023e8      0x128
 .rodata        0x9d0023e8      0x128 build/default/production/_ext/1688732426/system_exceptions.o

.text.SYS_PORTS_Initialize
                0x9d002510      0x10c
 .text.SYS_PORTS_Initialize
                0x9d002510      0x10c build/default/production/_ext/822048611/sys_ports_static.o
                0x9d002510                SYS_PORTS_Initialize

.text.APP_HSYNC_Interrupt_Handler
                0x9d00261c      0x108
 .text.APP_HSYNC_Interrupt_Handler
                0x9d00261c      0x108 build/default/production/_ext/1360937237/app.o
                0x9d00261c                APP_HSYNC_Interrupt_Handler

.text.SYS_DMA_TasksISR
                0x9d002724       0xf8
 .text.SYS_DMA_TasksISR
                0x9d002724       0xf8 build/default/production/_ext/1515734680/sys_dma.o
                0x9d002724                SYS_DMA_TasksISR

.text.general_exception
                0x9d00281c       0xdc
 .text.general_exception
                0x9d00281c       0xdc c:/program files (x86)/microchip/xc32/v1.42/bin/bin/../../lib/gcc/pic32mx/4.8.3/../../../../pic32mx/lib\libpic32.a(general-exception.o)
                0x9d00281c                _general_exception_context

.text.APP_VSYNC_Interrupt_Handler
                0x9d0028f8       0xd0
 .text.APP_VSYNC_Interrupt_Handler
                0x9d0028f8       0xd0 build/default/production/_ext/1360937237/app.o
                0x9d0028f8                APP_VSYNC_Interrupt_Handler

.text.DRV_I2C_Open
                0x9d0029c8       0xcc
 .text.DRV_I2C_Open
                0x9d0029c8       0xcc build/default/production/_ext/1255245923/drv_i2c.o
                0x9d0029c8                DRV_I2C_Open

.text._DRV_I2C_QueuePush
                0x9d002a94       0xbc
 .text._DRV_I2C_QueuePush
                0x9d002a94       0xbc build/default/production/_ext/1255245923/drv_i2c.o
                0x9d002a94                _DRV_I2C_QueuePush

.text.DRV_USART_TasksError
                0x9d002b50       0xbc
 .text.DRV_USART_TasksError
                0x9d002b50       0xbc build/default/production/_ext/116167346/drv_usart.o
                0x9d002b50                DRV_USART_TasksError

.text.Camera_Initialize
                0x9d002c0c       0xb0
 .text.Camera_Initialize
                0x9d002c0c       0xb0 build/default/production/_ext/1360937237/app.o
                0x9d002c0c                Camera_Initialize

.text.DRV_USART_TasksTransmit
                0x9d002cbc       0xa4
 .text.DRV_USART_TasksTransmit
                0x9d002cbc       0xa4 build/default/production/_ext/116167346/drv_usart.o
                0x9d002cbc                DRV_USART_TasksTransmit

.text.DRV_USART_TasksReceive
                0x9d002d60       0xa4
 .text.DRV_USART_TasksReceive
                0x9d002d60       0xa4 build/default/production/_ext/116167346/drv_usart.o
                0x9d002d60                DRV_USART_TasksReceive

.dinit          0x9d002e04       0xa0
 .dinit         0x9d002e04       0xa0 data_init

.text._DRV_I2C_QueuePop
                0x9d002ea4       0x9c
 .text._DRV_I2C_QueuePop
                0x9d002ea4       0x9c build/default/production/_ext/1255245923/drv_i2c.o
                0x9d002ea4                _DRV_I2C_QueuePop

.rodata         0x9d002f40       0x9c
 .rodata        0x9d002f40       0x9c build/default/production/_ext/1688732426/system_init.o
                0x9d002f40                sysDmaInit
                0x9d002f44                sysDevconInit
                0x9d002f48                drvUsart0InitData
                0x9d002f90                drvI2C0InitData

.text.SYS_CLK_Initialize
                0x9d002fdc       0x90
 .text.SYS_CLK_Initialize
                0x9d002fdc       0x90 build/default/production/_ext/639803181/sys_clk_static.o
                0x9d002fdc                SYS_CLK_Initialize

.text._DRV_USART_ByteTransmitTasks
                0x9d00306c       0x88
 .text._DRV_USART_ByteTransmitTasks
                0x9d00306c       0x88 build/default/production/_ext/116167346/drv_usart.o
                0x9d00306c                _DRV_USART_ByteTransmitTasks

.text._IntHandlerExternalInterruptInstance2
                0x9d0030f4       0x88
 .text._IntHandlerExternalInterruptInstance2
                0x9d0030f4       0x88 build/default/production/_ext/1688732426/system_interrupt.o
                0x9d0030f4                _IntHandlerExternalInterruptInstance2

.text._DRV_USART_ByteReceiveTasks
                0x9d00317c       0x70
 .text._DRV_USART_ByteReceiveTasks
                0x9d00317c       0x70 build/default/production/_ext/116167346/drv_usart.o
                0x9d00317c                _DRV_USART_ByteReceiveTasks

.text._DRV_USART_ByteErrorTasks
                0x9d0031ec       0x70
 .text._DRV_USART_ByteErrorTasks
                0x9d0031ec       0x70 build/default/production/_ext/116167346/drv_usart.o
                0x9d0031ec                _DRV_USART_ByteErrorTasks

.text.DRV_USART_WriteByte
                0x9d00325c       0x70
 .text.DRV_USART_WriteByte
                0x9d00325c       0x70 build/default/production/_ext/116167346/drv_usart_byte_model.o
                0x9d00325c                DRV_USART_WriteByte

.text.SYS_DMA_Initialize
                0x9d0032cc       0x6c
 .text.SYS_DMA_Initialize
                0x9d0032cc       0x6c build/default/production/_ext/1515734680/sys_dma.o
                0x9d0032cc                SYS_DMA_Initialize

.text.SYS_DEVCON_PerformanceConfig
                0x9d003338       0x5c
 .text.SYS_DEVCON_PerformanceConfig
                0x9d003338       0x5c build/default/production/_ext/565619703/sys_devcon_pic32mx.o
                0x9d003338                SYS_DEVCON_PerformanceConfig

.text.SYS_DMA_ChannelAllocate
                0x9d003394       0x5c
 .text.SYS_DMA_ChannelAllocate
                0x9d003394       0x5c build/default/production/_ext/1515734680/sys_dma.o
                0x9d003394                SYS_DMA_ChannelAllocate

.text.SYS_DEVCON_SystemUnlock
                0x9d0033f0       0x58
 .text.SYS_DEVCON_SystemUnlock
                0x9d0033f0       0x58 build/default/production/_ext/565619703/sys_devcon.o
                0x9d0033f0                SYS_DEVCON_SystemUnlock

.text.main_entry
                0x9d003448       0x54
 .text.main_entry
                0x9d003448       0x54 c:/program files (x86)/microchip/xc32/v1.42/bin/bin/../../lib/gcc/pic32mx/4.8.3/../../../../pic32mx/lib/./proc/32MX170F256B/crt0_mips32r2.o
                0x9d00347c                __crt0_exit

.text.SYS_INT_SourceDisable
                0x9d00349c       0x54
 .text.SYS_INT_SourceDisable
                0x9d00349c       0x54 build/default/production/_ext/1704461839/sys_int_pic32.o
                0x9d00349c                SYS_INT_SourceDisable

.text.DRV_USART_ReadByte
                0x9d0034f0       0x50
 .text.DRV_USART_ReadByte
                0x9d0034f0       0x50 build/default/production/_ext/116167346/drv_usart_byte_model.o
                0x9d0034f0                DRV_USART_ReadByte

.text.printChar
                0x9d003540       0x4c
 .text.printChar
                0x9d003540       0x4c build/default/production/_ext/1360937237/app.o
                0x9d003540                printChar

.text.SYS_DEVCON_SystemLock
                0x9d00358c       0x48
 .text.SYS_DEVCON_SystemLock
                0x9d00358c       0x48 build/default/production/_ext/565619703/sys_devcon.o
                0x9d00358c                SYS_DEVCON_SystemLock

.text._bootstrap_exception_handler
                0x9d0035d4       0x48
 .text._bootstrap_exception_handler
                0x9d0035d4       0x48 c:/program files (x86)/microchip/xc32/v1.42/bin/bin/../../lib/gcc/pic32mx/4.8.3/../../../../pic32mx/lib\libpic32.a(default-bootstrap-exception-handler.o)
                0x9d0035d4                _bootstrap_exception_handler

.vector_default
                0x9d00361c       0x48
 .vector_default
                0x9d00361c       0x48 c:/program files (x86)/microchip/xc32/v1.42/bin/bin/../../lib/gcc/pic32mx/4.8.3/../../../../pic32mx/lib\libpic32.a(defaultinterrupt.o)
                0x9d00361c                _DefaultInterrupt

.text.DRV_PMP0_ModeConfig
                0x9d003664       0x44
 .text.DRV_PMP0_ModeConfig
                0x9d003664       0x44 build/default/production/_ext/664138601/drv_pmp_static.o
                0x9d003664                DRV_PMP0_ModeConfig

.text           0x9d0036a8       0x44
 .text          0x9d0036a8       0x44 c:/program files (x86)/microchip/xc32/v1.42/bin/bin/../../lib/gcc/pic32mx/4.8.3/../../../../pic32mx/lib\pic32_software_reset.o
                0x9d0036a8                __pic32_software_reset

.text._general_exception_handler
                0x9d0036ec       0x40
 .text._general_exception_handler
                0x9d0036ec       0x40 build/default/production/_ext/1688732426/system_exceptions.o
                0x9d0036ec                _general_exception_handler

.text._DRV_I2C_IsQueueEmpty
                0x9d00372c       0x3c
 .text._DRV_I2C_IsQueueEmpty
                0x9d00372c       0x3c build/default/production/_ext/1255245923/drv_i2c.o
                0x9d00372c                _DRV_I2C_IsQueueEmpty

.text.DRV_USART_ReceiverBufferIsEmpty
                0x9d003768       0x38
 .text.DRV_USART_ReceiverBufferIsEmpty
                0x9d003768       0x38 build/default/production/_ext/116167346/drv_usart_byte_model.o
                0x9d003768                DRV_USART_ReceiverBufferIsEmpty

.text.DRV_USART_TransmitBufferIsFull
                0x9d0037a0       0x34
 .text.DRV_USART_TransmitBufferIsFull
                0x9d0037a0       0x34 build/default/production/_ext/116167346/drv_usart_byte_model.o
                0x9d0037a0                DRV_USART_TransmitBufferIsFull

.text._DRV_I2C_Advance_Queue
                0x9d0037d4       0x30
 .text._DRV_I2C_Advance_Queue
                0x9d0037d4       0x30 build/default/production/_ext/1255245923/drv_i2c.o
                0x9d0037d4                _DRV_I2C_Advance_Queue

.text._DRV_USART_DriverHandleValidate
                0x9d003804       0x28
 .text._DRV_USART_DriverHandleValidate
                0x9d003804       0x28 build/default/production/_ext/116167346/drv_usart.o
                0x9d003804                _DRV_USART_DriverHandleValidate

.text.SYS_INT_ExternalInterruptTriggerSet
                0x9d00382c       0x28
 .text.SYS_INT_ExternalInterruptTriggerSet
                0x9d00382c       0x28 build/default/production/_ext/1704461839/sys_int_pic32.o
                0x9d00382c                SYS_INT_ExternalInterruptTriggerSet

.text.SYS_Tasks
                0x9d003854       0x28
 .text.SYS_Tasks
                0x9d003854       0x28 build/default/production/_ext/1688732426/system_tasks.o
                0x9d003854                SYS_Tasks

.text.delay     0x9d00387c       0x24
 .text.delay    0x9d00387c       0x24 build/default/production/_ext/1360937237/app.o
                0x9d00387c                delay

.text.main      0x9d0038a0       0x20
 .text.main     0x9d0038a0       0x20 build/default/production/_ext/1360937237/main.o
                0x9d0038a0                main

.text.SYS_DMA_ChannelTransferEventHandlerSet
                0x9d0038c0       0x20
 .text.SYS_DMA_ChannelTransferEventHandlerSet
                0x9d0038c0       0x20 build/default/production/_ext/1515734680/sys_dma.o
                0x9d0038c0                SYS_DMA_ChannelTransferEventHandlerSet

.text.DRV_PMP0_Initialize
                0x9d0038e0       0x1c
 .text.DRV_PMP0_Initialize
                0x9d0038e0       0x1c build/default/production/_ext/664138601/drv_pmp_static.o
                0x9d0038e0                DRV_PMP0_Initialize

.text           0x9d0038fc       0x18
 .text          0x9d0038fc       0x18 c:/program files (x86)/microchip/xc32/v1.42/bin/bin/../../lib/gcc/pic32mx/4.8.3/../../../../pic32mx/lib\libpic32.a(default-nmi-handler.o)
                0x9d0038fc                _nmi_handler

.text.initCentroids
                0x9d003914       0x14
 .text.initCentroids
                0x9d003914       0x14 build/default/production/_ext/1078824437/centroid.o
                0x9d003914                initCentroids

.text.SYS_DEVCON_Initialize
                0x9d003928       0x14
 .text.SYS_DEVCON_Initialize
                0x9d003928       0x14 build/default/production/_ext/565619703/sys_devcon.o
                0x9d003928                SYS_DEVCON_Initialize

.text.SYS_INT_Initialize
                0x9d00393c       0x14
 .text.SYS_INT_Initialize
                0x9d00393c       0x14 build/default/production/_ext/1704461839/sys_int_pic32.o
                0x9d00393c                SYS_INT_Initialize

.text.APP_Line_Done_Interrupt_Handler
                0x9d003950       0x10
 .text.APP_Line_Done_Interrupt_Handler
                0x9d003950       0x10 build/default/production/_ext/1360937237/app.o
                0x9d003950                APP_Line_Done_Interrupt_Handler

.text.APP_Initialize
                0x9d003960        0xc
 .text.APP_Initialize
                0x9d003960        0xc build/default/production/_ext/1360937237/app.o
                0x9d003960                APP_Initialize

.text.SYS_CLK_SystemFrequencyGet
                0x9d00396c        0xc
 .text.SYS_CLK_SystemFrequencyGet
                0x9d00396c        0xc build/default/production/_ext/639803181/sys_clk_static.o
                0x9d00396c                SYS_CLK_SystemFrequencyGet

.text.SYS_CLK_PeripheralFrequencyGet
                0x9d003978        0xc
 .text.SYS_CLK_PeripheralFrequencyGet
                0x9d003978        0xc build/default/production/_ext/639803181/sys_clk_static.o
                0x9d003978                SYS_CLK_PeripheralFrequencyGet

.text.App_Frame_Event_Handler
                0x9d003984        0x8
 .text.App_Frame_Event_Handler
                0x9d003984        0x8 build/default/production/_ext/1360937237/app.o

.text.DRV_I2C_TransferStatusGet
                0x9d00398c        0x8
 .text.DRV_I2C_TransferStatusGet
                0x9d00398c        0x8 build/default/production/_ext/1255245923/drv_i2c.o
                0x9d00398c                DRV_I2C_TransferStatusGet

.text.SYS_DEVCON_Tasks
                0x9d003994        0x8
 .text.SYS_DEVCON_Tasks
                0x9d003994        0x8 build/default/production/_ext/565619703/sys_devcon.o
                0x9d003994                SYS_DEVCON_Tasks

.text._on_reset
                0x9d00399c        0x8
 .text._on_reset
                0x9d00399c        0x8 c:/program files (x86)/microchip/xc32/v1.42/bin/bin/../../lib/gcc/pic32mx/4.8.3/../../../../pic32mx/lib\libpic32.a(default-on-reset.o)
                0x9d00399c                _on_reset

.text._on_bootstrap
                0x9d0039a4        0x8
 .text._on_bootstrap
                0x9d0039a4        0x8 c:/program files (x86)/microchip/xc32/v1.42/bin/bin/../../lib/gcc/pic32mx/4.8.3/../../../../pic32mx/lib\libpic32.a(default-on-bootstrap.o)
                0x9d0039a4                _on_bootstrap
